Archive member included to satisfy reference by file (symbol)

C:/devkitPro/libnds/lib\libmm9.a(mm_comms.o)
                              SoundManager.o (mmStart)
C:/devkitPro/libnds/lib\libmm9.a(mm_memory.o)
                              SoundManager.o (mmLoad)
C:/devkitPro/libnds/lib\libmm9.a(mm_main9.o)
                              C:/devkitPro/libnds/lib\libmm9.a(mm_memory.o) (mmcbMemory)
C:/devkitPro/libnds/lib\libmm9.a(mm_soundbank.o)
                              C:/devkitPro/libnds/lib\libmm9.a(mm_main9.o) (mmSoundBankInMemory)
C:/devkitPro/libnds/lib\libmm9.a(mm_flusher.o)
                              C:/devkitPro/libnds/lib\libmm9.a(mm_memory.o) (mmFlushBank)
C:/devkitPro/libnds/lib\libnds9.a(background.o)
                              HardwareManagerInitialization.o (bgInit_call)
C:/devkitPro/libnds/lib\libnds9.a(trig.o)
                              C:/devkitPro/libnds/lib\libnds9.a(background.o) (sinLerp)
C:/devkitPro/libnds/lib\libnds9.a(video.o)
                              HardwareManagerInitialization.o (vramSetMainBanks)
C:/devkitPro/libnds/lib\libnds9.a(touch.o)
                              GameplayScene.o (touchRead)
C:/devkitPro/libnds/lib\libnds9.a(sprite_alloc.o)
                              OamEngine.o (oamAllocateGfx)
C:/devkitPro/libnds/lib\libnds9.a(system.o)
                              HardwareManagerInitialization.o (powerOn)
C:/devkitPro/libnds/lib\libnds9.a(console.o)
                              OamEngine.o (consoleSetFont)
C:/devkitPro/libnds/lib\libnds9.a(sprite.o)
                              HardwareManagerInitialization.o (oamInit)
C:/devkitPro/libnds/lib\libnds9.a(keys.o)
                              Scene.o (scanKeys)
C:/devkitPro/libnds/lib\libnds9.a(initSystem.o)
                              C:/devkitPro/devkitARM/bin/../lib/gcc/arm-none-eabi/13.1.0/../../../../arm-none-eabi/lib/ds_arm9_crt0.o (initSystem)
C:/devkitPro/libnds/lib\libnds9.a(securearea.o)
                              C:/devkitPro/devkitARM/bin/../lib/gcc/arm-none-eabi/13.1.0/../../../../arm-none-eabi/lib/ds_arm9_crt0.o (__secure_area__)
C:/devkitPro/libnds/lib\libnds9.a(timers.o)
                              HardwareManagerInitialization.o (cpuStartTiming)
C:/devkitPro/libnds/lib\libnds9.a(interrupts.o)
                              C:/devkitPro/libnds/lib\libnds9.a(timers.o) (irqSet)
C:/devkitPro/libnds/lib\libnds9.a(libnds_exit.arm.o)
                              C:/devkitPro/devkitARM/bin/../lib/gcc/arm-none-eabi/13.1.0/../../../../arm-none-eabi/lib/ds_arm9_crt0.o (__libnds_exit)
C:/devkitPro/libnds/lib\libnds9.a(fifosystem.o)
                              C:/devkitPro/libnds/lib\libmm9.a(mm_comms.o) (fifoSetValue32Handler)
C:/devkitPro/libnds/lib\libnds9.a(dcache.o)
                              OamEngine.o (DC_FlushAll)
C:/devkitPro/libnds/lib\libnds9.a(mpu_setup.o)
                              C:/devkitPro/devkitARM/bin/../lib/gcc/arm-none-eabi/13.1.0/../../../../arm-none-eabi/lib/ds_arm9_crt0.o (__libnds_mpu_setup)
C:/devkitPro/libnds/lib\libnds9.a(IntrWait.o)
                              HardwareManagerUtilities.o (swiWaitForVBlank)
C:/devkitPro/libnds/lib\libnds9.a(cpu_clock.o)
                              C:/devkitPro/libnds/lib\libnds9.a(initSystem.o) (setCpuClock)
C:/devkitPro/libnds/lib\libnds9.a(interruptDispatcher.o)
                              C:/devkitPro/libnds/lib\libnds9.a(interrupts.o) (IntrMain)
C:/devkitPro/libnds/lib\libnds9.a(biosCalls.o)
                              C:/devkitPro/libnds/lib\libnds9.a(system.o) (swiDelay)
C:/devkitPro/libnds/lib\libnds9.a(debugprint.o)
                              C:/devkitPro/libnds/lib\libnds9.a(console.o) (nocashWrite)
C:/devkitPro/libnds/lib\libnds9.a(swiSoftReset.o)
                              C:/devkitPro/libnds/lib\libnds9.a(fifosystem.o) (swiSoftReset)
C:/devkitPro/libnds/lib\libnds9.a(default_font.bin.o)
                              C:/devkitPro/libnds/lib\libnds9.a(console.o) (default_font_bin)
C:/devkitPro/devkitARM/bin/../lib/gcc/arm-none-eabi/13.1.0/../../../../arm-none-eabi/lib\libstdc++.a(del_ops.o)
                              AnimatedEntity.o (operator delete(void*, unsigned int))
C:/devkitPro/devkitARM/bin/../lib/gcc/arm-none-eabi/13.1.0/../../../../arm-none-eabi/lib\libstdc++.a(new_op.o)
                              Balloon.o (operator new(unsigned int))
C:/devkitPro/devkitARM/bin/../lib/gcc/arm-none-eabi/13.1.0/../../../../arm-none-eabi/lib\libstdc++.a(tree.o)
                              AnimatedEntity.o (std::_Rb_tree_increment(std::_Rb_tree_node_base*))
C:/devkitPro/devkitARM/bin/../lib/gcc/arm-none-eabi/13.1.0/../../../../arm-none-eabi/lib\libstdc++.a(functexcept.o)
                              Animation.o (std::__throw_bad_array_new_length())
C:/devkitPro/devkitARM/bin/../lib/gcc/arm-none-eabi/13.1.0/../../../../arm-none-eabi/lib\libstdc++.a(functional.o)
                              Animation.o (std::__throw_bad_function_call())
[...]
Memory Configuration

Name             Origin             Length             Attributes
ewram            0x02000000         0x00380000
dtcm             0x02ff0000         0x00004000
vectors          0x01000000         0x00000100
itcm             0x01000100         0x00007f00
*default*        0x00000000         0xffffffff

Linker script and memory map

                0x02380000                        __ewram_end = (ORIGIN (ewram) + LENGTH (ewram))
                0x02380000                        __eheap_end = (ORIGIN (ewram) + LENGTH (ewram))
                0x02ff4000                        __dtcm_top = (ORIGIN (dtcm) + LENGTH (dtcm))
                0x02ff3ff8                        __irq_flags = (__dtcm_top - 0x8)
                0x02ff3ffc                        __irq_vector = (__dtcm_top - 0x4)
                0x02ff3f00                        __sp_svc = (__dtcm_top - 0x100)
                0x02ff3e00                        __sp_irq = (__sp_svc - 0x100)
                0x02ff3d00                        __sp_usr = (__sp_irq - 0x100)

.secure         0x02000000      0x800
 *(.secure)
 .secure        0x02000000      0x800 C:/devkitPro/libnds/lib\libnds9.a(securearea.o)
                0x02000000                __secure_area__

.crt0           0x02000800      0x300
                0x02000800                        __text_start = .
 *(.crt0)
 .crt0          0x02000800      0x300 C:/devkitPro/devkitARM/bin/../lib/gcc/arm-none-eabi/13.1.0/../../../../arm-none-eabi/lib/ds_arm9_crt0.o
                0x02000800                _start
                0x02000b00                        . = ALIGN (0x4)

.plt
 *(.plt)

.init           0x02000b00       0x18
 *(SORT_NONE(.init))
 .init          0x02000b00        0xc C:/devkitPro/devkitARM/bin/../lib/gcc/arm-none-eabi/13.1.0/crti.o
                0x02000b00                _init
 .init          0x02000b0c        0xc C:/devkitPro/devkitARM/bin/../lib/gcc/arm-none-eabi/13.1.0/crtn.o

.text           0x02000b18    0x24030
 *(EXCLUDE_FILE(*.twl* *.vectors* *.itcm*) .text)
 .text          0x02000b18      0x5e0 Balloon.o
                0x02000b18                Balloon::Balloon()
                0x02000b18                Balloon::Balloon()
                0x02000b2c                Balloon::Balloon(SpriteSize, char const*, float, int, int, int, int, GameManager*)
                0x02000b2c                Balloon::Balloon(SpriteSize, char const*, float, int, int, int, int, GameManager*)
                0x02000c5c                Balloon::Init()
                0x02000c6c                Balloon::Update()
                0x02000e18                Balloon::Move()
                0x02000e2c                Balloon::ApplyGravity()
                0x02000e4c                Balloon::CheckCollision(Vector2*)
                0x02000f54                Balloon::OnBurst()
                0x02000f8c                Balloon::Respawn()
                0x02001008                Balloon::SetPositionToRandomPoint()
                0x02001070                Balloon::RemoveLife()
 .text          0x020010f8      0x154 GameManager.o
                0x020010f8                GameManager::GameManager(int, SceneManager*, float)
                0x020010f8                GameManager::GameManager(int, SceneManager*, float)
                0x0200111c                GameManager::AddToScore(int)
                0x0200112c                GameManager::GetScore()
                0x02001134                GameManager::GetHighScore()
                0x0200113c                GameManager::GetCurrentLife()
                0x02001144                GameManager::RemoveLife()
                0x020011b4                GameManager::ResetGameplayData()
                0x020011e4                GameManager::GetDifficultFactor()
 .text          0x0200124c      0x710 AnimatedEntity.o
                0x02001500                AnimatedEntity::AnimatedEntity()
                0x02001500                AnimatedEntity::AnimatedEntity()
                0x02001530                AnimatedEntity::AnimatedEntity(Vector2*, SpriteSize, char const*, int, int)
                0x02001530                AnimatedEntity::AnimatedEntity(Vector2*, SpriteSize, char const*, int, int)
                0x0200157c                AnimatedEntity::AddAnimation(char const*, Animation*)
                0x02001848                AnimatedEntity::UpdateAnimation()
                0x020018c8                AnimatedEntity::ChangeAnimationTo(char const*)
                0x02001954                AnimatedEntity::GetCurrentAnimation()
 .text          0x0200195c      0x428 Animation.o
                0x0200195c                Animation::Animation(float, int, std::function<void (void*)>, bool, std::vector<void*, std::allocator<void*> >)
                0x0200195c                Animation::Animation(float, int, std::function<void (void*)>, bool, std::vector<void*, std::allocator<void*> >)
                0x02001b90                Animation::Start()
                0x02001ba0                Animation::Update()
                0x02001c74                Animation::IsTimeToChangeFrame()
                0x02001ca8                Animation::ChangeFrame()
                0x02001d00                Animation::ResetCurrentFrame()
                0x02001d24                Animation::FinishAnimation()
                0x02001d3c                Animation::ChangeSpriteOnEntity()
                0x02001d7c                Animation::GetFinishedExecution()
 .text          0x02001d84      0x1ec Entity.o
                0x02001d84                Entity::Entity()
                0x02001d84                Entity::Entity()
                0x02001d88                Entity::Entity(Vector2*, SpriteSize, int, int)
                0x02001d88                Entity::Entity(Vector2*, SpriteSize, int, int)
                0x02001da4                Entity::Init(int, OamState*)
                0x02001db0                Entity::Render(bool, bool)
                0x02001eb8                Entity::IsOutOfScreen()
                0x02001f48                Entity::GetSpriteAddress()
                0x02001f50                Entity::GetOamID()
                0x02001f58                Entity::GetSpriteSize()
                0x02001f60                Entity::ChangePalleteTo(int)
                0x02001f68                Entity::SetSpriteAddressTo(void*)
 .text          0x02001f70      0xbac OamEngine.o
                0x02002440                OamEngine::OamEngine(Screen)
                0x02002440                OamEngine::OamEngine(Screen)
                0x02002500                OamEngine::InitOam()
                0x02002510                OamEngine::SetPrintConsole()
                0x02002570                OamEngine::SetBackgroundTo(unsigned int const*, unsigned long)
                0x0200259c                OamEngine::SetTextFont(void*, void*, unsigned short)
                0x020025e0                OamEngine::AddPallete(void const*, char const*)
                0x02002720                OamEngine::GetPallete(char const*)
                0x02002824                OamEngine::InitEntity(Entity*)
                0x02002850                OamEngine::GetAvailableOamIndex()
                0x02002874                OamEngine::GetAvailablePalleteIndex()
                0x02002898                OamEngine::CopyGraphicsOnMemory(void const*, void*, SpriteSize)
                0x020028d4                OamEngine::UpdateOam()
                0x020028dc                OamEngine::AddSprite(char const*, void const*, SpriteSize)
                0x02002a18                OamEngine::GetSprite(char const*)
 .text          0x02002b1c       0x38 SoundManager.o
                0x02002b1c                SoundManager::PlaySFX(int)
                0x02002b34                SoundManager::PlaySong(int)
                0x02002b50                SoundManager::StopCurrentSong()
 .text          0x02002b54      0x338 Vector2Methods.o
                0x02002b54                Vector2::Vector2()
                0x02002b54                Vector2::Vector2()
                0x02002b58                Vector2::Vector2(float, float)
                0x02002b58                Vector2::Vector2(float, float)
                0x02002b64                Vector2::Lerp(Vector2*, Vector2*, float)
                0x02002bc4                Vector2::DistanceTo(Vector2)
                0x02002c64                Vector2::GetMagnitude()
                0x02002ce0                Vector2::SetMagnitudeTo(float)
                0x02002d94                Vector2::Normalize()
                0x02002e10                Vector2::GetAngleRadians()
                0x02002e48                Vector2::GetAngleDegrees()
 .text          0x02002e8c      0x360 Vector2Operators.o
                0x02002e8c                Vector2::operator+(Vector2 const&)
                0x02002ed4                Vector2::operator-(Vector2 const&)
                0x02002f1c                Vector2::operator*(float const&)
                0x02002f64                Vector2::operator/(float const&)
                0x02002fac                Vector2::operator+=(Vector2 const&)
                0x0200301c                Vector2::operator-=(Vector2 const&)
                0x0200308c                Vector2::operator*=(float const&)
                0x020030fc                Vector2::operator/=(float const&)
                0x0200316c                Vector2::operator==(Vector2 const&)
                0x020031ac                Vector2::operator!=(Vector2 const&)
 .text          0x020031ec      0x1f0 HardwareManagerInitialization.o
                0x020031ec                HardwareManager::PowerOnConsole()
                0x020031f8                HardwareManager::InitAudio()
                0x02003204                HardwareManager::InitVideo()
                0x02003284                HardwareManager::SetVRAM()
                0x020032b0                HardwareManager::SetBackgrounds()
                0x02003330                HardwareManager::InitAndSetEverything()
                0x020033d4                HardwareManager::StartMillisecondsTimer()
 .text          0x020033dc       0xb8 HardwareManagerUtilities.o
                0x020033dc                HardwareManager::GetCurrentMilliseconds()
                0x0200345c                HardwareManager::WaitForNextFrame()
                0x02003460                HardwareManager::ClearScreens()
 .text          0x02003494      0x584 GameOverScene.o
                0x02003494                GameOverScene::GameLoop()
                0x02003550                GameOverScene::GameOverScene(OamEngine*, OamEngine*, SceneManager*)
                0x02003550                GameOverScene::GameOverScene(OamEngine*, OamEngine*, SceneManager*)
                0x020039e8                GameOverScene::Load()
                0x020039ec                GameOverScene::InputLoop()
 .text          0x02003a18     0x1d6c GameplayScene.o
                0x02004008                GameplayScene::GameLoop()
                0x020044b8                GameplayScene::GameplayScene(OamEngine*, OamEngine*, GameManager*)
                0x020044b8                GameplayScene::GameplayScene(OamEngine*, OamEngine*, GameManager*)
                0x020056f4                GameplayScene::Load()
                0x02005724                GameplayScene::InputLoop()
 .text          0x02005784      0x56c NewRecordScene.o
                0x02005784                NewRecordScene::GameLoop()
                0x02005840                NewRecordScene::NewRecordScene(OamEngine*, OamEngine*, SceneManager*)
                0x02005840                NewRecordScene::NewRecordScene(OamEngine*, OamEngine*, SceneManager*)
                0x02005cc0                NewRecordScene::Load()
                0x02005cc4                NewRecordScene::InputLoop()
 .text          0x02005cf0       0x7c Scene.o
                0x02005cf0                Scene::GameLoop()
                0x02005cf4                Scene::Load()
                0x02005d3c                Scene::InputLoop()
                0x02005d40                Scene::Scene(OamEngine*, OamEngine*)
                0x02005d40                Scene::Scene(OamEngine*, OamEngine*)
                0x02005d54                Scene::SetMainBackgroundTo(unsigned int const*, unsigned long)
                0x02005d60                Scene::SetSubBackgroundTo(unsigned int const*, unsigned long)
 .text          0x02005d6c      0x708 SceneManager.o
                0x02006020                SceneManager::GetCurrentScene()
                0x02006098                SceneManager::GetScene(char const*)
                0x0200611c                SceneManager::AddScene(char const*, Scene*)
                0x020063e0                SceneManager::ChangeSceneTo(char const*)
 .text          0x02006474      0x8c0 TitleScreenScene.o
                0x020064c4                TitleScreenScene::UpdateSplashScreen()
                0x0200660c                TitleScreenScene::GameLoop()
                0x02006768                TitleScreenScene::TitleScreenScene(OamEngine*, OamEngine*, SceneManager*)
                0x02006768                TitleScreenScene::TitleScreenScene(OamEngine*, OamEngine*, SceneManager*)
                0x02006cdc                TitleScreenScene::Load()
                0x02006cfc                TitleScreenScene::InputLoop()
 .text          0x02006d34      0x24c C:/devkitPro/libnds/lib\libmm9.a(mm_comms.o)
                0x02006d34                mmSetupComms
                0x02006d86                mmSendBank
                0x02006d90                mmLockChannels
                0x02006d96                mmUnlockChannels
                0x02006d9c                mmStart
                0x02006da6                mmPause
                0x02006daa                mmResume
                0x02006dae                mmStop
                0x02006db2                mmPosition
                0x02006db6                mmJingle
                0x02006dba                mmSetModuleVolume
                0x02006dbe                mmSetJingleVolume
                0x02006dc2                mmSetModuleTempo
                0x02006dc6                mmSetModulePitch
                0x02006dca                mmSetEffectsVolume
                0x02006dce                mmSelectMode
                0x02006dd2                mmStreamBegin
                0x02006de6                mmStreamEnd
                0x02006e3c                mmEffect
                0x02006e60                mmEffectVolume
                0x02006e64                mmEffectPanning
                0x02006e68                mmEffectRate
                0x02006e72                mmEffectScaleRate
                0x02006e7c                mmEffectRelease
                0x02006e82                mmEffectCancel
                0x02006e88                mmEffectEx
                0x02006ec6                mmEffectCancelAll
                0x02006eca                mmReverbEnable
                0x02006ece                mmReverbDisable
                0x02006ed2                mmReverbConfigure
                0x02006f2e                mmReverbStart
                0x02006f32                mmReverbStop
 .text          0x02006f80      0x120 C:/devkitPro/libnds/lib\libmm9.a(mm_memory.o)
                0x02006f80                mmLoad
                0x02006fd0                mmUnload
                0x02007028                mmLoadEffect
                0x02007060                mmUnloadEffect
 .text          0x020070a0      0x108 C:/devkitPro/libnds/lib\libmm9.a(mm_main9.o)
                0x020070a0                mmActive
                0x020070a6                mmSetEventHandler
                0x020070ac                mmInit
                0x020070d6                mmInitDefault
                0x02007120                mmInitDefaultMem
                0x02007142                mmSuspendIRQ_t
                0x02007160                mmRestoreIRQ_t
 .text          0x020071a8      0x100 C:/devkitPro/libnds/lib\libmm9.a(mm_soundbank.o)
                0x020071a8                mmSoundBankInMemory
                0x020071b0                mmSoundBankInFiles
                0x020071c2                mmSetCustomSoundBankHandler
                0x020071ee                mmsHandleFileOp
 .text          0x020072a8       0x3c C:/devkitPro/libnds/lib\libmm9.a(mm_flusher.o)
                0x020072a8                mmFlushBank
 .text          0x020072e4      0x148 C:/devkitPro/devkitARM/bin/../lib/gcc/arm-none-eabi/13.1.0\libgcc.a(_divsi3.o)
                0x020072e4                __divsi3
                0x020072e4                __aeabi_idiv
                0x0200740c                __aeabi_idivmod
 .text          0x0200742c        0x4 C:/devkitPro/devkitARM/bin/../lib/gcc/arm-none-eabi/13.1.0\libgcc.a(_dvmd_tls.o)
                0x0200742c                __aeabi_idiv0
                0x0200742c                __aeabi_ldiv0
 .text          0x02007430      0x424 C:/devkitPro/devkitARM/bin/../lib/gcc/arm-none-eabi/13.1.0\libgcc.a(_arm_addsubdf3.o)
                0x02007430                __aeabi_drsub
                0x02007438                __aeabi_dsub
                0x02007438                __subdf3
                0x0200743c                __aeabi_dadd
                0x0200743c                __adddf3
                0x0200774c                __floatunsidf
                0x0200774c                __aeabi_ui2d
                0x02007770                __floatsidf
                0x02007770                __aeabi_i2d
                0x02007798                __aeabi_f2d
                0x02007798                __extendsfdf2
                0x020077e0                __floatundidf
                0x020077e0                __aeabi_ul2d
                0x020077f4                __floatdidf
                0x020077f4                __aeabi_l2d
 .text          0x02007854      0x49c C:/devkitPro/devkitARM/bin/../lib/gcc/arm-none-eabi/13.1.0\libgcc.a(_arm_muldivdf3.o)
                0x02007854                __aeabi_dmul
                0x02007854                __muldf3
                0x02007ae4                __divdf3
                0x02007ae4                __aeabi_ddiv
 .text          0x02007cf0      0x144 C:/devkitPro/devkitARM/bin/../lib/gcc/arm-none-eabi/13.1.0\libgcc.a(_arm_cmpdf2.o)
                0x02007cf0                __gtdf2
                0x02007cf0                __gedf2
                0x02007cf8                __ltdf2
                0x02007cf8                __ledf2
                0x02007d00                __nedf2
                0x02007d00                __eqdf2
                0x02007d00                __cmpdf2
                0x02007d88                __aeabi_cdrcmple
                0x02007da4                __aeabi_cdcmpeq
                0x02007da4                __aeabi_cdcmple
                0x02007dbc                __aeabi_dcmpeq
                0x02007dd4                __aeabi_dcmplt
                0x02007dec                __aeabi_dcmple
                0x02007e04                __aeabi_dcmpge
                0x02007e1c                __aeabi_dcmpgt
 .text          0x02007e34       0x38 C:/devkitPro/devkitARM/bin/../lib/gcc/arm-none-eabi/13.1.0\libgcc.a(_arm_unorddf2.o)
                0x02007e34                __unorddf2
                0x02007e34                __aeabi_dcmpun
 .text          0x02007e6c       0x5c C:/devkitPro/devkitARM/bin/../lib/gcc/arm-none-eabi/13.1.0\libgcc.a(_arm_fixdfsi.o)
                0x02007e6c                __aeabi_d2iz
                0x02007e6c                __fixdfsi
 .text          0x02007ec8       0xa0 C:/devkitPro/devkitARM/bin/../lib/gcc/arm-none-eabi/13.1.0\libgcc.a(_arm_truncdfsf2.o)
                0x02007ec8                __truncdfsf2
                0x02007ec8                __aeabi_d2f
 .text          0x02007f68      0x2ac C:/devkitPro/devkitARM/bin/../lib/gcc/arm-none-eabi/13.1.0\libgcc.a(_arm_addsubsf3.o)
                0x02007f68                __aeabi_frsub
                0x02007f70                __subsf3
                0x02007f70                __aeabi_fsub
                0x02007f74                __aeabi_fadd
                0x02007f74                __addsf3
                0x02008130                __aeabi_ui2f
                0x02008130                __floatunsisf
                0x02008138                __aeabi_i2f
                0x02008138                __floatsisf
                0x02008158                __aeabi_ul2f
                0x02008158                __floatundisf
                0x02008168                __aeabi_l2f
                0x02008168                __floatdisf
 .text          0x02008214      0x2f8 C:/devkitPro/devkitARM/bin/../lib/gcc/arm-none-eabi/13.1.0\libgcc.a(_arm_muldivsf3.o)
                0x02008214                __mulsf3
                0x02008214                __aeabi_fmul
                0x020083ac                __aeabi_fdiv
                0x020083ac                __divsf3
 .text          0x0200850c      0x114 C:/devkitPro/devkitARM/bin/../lib/gcc/arm-none-eabi/13.1.0\libgcc.a(_arm_cmpsf2.o)
                0x0200850c                __gesf2
                0x0200850c                __gtsf2
                0x02008514                __lesf2
                0x02008514                __ltsf2
                0x0200851c                __nesf2
                0x0200851c                __eqsf2
                0x0200851c                __cmpsf2
                0x02008580                __aeabi_cfrcmple
                0x02008590                __aeabi_cfcmpeq
                0x02008590                __aeabi_cfcmple
                0x020085a8                __aeabi_fcmpeq
                0x020085c0                __aeabi_fcmplt
                0x020085d8                __aeabi_fcmple
                0x020085f0                __aeabi_fcmpge
                0x02008608                __aeabi_fcmpgt
 .text          0x02008620       0x5c C:/devkitPro/devkitARM/bin/../lib/gcc/arm-none-eabi/13.1.0\libgcc.a(_arm_fixsfsi.o)
                0x02008620                __aeabi_f2iz
                0x02008620                __fixsfsi
 .text          0x0200867c      0x1b0 C:/devkitPro/devkitARM/bin/../lib/gcc/arm-none-eabi/13.1.0\libgcc.a(libunwind.o)
                0x0200867c                __restore_core_regs
                0x0200867c                restore_core_regs
                0x02008698                __gnu_Unwind_Restore_VFP
                0x020086a0                __gnu_Unwind_Save_VFP
                0x020086a8                __gnu_Unwind_Restore_VFP_D
                0x020086b0                __gnu_Unwind_Save_VFP_D
                0x020086b8                __gnu_Unwind_Restore_VFP_D_16_to_31
                0x020086c0                __gnu_Unwind_Save_VFP_D_16_to_31
                0x020086c8                __gnu_Unwind_Restore_WMMXD
                0x0200870c                __gnu_Unwind_Save_WMMXD
                0x02008750                __gnu_Unwind_Restore_WMMXC
                0x02008764                __gnu_Unwind_Save_WMMXC
                0x02008778                ___Unwind_RaiseException
                0x02008778                _Unwind_RaiseException
                0x0200879c                _Unwind_Resume
                0x0200879c                ___Unwind_Resume
                0x020087c0                _Unwind_Resume_or_Rethrow
                0x020087c0                ___Unwind_Resume_or_Rethrow
                0x020087e4                _Unwind_ForcedUnwind
                0x020087e4                ___Unwind_ForcedUnwind
                0x02008808                ___Unwind_Backtrace
                0x02008808                _Unwind_Backtrace
 .text          0x0200882c      0x224 C:/devkitPro/devkitARM/bin/../lib/gcc/arm-none-eabi/13.1.0/../../../../arm-none-eabi/lib\libg.a(libc_a-strcmp.o)
                0x0200882c                strcmp
 .text          0x02008a50      0x114 C:/devkitPro/devkitARM/bin/../lib/gcc/arm-none-eabi/13.1.0\libgcc.a(_udivsi3.o)
                0x02008a50                __aeabi_uidiv
                0x02008a50                __udivsi3
                0x02008b44                __aeabi_uidivmod
 .text          0x02008b64       0x3c C:/devkitPro/devkitARM/bin/../lib/gcc/arm-none-eabi/13.1.0\libgcc.a(_aeabi_uldivmod.o)
                0x02008b64                __aeabi_uldivmod
 .text          0x02008ba0       0x28 C:/devkitPro/devkitARM/bin/../lib/gcc/arm-none-eabi/13.1.0\libgcc.a(_clzdi2.o)
                0x02008ba0                __clzdi2
 .text          0x02008bc8       0x48 C:/devkitPro/devkitARM/bin/../lib/gcc/arm-none-eabi/13.1.0\libgcc.a(_clzsi2.o)
                0x02008bc8                __clzsi2
 *(EXCLUDE_FILE(*.twl* *.vectors* *.itcm*) .stub)
 *(EXCLUDE_FILE(*.twl* *.vectors* *.itcm*) .text.*)
 .text.__do_global_dtors_aux
                0x02008c10       0x40 C:/devkitPro/devkitARM/bin/../lib/gcc/arm-none-eabi/13.1.0/crtbegin.o
 .text.frame_dummy
                0x02008c50       0x30 C:/devkitPro/devkitARM/bin/../lib/gcc/arm-none-eabi/13.1.0/crtbegin.o
 .text.startup  0x02008c80      0x1f4 main.o
                0x02008c80                main
 .text._ZNSt6vectorIPvSaIS0_EE17_M_realloc_insertIJS0_EEEvN9__gnu_cxx17__normal_iteratorIPS0_S2_EEDpOT_
                0x02008e74      0x150 GameplayScene.o
                0x02008e74                void std::vector<void*, std::allocator<void*> >::_M_realloc_insert<void*>(__gnu_cxx::__normal_iterator<void**, std::vector<void*, std::allocator<void*> > >, void*&&)
 .text._ZNSt6vectorIPvSaIS0_EE14_M_insert_rvalEN9__gnu_cxx17__normal_iteratorIPKS0_S2_EEOS0_
                0x02008fc4       0x98 GameplayScene.o
                0x02008fc4                std::vector<void*, std::allocator<void*> >::_M_insert_rval(__gnu_cxx::__normal_iterator<void* const*, std::vector<void*, std::allocator<void*> > >, void*&&)
 .text.checkIfText
                0x0200905c       0x5c C:/devkitPro/libnds/lib\libnds9.a(background.o)
                0x0200905c                checkIfText
 .text.bgUpdate
                0x020090b8       0xf4 C:/devkitPro/libnds/lib\libnds9.a(background.o)
                0x020090b8                bgUpdate
 .text.bgInit_call
                0x020091ac       0xc4 C:/devkitPro/libnds/lib\libnds9.a(background.o)
                0x020091ac                bgInit_call
 .text.bgInitSub_call
                0x02009270       0xcc C:/devkitPro/libnds/lib\libnds9.a(background.o)
                0x02009270                bgInitSub_call
 .text.sinLutLookup
                0x0200933c       0x4c C:/devkitPro/libnds/lib\libnds9.a(trig.o)
                0x0200933c                sinLutLookup
 .text.sinLerp  0x02009388       0x40 C:/devkitPro/libnds/lib\libnds9.a(trig.o)
                0x02009388                sinLerp
 .text.cosLerp  0x020093c8       0x4c C:/devkitPro/libnds/lib\libnds9.a(trig.o)
                0x020093c8                cosLerp
 .text.vramSetMainBanks
                0x02009414       0x44 C:/devkitPro/libnds/lib\libnds9.a(video.o)
                0x02009414                vramSetMainBanks
 .text.vramDefault
                0x02009458       0xd0 C:/devkitPro/libnds/lib\libnds9.a(video.o)
                0x02009458                vramDefault
 .text.touchRead
                0x02009528       0x24 C:/devkitPro/libnds/lib\libnds9.a(touch.o)
                0x02009528                touchRead
 .text.oamAllocReset
                0x0200954c       0x1c C:/devkitPro/libnds/lib\libnds9.a(sprite_alloc.o)
                0x0200954c                oamAllocReset
 .text.oamAllocateGfx
                0x02009568      0x50c C:/devkitPro/libnds/lib\libnds9.a(sprite_alloc.o)
                0x02009568                oamAllocateGfx
 .text.systemValueHandler
                0x02009a74       0x48 C:/devkitPro/libnds/lib\libnds9.a(system.o)
                0x02009a74                systemValueHandler
 .text.systemMsgHandler
                0x02009abc       0x60 C:/devkitPro/libnds/lib\libnds9.a(system.o)
                0x02009abc                systemMsgHandler
 .text.powerOn  0x02009b1c       0x2c C:/devkitPro/libnds/lib\libnds9.a(system.o)
                0x02009b1c                powerOn
 .text.newRow   0x02009b48       0xa8 C:/devkitPro/libnds/lib\libnds9.a(console.o)
 .text.consolePrintChar
                0x02009bf0       0xe0 C:/devkitPro/libnds/lib\libnds9.a(console.o)
                0x02009bf0                consolePrintChar
 .text.con_write
                0x02009cd0      0x36c C:/devkitPro/libnds/lib\libnds9.a(console.o)
                0x02009cd0                con_write
 .text.consoleLoadFont
                0x0200a03c      0x2a0 C:/devkitPro/libnds/lib\libnds9.a(console.o)
                0x0200a03c                consoleLoadFont
 .text.consoleSetFont
                0x0200a2dc       0x20 C:/devkitPro/libnds/lib\libnds9.a(console.o)
                0x0200a2dc                consoleSetFont
 .text.consoleInit
                0x0200a2fc      0x18c C:/devkitPro/libnds/lib\libnds9.a(console.o)
                0x0200a2fc                consoleInit
 .text.consoleClear
                0x0200a488       0x10 C:/devkitPro/libnds/lib\libnds9.a(console.o)
                0x0200a488                consoleClear
 .text.oamInit  0x0200a498      0x114 C:/devkitPro/libnds/lib\libnds9.a(sprite.o)
                0x0200a498                oamInit
 .text.oamGetGfxPtr
                0x0200a5ac       0x38 C:/devkitPro/libnds/lib\libnds9.a(sprite.o)
                0x0200a5ac                oamGetGfxPtr
 .text.oamClear
                0x0200a5e4       0x24 C:/devkitPro/libnds/lib\libnds9.a(sprite.o)
                0x0200a5e4                oamClear
 .text.oamGfxPtrToOffset
                0x0200a608       0x34 C:/devkitPro/libnds/lib\libnds9.a(sprite.o)
                0x0200a608                oamGfxPtrToOffset
 .text.oamSet   0x0200a63c      0x104 C:/devkitPro/libnds/lib\libnds9.a(sprite.o)
                0x0200a63c                oamSet
 .text.oamUpdate
                0x0200a740       0x60 C:/devkitPro/libnds/lib\libnds9.a(sprite.o)
                0x0200a740                oamUpdate
 .text.scanKeys
                0x0200a7a0       0x8c C:/devkitPro/libnds/lib\libnds9.a(keys.o)
                0x0200a7a0                scanKeys
 .text.keysDown
                0x0200a82c       0x14 C:/devkitPro/libnds/lib\libnds9.a(keys.o)
                0x0200a82c                keysDown
 .text.__syscall_gettod_r
                0x0200a840       0x28 C:/devkitPro/libnds/lib\libnds9.a(initSystem.o)
                0x0200a840                __syscall_gettod_r
 .text.__syscall_exit
                0x0200a868        0x8 C:/devkitPro/libnds/lib\libnds9.a(initSystem.o)
                0x0200a868                __syscall_exit
 .text.initSystem
                0x0200a870      0x180 C:/devkitPro/libnds/lib\libnds9.a(initSystem.o)
                0x0200a870                initSystem
 .text.cpuStartTiming
                0x0200a9f0       0x3c C:/devkitPro/libnds/lib\libnds9.a(timers.o)
                0x0200a9f0                cpuStartTiming
 .text.cpuGetTiming
                0x0200aa2c       0x38 C:/devkitPro/libnds/lib\libnds9.a(timers.o)
                0x0200aa2c                cpuGetTiming
 .text.irqDummy
                0x0200aa64        0x4 C:/devkitPro/libnds/lib\libnds9.a(interrupts.o)
                0x0200aa64                irqDummy
 .text.irqSet   0x0200aa68       0x6c C:/devkitPro/libnds/lib\libnds9.a(interrupts.o)
                0x0200aa68                irqSet
 .text.irqInit  0x0200aad4       0x50 C:/devkitPro/libnds/lib\libnds9.a(interrupts.o)
                0x0200aad4                irqInit
 .text.irqEnable
                0x0200ab24       0x64 C:/devkitPro/libnds/lib\libnds9.a(interrupts.o)
                0x0200ab24                irqEnable
 .text.systemErrorExit
                0x0200ab88        0x4 C:/devkitPro/libnds/lib\libnds9.a(libnds_exit.arm.o)
                0x0200ab88                systemErrorExit
 .text.__libnds_exit
                0x0200ab8c       0x5c C:/devkitPro/libnds/lib\libnds9.a(libnds_exit.arm.o)
                0x0200ab8c                __libnds_exit
 .text.fifo_queueBlock
                0x0200abe8       0x44 C:/devkitPro/libnds/lib\libnds9.a(fifosystem.o)
 .text.fifo_waitBlock
                0x0200ac2c       0x80 C:/devkitPro/libnds/lib\libnds9.a(fifosystem.o)
 .text.fifoInternalSend.part.0
                0x0200acac       0xd4 C:/devkitPro/libnds/lib\libnds9.a(fifosystem.o)
 .text.fifoInternalSendInterrupt
                0x0200ad80       0xb0 C:/devkitPro/libnds/lib\libnds9.a(fifosystem.o)
 .text.fifoSetValue32Handler
                0x0200ae30       0xd4 C:/devkitPro/libnds/lib\libnds9.a(fifosystem.o)
                0x0200ae30                fifoSetValue32Handler
 .text.fifoSendValue32
                0x0200af04       0x4c C:/devkitPro/libnds/lib\libnds9.a(fifosystem.o)
                0x0200af04                fifoSendValue32
 .text.fifoSendDatamsg
                0x0200af50       0x90 C:/devkitPro/libnds/lib\libnds9.a(fifosystem.o)
                0x0200af50                fifoSendDatamsg
 .text.fifoGetDatamsg
                0x0200afe0       0xf4 C:/devkitPro/libnds/lib\libnds9.a(fifosystem.o)
                0x0200afe0                fifoGetDatamsg
 .text.fifoInternalRecvInterrupt
                0x0200b0d4      0x37c C:/devkitPro/libnds/lib\libnds9.a(fifosystem.o)
 .text.fifoSetDatamsgHandler
                0x0200b450       0x9c C:/devkitPro/libnds/lib\libnds9.a(fifosystem.o)
                0x0200b450                fifoSetDatamsgHandler
 .text.fifoInit
                0x0200b4ec      0x108 C:/devkitPro/libnds/lib\libnds9.a(fifosystem.o)
                0x0200b4ec                fifoInit
 .text.DC_FlushAll
                0x0200b5f4       0x2c C:/devkitPro/libnds/lib\libnds9.a(dcache.o)
                0x0200b5f4                DC_FlushAll
 .text.DC_FlushRange
                0x0200b620       0x24 C:/devkitPro/libnds/lib\libnds9.a(dcache.o)
                0x0200b620                DC_FlushRange
 .text.__libnds_mpu_setup
                0x0200b644      0x174 C:/devkitPro/libnds/lib\libnds9.a(mpu_setup.o)
                0x0200b644                __libnds_mpu_setup
 .text.memUncached
                0x0200b7b8       0x20 C:/devkitPro/libnds/lib\libnds9.a(mpu_setup.o)
                0x0200b7b8                memUncached
 .text.swiWaitForVBlank
                0x0200b7d8        0x8 C:/devkitPro/libnds/lib\libnds9.a(IntrWait.o)
                0x0200b7d8                swiWaitForVBlank
 .text.swiIntrWait
                0x0200b7e0       0x70 C:/devkitPro/libnds/lib\libnds9.a(IntrWait.o)
                0x0200b7e0                swiIntrWait
 .text.setCpuClock
                0x0200b850       0x50 C:/devkitPro/libnds/lib\libnds9.a(cpu_clock.o)
                0x0200b850                setCpuClock
 .text.swiDelay
                0x0200b8a0        0x4 C:/devkitPro/libnds/lib\libnds9.a(biosCalls.o)
                0x0200b8a0                swiDelay
 .text.swiSoftReset
                0x0200b8a4       0x2c C:/devkitPro/libnds/lib\libnds9.a(swiSoftReset.o)
                0x0200b8a4                swiSoftReset
 .text._ZdlPvj  0x0200b8d0       0x10 C:/devkitPro/devkitARM/bin/../lib/gcc/arm-none-eabi/13.1.0/../../../../arm-none-eabi/lib\libstdc++.a(del_ops.o)
                0x0200b8d0                operator delete(void*, unsigned int)
 .text._Znwj    0x0200b8e0       0x68 C:/devkitPro/devkitARM/bin/../lib/gcc/arm-none-eabi/13.1.0/../../../../arm-none-eabi/lib\libstdc++.a(new_op.o)
                0x0200b8e0                operator new(unsigned int)
 .text._ZSt18_Rb_tree_incrementPSt18_Rb_tree_node_base
                0x0200b948       0x58 C:/devkitPro/devkitARM/bin/../lib/gcc/arm-none-eabi/13.1.0/../../../../arm-none-eabi/lib\libstdc++.a(tree.o)
                0x0200b948                std::_Rb_tree_increment(std::_Rb_tree_node_base*)
 .text._ZSt18_Rb_tree_decrementPSt18_Rb_tree_node_base
                0x0200b9a0       0x70 C:/devkitPro/devkitARM/bin/../lib/gcc/arm-none-eabi/13.1.0/../../../../arm-none-eabi/lib\libstdc++.a(tree.o)
                0x0200b9a0                std::_Rb_tree_decrement(std::_Rb_tree_node_base*)
 .text._ZSt29_Rb_tree_insert_and_rebalancebPSt18_Rb_tree_node_baseS0_RS_
                0x0200ba10      0x288 C:/devkitPro/devkitARM/bin/../lib/gcc/arm-none-eabi/13.1.0/../../../../arm-none-eabi/lib\libstdc++.a(tree.o)
                0x0200ba10                std::_Rb_tree_insert_and_rebalance(bool, std::_Rb_tree_node_base*, std::_Rb_tree_node_base*, std::_Rb_tree_node_base&)
 .text.unlikely._ZSt28__throw_bad_array_new_lengthv
                0x0200bc98       0x2c C:/devkitPro/devkitARM/bin/../lib/gcc/arm-none-eabi/13.1.0/../../../../arm-none-eabi/lib\libstdc++.a(functexcept.o)
                0x0200bc98                std::__throw_bad_array_new_length()
 .text.unlikely._ZSt19__throw_logic_errorPKc
                0x0200bcc4       0x40 C:/devkitPro/devkitARM/bin/../lib/gcc/arm-none-eabi/13.1.0/../../../../arm-none-eabi/lib\libstdc++.a(functexcept.o)
                0x0200bcc4                std::__throw_logic_error(char const*)
 .text.unlikely._ZSt20__throw_length_errorPKc
                0x0200bd04       0x40 C:/devkitPro/devkitARM/bin/../lib/gcc/arm-none-eabi/13.1.0/../../../../arm-none-eabi/lib\libstdc++.a(functexcept.o)
                0x0200bd04                std::__throw_length_error(char const*)
 .text._ZNKSt17bad_function_call4whatEv
                0x0200bd44        0xc C:/devkitPro/devkitARM/bin/../lib/gcc/arm-none-eabi/13.1.0/../../../../arm-none-eabi/lib\libstdc++.a(functional.o)
                0x0200bd44                std::bad_function_call::what() const
 .text._ZNSt17bad_function_callD2Ev
                0x0200bd50       0x24 C:/devkitPro/devkitARM/bin/../lib/gcc/arm-none-eabi/13.1.0/../../../../arm-none-eabi/lib\libstdc++.a(functional.o)
                0x0200bd50                std::bad_function_call::~bad_function_call()
                0x0200bd50                std::bad_function_call::~bad_function_call()
 .text._ZNSt17bad_function_callD0Ev
                0x0200bd74       0x2c C:/devkitPro/devkitARM/bin/../lib/gcc/arm-none-eabi/13.1.0/../../../../arm-none-eabi/lib\libstdc++.a(functional.o)
                0x0200bd74                std::bad_function_call::~bad_function_call()
 .text.unlikely._ZSt25__throw_bad_function_callv
                0x0200bda0       0x2c C:/devkitPro/devkitARM/bin/../lib/gcc/arm-none-eabi/13.1.0/../../../../arm-none-eabi/lib\libstdc++.a(functional.o)
                0x0200bda0                std::__throw_bad_function_call()
 .text._ZNSt7__cxx1112basic_stringIcSt11char_traitsIcESaIcEE9_M_createERjj
                0x0200bdcc       0x64 C:/devkitPro/devkitARM/bin/../lib/gcc/arm-none-eabi/13.1.0/../../../../arm-none-eabi/lib\libstdc++.a(string-inst.o)
                0x0200bdcc                std::__cxx11::basic_string<char, std::char_traits<char>, std::allocator<char> >::_M_create(unsigned int&, unsigned int)
 .text._ZNSt7__cxx1112basic_stringIcSt11char_traitsIcESaIcEE12_M_constructEjc
                0x0200be30       0x88 C:/devkitPro/devkitARM/bin/../lib/gcc/arm-none-eabi/13.1.0/../../../../arm-none-eabi/lib\libstdc++.a(string-inst.o)
                0x0200be30                std::__cxx11::basic_string<char, std::char_traits<char>, std::allocator<char> >::_M_construct(unsigned int, char)
 .text._ZNKSt9bad_alloc4whatEv
                0x0200beb8        0xc C:/devkitPro/devkitARM/bin/../lib/gcc/arm-none-eabi/13.1.0/../../../../arm-none-eabi/lib\libstdc++.a(bad_alloc.o)
                0x0200beb8                std::bad_alloc::what() const
 .text._ZNSt9bad_allocD2Ev
                0x0200bec4       0x24 C:/devkitPro/devkitARM/bin/../lib/gcc/arm-none-eabi/13.1.0/../../../../arm-none-eabi/lib\libstdc++.a(bad_alloc.o)
                0x0200bec4                std::bad_alloc::~bad_alloc()
                0x0200bec4                std::bad_alloc::~bad_alloc()
 .text._ZNSt9bad_allocD0Ev
                0x0200bee8       0x30 C:/devkitPro/devkitARM/bin/../lib/gcc/arm-none-eabi/13.1.0/../../../../arm-none-eabi/lib\libstdc++.a(bad_alloc.o)
                0x0200bee8                std::bad_alloc::~bad_alloc()
 .text._ZNKSt20bad_array_new_length4whatEv
                0x0200bf18        0xc C:/devkitPro/devkitARM/bin/../lib/gcc/arm-none-eabi/13.1.0/../../../../arm-none-eabi/lib\libstdc++.a(bad_array_new.o)
                0x0200bf18                std::bad_array_new_length::what() const
 .text._ZNSt20bad_array_new_lengthD2Ev
                0x0200bf24       0x24 C:/devkitPro/devkitARM/bin/../lib/gcc/arm-none-eabi/13.1.0/../../../../arm-none-eabi/lib\libstdc++.a(bad_array_new.o)
                0x0200bf24                std::bad_array_new_length::~bad_array_new_length()
                0x0200bf24                std::bad_array_new_length::~bad_array_new_length()
 .text._ZNSt20bad_array_new_lengthD0Ev
                0x0200bf48       0x30 C:/devkitPro/devkitARM/bin/../lib/gcc/arm-none-eabi/13.1.0/../../../../arm-none-eabi/lib\libstdc++.a(bad_array_new.o)
                0x0200bf48                std::bad_array_new_length::~bad_array_new_length()
 .text._ZdlPv   0x0200bf78       0x10 C:/devkitPro/devkitARM/bin/../lib/gcc/arm-none-eabi/13.1.0/../../../../arm-none-eabi/lib\libstdc++.a(del_op.o)
                0x0200bf78                operator delete(void*)
 .text._ZNK9__gnu_cxx24__concurrence_lock_error4whatEv
                0x0200bf88        0xc C:/devkitPro/devkitARM/bin/../lib/gcc/arm-none-eabi/13.1.0/../../../../arm-none-eabi/lib\libstdc++.a(eh_alloc.o)
                0x0200bf88                __gnu_cxx::__concurrence_lock_error::what() const
 .text._ZNK9__gnu_cxx26__concurrence_unlock_error4whatEv
                0x0200bf94        0xc C:/devkitPro/devkitARM/bin/../lib/gcc/arm-none-eabi/13.1.0/../../../../arm-none-eabi/lib\libstdc++.a(eh_alloc.o)
                0x0200bf94                __gnu_cxx::__concurrence_unlock_error::what() const
 .text._ZN9__gnu_cxx24__concurrence_lock_errorD2Ev
                0x0200bfa0       0x24 C:/devkitPro/devkitARM/bin/../lib/gcc/arm-none-eabi/13.1.0/../../../../arm-none-eabi/lib\libstdc++.a(eh_alloc.o)
                0x0200bfa0                __gnu_cxx::__concurrence_lock_error::~__concurrence_lock_error()
                0x0200bfa0                __gnu_cxx::__concurrence_lock_error::~__concurrence_lock_error()
 .text._ZN9__gnu_cxx24__concurrence_lock_errorD0Ev
                0x0200bfc4       0x30 C:/devkitPro/devkitARM/bin/../lib/gcc/arm-none-eabi/13.1.0/../../../../arm-none-eabi/lib\libstdc++.a(eh_alloc.o)
                0x0200bfc4                __gnu_cxx::__concurrence_lock_error::~__concurrence_lock_error()
 .text._ZN9__gnu_cxx26__concurrence_unlock_errorD2Ev
                0x0200bff4       0x24 C:/devkitPro/devkitARM/bin/../lib/gcc/arm-none-eabi/13.1.0/../../../../arm-none-eabi/lib\libstdc++.a(eh_alloc.o)
                0x0200bff4                __gnu_cxx::__concurrence_unlock_error::~__concurrence_unlock_error()
                0x0200bff4                __gnu_cxx::__concurrence_unlock_error::~__concurrence_unlock_error()
 .text._ZN9__gnu_cxx26__concurrence_unlock_errorD0Ev
                0x0200c018       0x30 C:/devkitPro/devkitARM/bin/../lib/gcc/arm-none-eabi/13.1.0/../../../../arm-none-eabi/lib\libstdc++.a(eh_alloc.o)
                0x0200c018                __gnu_cxx::__concurrence_unlock_error::~__concurrence_unlock_error()
 .text.unlikely._ZN9__gnu_cxx30__throw_concurrence_lock_errorEv
                0x0200c048       0x2c C:/devkitPro/devkitARM/bin/../lib/gcc/arm-none-eabi/13.1.0/../../../../arm-none-eabi/lib\libstdc++.a(eh_alloc.o)
                0x0200c048                __gnu_cxx::__throw_concurrence_lock_error()
 .text.unlikely._ZN9__gnu_cxx32__throw_concurrence_unlock_errorEv
                0x0200c074       0x2c C:/devkitPro/devkitARM/bin/../lib/gcc/arm-none-eabi/13.1.0/../../../../arm-none-eabi/lib\libstdc++.a(eh_alloc.o)
                0x0200c074                __gnu_cxx::__throw_concurrence_unlock_error()
 .text._ZN12_GLOBAL__N_14pool4freeEPv.constprop.0
                0x0200c0a0      0x114 C:/devkitPro/devkitARM/bin/../lib/gcc/arm-none-eabi/13.1.0/../../../../arm-none-eabi/lib\libstdc++.a(eh_alloc.o)
 .text._ZN12_GLOBAL__N_14pool8allocateEj.constprop.0
                0x0200c1b4       0xd8 C:/devkitPro/devkitARM/bin/../lib/gcc/arm-none-eabi/13.1.0/../../../../arm-none-eabi/lib\libstdc++.a(eh_alloc.o)
 .text.__cxa_allocate_exception
                0x0200c28c       0x48 C:/devkitPro/devkitARM/bin/../lib/gcc/arm-none-eabi/13.1.0/../../../../arm-none-eabi/lib\libstdc++.a(eh_alloc.o)
                0x0200c28c                __cxa_allocate_exception
 .text.__cxa_free_exception
                0x0200c2d4       0x38 C:/devkitPro/devkitARM/bin/../lib/gcc/arm-none-eabi/13.1.0/../../../../arm-none-eabi/lib\libstdc++.a(eh_alloc.o)
                0x0200c2d4                __cxa_free_exception
 .text.startup._GLOBAL__sub_I__ZN9__gnu_cxx9__freeresEv
                0x0200c30c      0x1bc C:/devkitPro/devkitARM/bin/../lib/gcc/arm-none-eabi/13.1.0/../../../../arm-none-eabi/lib\libstdc++.a(eh_alloc.o)
 .text.__cxa_end_cleanup
                0x0200c4c8       0x10 C:/devkitPro/devkitARM/bin/../lib/gcc/arm-none-eabi/13.1.0/../../../../arm-none-eabi/lib\libstdc++.a(eh_arm.o)
                0x0200c4c8                __cxa_end_cleanup
 .text.__cxa_type_match
                0x0200c4d8      0x140 C:/devkitPro/devkitARM/bin/../lib/gcc/arm-none-eabi/13.1.0/../../../../arm-none-eabi/lib\libstdc++.a(eh_arm.o)
                0x0200c4d8                __cxa_type_match
 .text.__cxa_begin_cleanup
                0x0200c618       0xbc C:/devkitPro/devkitARM/bin/../lib/gcc/arm-none-eabi/13.1.0/../../../../arm-none-eabi/lib\libstdc++.a(eh_arm.o)
                0x0200c618                __cxa_begin_cleanup
 .text.__gnu_end_cleanup
                0x0200c6d4       0xbc C:/devkitPro/devkitARM/bin/../lib/gcc/arm-none-eabi/13.1.0/../../../../arm-none-eabi/lib\libstdc++.a(eh_arm.o)
                0x0200c6d4                __gnu_end_cleanup
 .text.__cxa_begin_catch
                0x0200c790       0xd4 C:/devkitPro/devkitARM/bin/../lib/gcc/arm-none-eabi/13.1.0/../../../../arm-none-eabi/lib\libstdc++.a(eh_catch.o)
                0x0200c790                __cxa_begin_catch
 .text.__cxa_end_catch
                0x0200c864       0xe0 C:/devkitPro/devkitARM/bin/../lib/gcc/arm-none-eabi/13.1.0/../../../../arm-none-eabi/lib\libstdc++.a(eh_catch.o)
                0x0200c864                __cxa_end_catch
 .text._ZNSt9exceptionD2Ev
                0x0200c944        0x4 C:/devkitPro/devkitARM/bin/../lib/gcc/arm-none-eabi/13.1.0/../../../../arm-none-eabi/lib\libstdc++.a(eh_exception.o)
                0x0200c944                std::exception::~exception()
                0x0200c944                std::exception::~exception()
 .text._ZNSt13bad_exceptionD2Ev
                0x0200c948        0x4 C:/devkitPro/devkitARM/bin/../lib/gcc/arm-none-eabi/13.1.0/../../../../arm-none-eabi/lib\libstdc++.a(eh_exception.o)
                0x0200c948                std::bad_exception::~bad_exception()
                0x0200c948                std::bad_exception::~bad_exception()
 .text._ZNKSt9exception4whatEv
                0x0200c94c        0xc C:/devkitPro/devkitARM/bin/../lib/gcc/arm-none-eabi/13.1.0/../../../../arm-none-eabi/lib\libstdc++.a(eh_exception.o)
                0x0200c94c                std::exception::what() const
                0x0200c94c                transaction clone for std::exception::what() const
 .text._ZNKSt13bad_exception4whatEv
                0x0200c958        0xc C:/devkitPro/devkitARM/bin/../lib/gcc/arm-none-eabi/13.1.0/../../../../arm-none-eabi/lib\libstdc++.a(eh_exception.o)
                0x0200c958                std::bad_exception::what() const
                0x0200c958                transaction clone for std::bad_exception::what() const
 .text._ZNSt13bad_exceptionD0Ev
                0x0200c964       0x1c C:/devkitPro/devkitARM/bin/../lib/gcc/arm-none-eabi/13.1.0/../../../../arm-none-eabi/lib\libstdc++.a(eh_exception.o)
                0x0200c964                std::bad_exception::~bad_exception()
 .text._ZL15eh_globals_dtorPv
                0x0200c980       0x40 C:/devkitPro/devkitARM/bin/../lib/gcc/arm-none-eabi/13.1.0/../../../../arm-none-eabi/lib\libstdc++.a(eh_globals.o)
 .text.__cxa_get_globals_fast
                0x0200c9c0       0x3c C:/devkitPro/devkitARM/bin/../lib/gcc/arm-none-eabi/13.1.0/../../../../arm-none-eabi/lib\libstdc++.a(eh_globals.o)
                0x0200c9c0                __cxa_get_globals_fast
 .text.__cxa_get_globals
                0x0200c9fc       0x78 C:/devkitPro/devkitARM/bin/../lib/gcc/arm-none-eabi/13.1.0/../../../../arm-none-eabi/lib\libstdc++.a(eh_globals.o)
                0x0200c9fc                __cxa_get_globals
 .text.startup._GLOBAL__sub_I__ZN17__eh_globals_init7_S_initE
                0x0200ca74       0x44 C:/devkitPro/devkitARM/bin/../lib/gcc/arm-none-eabi/13.1.0/../../../../arm-none-eabi/lib\libstdc++.a(eh_globals.o)
 .text.exit._GLOBAL__sub_D__ZN17__eh_globals_init7_S_initE
                0x0200cab8       0x38 C:/devkitPro/devkitARM/bin/../lib/gcc/arm-none-eabi/13.1.0/../../../../arm-none-eabi/lib\libstdc++.a(eh_globals.o)
 .text._ZL28read_encoded_value_with_basehjPKhPj
                0x0200caf0      0x174 C:/devkitPro/devkitARM/bin/../lib/gcc/arm-none-eabi/13.1.0/../../../../arm-none-eabi/lib\libstdc++.a(eh_personality.o)
 .text._ZL21base_of_encoded_valuehP15_Unwind_Context
                0x0200cc64       0x7c C:/devkitPro/devkitARM/bin/../lib/gcc/arm-none-eabi/13.1.0/../../../../arm-none-eabi/lib\libstdc++.a(eh_personality.o)
 .text._ZL17parse_lsda_headerP15_Unwind_ContextPKhP16lsda_header_info
                0x0200cce0       0xd8 C:/devkitPro/devkitARM/bin/../lib/gcc/arm-none-eabi/13.1.0/../../../../arm-none-eabi/lib\libstdc++.a(eh_personality.o)
 .text.__gxx_personality_v0
                0x0200cdb8      0x6d0 C:/devkitPro/devkitARM/bin/../lib/gcc/arm-none-eabi/13.1.0/../../../../arm-none-eabi/lib\libstdc++.a(eh_personality.o)
                0x0200cdb8                __gxx_personality_v0
 .text._ZN10__cxxabiv111__terminateEPFvvE
                0x0200d488       0x18 C:/devkitPro/devkitARM/bin/../lib/gcc/arm-none-eabi/13.1.0/../../../../arm-none-eabi/lib\libstdc++.a(eh_terminate.o)
                0x0200d488                __cxxabiv1::__terminate(void (*)())
 .text._ZSt13get_terminatev
                0x0200d4a0       0x60 C:/devkitPro/devkitARM/bin/../lib/gcc/arm-none-eabi/13.1.0/../../../../arm-none-eabi/lib\libstdc++.a(eh_terminate.o)
                0x0200d4a0                std::get_terminate()
 .text._ZSt9terminatev
                0x0200d500        0xc C:/devkitPro/devkitARM/bin/../lib/gcc/arm-none-eabi/13.1.0/../../../../arm-none-eabi/lib\libstdc++.a(eh_terminate.o)
                0x0200d500                std::terminate()
 .text._ZN10__cxxabiv112__unexpectedEPFvvE
                0x0200d50c       0x10 C:/devkitPro/devkitARM/bin/../lib/gcc/arm-none-eabi/13.1.0/../../../../arm-none-eabi/lib\libstdc++.a(eh_terminate.o)
                0x0200d50c                __cxxabiv1::__unexpected(void (*)())
 .text._ZSt14get_unexpectedv
                0x0200d51c       0x60 C:/devkitPro/devkitARM/bin/../lib/gcc/arm-none-eabi/13.1.0/../../../../arm-none-eabi/lib\libstdc++.a(eh_terminate.o)
                0x0200d51c                std::get_unexpected()
 .text._ZSt10unexpectedv
                0x0200d57c        0xc C:/devkitPro/devkitARM/bin/../lib/gcc/arm-none-eabi/13.1.0/../../../../arm-none-eabi/lib\libstdc++.a(eh_terminate.o)
                0x0200d57c                std::unexpected()
 .text.startup._GLOBAL__sub_I__ZN10__cxxabiv111__terminateEPFvvE
                0x0200d588       0x20 C:/devkitPro/devkitARM/bin/../lib/gcc/arm-none-eabi/13.1.0/../../../../arm-none-eabi/lib\libstdc++.a(eh_terminate.o)
 .text._ZL23__gxx_exception_cleanup19_Unwind_Reason_CodeP21_Unwind_Control_Block
                0x0200d5a8       0x80 C:/devkitPro/devkitARM/bin/../lib/gcc/arm-none-eabi/13.1.0/../../../../arm-none-eabi/lib\libstdc++.a(eh_throw.o)
 .text.__cxa_init_primary_exception
                0x0200d628       0x74 C:/devkitPro/devkitARM/bin/../lib/gcc/arm-none-eabi/13.1.0/../../../../arm-none-eabi/lib\libstdc++.a(eh_throw.o)
                0x0200d628                __cxa_init_primary_exception
 .text.__cxa_throw
                0x0200d69c       0x54 C:/devkitPro/devkitARM/bin/../lib/gcc/arm-none-eabi/13.1.0/../../../../arm-none-eabi/lib\libstdc++.a(eh_throw.o)
                0x0200d69c                __cxa_throw
 .text.__cxa_rethrow
                0x0200d6f0       0xb0 C:/devkitPro/devkitARM/bin/../lib/gcc/arm-none-eabi/13.1.0/../../../../arm-none-eabi/lib\libstdc++.a(eh_throw.o)
                0x0200d6f0                __cxa_rethrow
 .text._ZSt15get_new_handlerv
                0x0200d7a0       0x60 C:/devkitPro/devkitARM/bin/../lib/gcc/arm-none-eabi/13.1.0/../../../../arm-none-eabi/lib\libstdc++.a(new_handler.o)
                0x0200d7a0                std::get_new_handler()
 .text.startup._GLOBAL__sub_I__ZSt7nothrow
                0x0200d800       0x20 C:/devkitPro/devkitARM/bin/../lib/gcc/arm-none-eabi/13.1.0/../../../../arm-none-eabi/lib\libstdc++.a(new_handler.o)
 .text._ZN10__cxxabiv120__si_class_type_infoD2Ev
                0x0200d820       0x24 C:/devkitPro/devkitARM/bin/../lib/gcc/arm-none-eabi/13.1.0/../../../../arm-none-eabi/lib\libstdc++.a(si_class_type_info.o)
                0x0200d820                __cxxabiv1::__si_class_type_info::~__si_class_type_info()
                0x0200d820                __cxxabiv1::__si_class_type_info::~__si_class_type_info()
 .text._ZN10__cxxabiv120__si_class_type_infoD0Ev
                0x0200d844       0x30 C:/devkitPro/devkitARM/bin/../lib/gcc/arm-none-eabi/13.1.0/../../../../arm-none-eabi/lib\libstdc++.a(si_class_type_info.o)
                0x0200d844                __cxxabiv1::__si_class_type_info::~__si_class_type_info()
 .text._ZNK10__cxxabiv120__si_class_type_info12__do_dyncastEiNS_17__class_type_info10__sub_kindEPKS1_PKvS4_S6_RNS1_16__dyncast_resultE
                0x0200d874      0x140 C:/devkitPro/devkitARM/bin/../lib/gcc/arm-none-eabi/13.1.0/../../../../arm-none-eabi/lib\libstdc++.a(si_class_type_info.o)
                0x0200d874                __cxxabiv1::__si_class_type_info::__do_dyncast(int, __cxxabiv1::__class_type_info::__sub_kind, __cxxabiv1::__class_type_info const*, void const*, __cxxabiv1::__class_type_info const*, void const*, __cxxabiv1::__class_type_info::__dyncast_result&) const
 .text._ZNK10__cxxabiv120__si_class_type_info20__do_find_public_srcEiPKvPKNS_17__class_type_infoES2_
                0x0200d9b4       0x8c C:/devkitPro/devkitARM/bin/../lib/gcc/arm-none-eabi/13.1.0/../../../../arm-none-eabi/lib\libstdc++.a(si_class_type_info.o)
                0x0200d9b4                __cxxabiv1::__si_class_type_info::__do_find_public_src(int, void const*, __cxxabiv1::__class_type_info const*, void const*) const
 .text._ZNK10__cxxabiv120__si_class_type_info11__do_upcastEPKNS_17__class_type_infoEPKvRNS1_15__upcast_resultE
                0x0200da40       0x4c C:/devkitPro/devkitARM/bin/../lib/gcc/arm-none-eabi/13.1.0/../../../../arm-none-eabi/lib\libstdc++.a(si_class_type_info.o)
                0x0200da40                __cxxabiv1::__si_class_type_info::__do_upcast(__cxxabiv1::__class_type_info const*, void const*, __cxxabiv1::__class_type_info::__upcast_result&) const
 .text._ZNSt9type_infoD2Ev
                0x0200da8c        0x4 C:/devkitPro/devkitARM/bin/../lib/gcc/arm-none-eabi/13.1.0/../../../../arm-none-eabi/lib\libstdc++.a(tinfo.o)
                0x0200da8c                std::type_info::~type_info()
                0x0200da8c                std::type_info::~type_info()
 .text._ZNKSt9type_info14__is_pointer_pEv
                0x0200da90        0x8 C:/devkitPro/devkitARM/bin/../lib/gcc/arm-none-eabi/13.1.0/../../../../arm-none-eabi/lib\libstdc++.a(tinfo.o)
                0x0200da90                std::type_info::__is_pointer_p() const
                0x0200da90                std::type_info::__is_function_p() const
 .text._ZNKSt11logic_error4whatEv
                0x0200da98        0x8 C:/devkitPro/devkitARM/bin/../lib/gcc/arm-none-eabi/13.1.0/../../../../arm-none-eabi/lib\libstdc++.a(stdexcept.o)
                0x0200da98                std::logic_error::what() const
                0x0200da98                std::runtime_error::what() const
 .text._ZNSt11logic_errorD2Ev
                0x0200daa0       0x8c C:/devkitPro/devkitARM/bin/../lib/gcc/arm-none-eabi/13.1.0/../../../../arm-none-eabi/lib\libstdc++.a(stdexcept.o)
                0x0200daa0                std::logic_error::~logic_error()
                0x0200daa0                std::logic_error::~logic_error()
 .text._ZNSt12length_errorD2Ev
                0x0200db2c       0x8c C:/devkitPro/devkitARM/bin/../lib/gcc/arm-none-eabi/13.1.0/../../../../arm-none-eabi/lib\libstdc++.a(stdexcept.o)
                0x0200db2c                std::length_error::~length_error()
                0x0200db2c                std::length_error::~length_error()
 .text._ZNSt11logic_errorD0Ev
                0x0200dbb8       0x94 C:/devkitPro/devkitARM/bin/../lib/gcc/arm-none-eabi/13.1.0/../../../../arm-none-eabi/lib\libstdc++.a(stdexcept.o)
                0x0200dbb8                std::logic_error::~logic_error()
 .text._ZNSt12length_errorD0Ev
                0x0200dc4c       0x94 C:/devkitPro/devkitARM/bin/../lib/gcc/arm-none-eabi/13.1.0/../../../../arm-none-eabi/lib\libstdc++.a(stdexcept.o)
                0x0200dc4c                std::length_error::~length_error()
 .text._ZNSt11logic_errorC2EPKc
                0x0200dce0       0xc8 C:/devkitPro/devkitARM/bin/../lib/gcc/arm-none-eabi/13.1.0/../../../../arm-none-eabi/lib\libstdc++.a(cow-stdexcept.o)
                0x0200dce0                std::logic_error::logic_error(char const*)
                0x0200dce0                std::logic_error::logic_error(char const*)
 .text._ZNSt12length_errorC2EPKc
                0x0200dda8       0x24 C:/devkitPro/devkitARM/bin/../lib/gcc/arm-none-eabi/13.1.0/../../../../arm-none-eabi/lib\libstdc++.a(cow-stdexcept.o)
                0x0200dda8                std::length_error::length_error(char const*)
                0x0200dda8                std::length_error::length_error(char const*)
 .text._ZNSs4_Rep9_S_createEjjRKSaIcE
                0x0200ddcc       0x88 C:/devkitPro/devkitARM/bin/../lib/gcc/arm-none-eabi/13.1.0/../../../../arm-none-eabi/lib\libstdc++.a(cow-string-inst.o)
                0x0200ddcc                std::string::_Rep::_S_create(unsigned int, unsigned int, std::allocator<char> const&)
 .text._ZNSs4_Rep10_M_destroyERKSaIcE
                0x0200de54       0x10 C:/devkitPro/devkitARM/bin/../lib/gcc/arm-none-eabi/13.1.0/../../../../arm-none-eabi/lib\libstdc++.a(cow-string-inst.o)
                0x0200de54                std::string::_Rep::_M_destroy(std::allocator<char> const&)
 .text._ZN9__gnu_cxx18__exchange_and_addEPVii
                0x0200de64       0xec C:/devkitPro/devkitARM/bin/../lib/gcc/arm-none-eabi/13.1.0/../../../../arm-none-eabi/lib\libstdc++.a(atomicity.o)
                0x0200de64                __gnu_cxx::__exchange_and_add(int volatile*, int)
 .text._ZNK10__cxxabiv117__class_type_info11__do_upcastEPKS0_PPv
                0x0200df50       0x64 C:/devkitPro/devkitARM/bin/../lib/gcc/arm-none-eabi/13.1.0/../../../../arm-none-eabi/lib\libstdc++.a(class_type_info.o)
                0x0200df50                __cxxabiv1::__class_type_info::__do_upcast(__cxxabiv1::__class_type_info const*, void**) const
 .text._ZNK10__cxxabiv117__class_type_info20__do_find_public_srcEiPKvPKS0_S2_
                0x0200dfb4       0x14 C:/devkitPro/devkitARM/bin/../lib/gcc/arm-none-eabi/13.1.0/../../../../arm-none-eabi/lib\libstdc++.a(class_type_info.o)
                0x0200dfb4                __cxxabiv1::__class_type_info::__do_find_public_src(int, void const*, __cxxabiv1::__class_type_info const*, void const*) const
 .text._ZN10__cxxabiv117__class_type_infoD2Ev
                0x0200dfc8       0x24 C:/devkitPro/devkitARM/bin/../lib/gcc/arm-none-eabi/13.1.0/../../../../arm-none-eabi/lib\libstdc++.a(class_type_info.o)
                0x0200dfc8                __cxxabiv1::__class_type_info::~__class_type_info()
                0x0200dfc8                __cxxabiv1::__class_type_info::~__class_type_info()
 .text._ZN10__cxxabiv117__class_type_infoD0Ev
                0x0200dfec       0x30 C:/devkitPro/devkitARM/bin/../lib/gcc/arm-none-eabi/13.1.0/../../../../arm-none-eabi/lib\libstdc++.a(class_type_info.o)
                0x0200dfec                __cxxabiv1::__class_type_info::~__class_type_info()
 .text._ZNK10__cxxabiv117__class_type_info11__do_upcastEPKS0_PKvRNS0_15__upcast_resultE
                0x0200e01c       0x6c C:/devkitPro/devkitARM/bin/../lib/gcc/arm-none-eabi/13.1.0/../../../../arm-none-eabi/lib\libstdc++.a(class_type_info.o)
                0x0200e01c                __cxxabiv1::__class_type_info::__do_upcast(__cxxabiv1::__class_type_info const*, void const*, __cxxabiv1::__class_type_info::__upcast_result&) const
 .text._ZNK10__cxxabiv117__class_type_info10__do_catchEPKSt9type_infoPPvj
                0x0200e088       0x84 C:/devkitPro/devkitARM/bin/../lib/gcc/arm-none-eabi/13.1.0/../../../../arm-none-eabi/lib\libstdc++.a(class_type_info.o)
                0x0200e088                __cxxabiv1::__class_type_info::__do_catch(std::type_info const*, void**, unsigned int) const
 .text._ZNK10__cxxabiv117__class_type_info12__do_dyncastEiNS0_10__sub_kindEPKS0_PKvS3_S5_RNS0_16__dyncast_resultE
                0x0200e10c       0xdc C:/devkitPro/devkitARM/bin/../lib/gcc/arm-none-eabi/13.1.0/../../../../arm-none-eabi/lib\libstdc++.a(class_type_info.o)
                0x0200e10c                __cxxabiv1::__class_type_info::__do_dyncast(int, __cxxabiv1::__class_type_info::__sub_kind, __cxxabiv1::__class_type_info const*, void const*, __cxxabiv1::__class_type_info const*, void const*, __cxxabiv1::__class_type_info::__dyncast_result&) const
 .text._ZN10__cxxabiv1L24__is_gxx_exception_classEPc
                0x0200e1e8       0x70 C:/devkitPro/devkitARM/bin/../lib/gcc/arm-none-eabi/13.1.0/../../../../arm-none-eabi/lib\libstdc++.a(eh_call.o)
 .text.__cxa_call_terminate
                0x0200e258       0x2c C:/devkitPro/devkitARM/bin/../lib/gcc/arm-none-eabi/13.1.0/../../../../arm-none-eabi/lib\libstdc++.a(eh_call.o)
                0x0200e258                __cxa_call_terminate
 .text.unlikely.__cxa_call_unexpected
                0x0200e284      0x148 C:/devkitPro/devkitARM/bin/../lib/gcc/arm-none-eabi/13.1.0/../../../../arm-none-eabi/lib\libstdc++.a(eh_call.o)
                0x0200e284                __cxa_call_unexpected
 .text._ZNK9__gnu_cxx29__concurrence_broadcast_error4whatEv
                0x0200e3cc        0xc C:/devkitPro/devkitARM/bin/../lib/gcc/arm-none-eabi/13.1.0/../../../../arm-none-eabi/lib\libstdc++.a(guard.o)
                0x0200e3cc                __gnu_cxx::__concurrence_broadcast_error::what() const
 .text._ZNK9__gnu_cxx24__concurrence_wait_error4whatEv
                0x0200e3d8        0xc C:/devkitPro/devkitARM/bin/../lib/gcc/arm-none-eabi/13.1.0/../../../../arm-none-eabi/lib\libstdc++.a(guard.o)
                0x0200e3d8                __gnu_cxx::__concurrence_wait_error::what() const
 .text._ZN12_GLOBAL__N_1L4initEv
                0x0200e3e4       0x3c C:/devkitPro/devkitARM/bin/../lib/gcc/arm-none-eabi/13.1.0/../../../../arm-none-eabi/lib\libstdc++.a(guard.o)
 .text._ZN12_GLOBAL__N_1L16init_static_condEv
                0x0200e420       0x24 C:/devkitPro/devkitARM/bin/../lib/gcc/arm-none-eabi/13.1.0/../../../../arm-none-eabi/lib\libstdc++.a(guard.o)
 .text._ZN9__gnu_cxx24__concurrence_wait_errorD2Ev
                0x0200e444       0x24 C:/devkitPro/devkitARM/bin/../lib/gcc/arm-none-eabi/13.1.0/../../../../arm-none-eabi/lib\libstdc++.a(guard.o)
                0x0200e444                __gnu_cxx::__concurrence_wait_error::~__concurrence_wait_error()
                0x0200e444                __gnu_cxx::__concurrence_wait_error::~__concurrence_wait_error()
 .text._ZN9__gnu_cxx24__concurrence_wait_errorD0Ev
                0x0200e468       0x30 C:/devkitPro/devkitARM/bin/../lib/gcc/arm-none-eabi/13.1.0/../../../../arm-none-eabi/lib\libstdc++.a(guard.o)
                0x0200e468                __gnu_cxx::__concurrence_wait_error::~__concurrence_wait_error()
 .text._ZN9__gnu_cxx29__concurrence_broadcast_errorD2Ev
                0x0200e498       0x24 C:/devkitPro/devkitARM/bin/../lib/gcc/arm-none-eabi/13.1.0/../../../../arm-none-eabi/lib\libstdc++.a(guard.o)
                0x0200e498                __gnu_cxx::__concurrence_broadcast_error::~__concurrence_broadcast_error()
                0x0200e498                __gnu_cxx::__concurrence_broadcast_error::~__concurrence_broadcast_error()
 .text._ZN9__gnu_cxx29__concurrence_broadcast_errorD0Ev
                0x0200e4bc       0x30 C:/devkitPro/devkitARM/bin/../lib/gcc/arm-none-eabi/13.1.0/../../../../arm-none-eabi/lib\libstdc++.a(guard.o)
                0x0200e4bc                __gnu_cxx::__concurrence_broadcast_error::~__concurrence_broadcast_error()
 .text.unlikely._ZN9__gnu_cxx35__throw_concurrence_broadcast_errorEv
                0x0200e4ec       0x2c C:/devkitPro/devkitARM/bin/../lib/gcc/arm-none-eabi/13.1.0/../../../../arm-none-eabi/lib\libstdc++.a(guard.o)
                0x0200e4ec                __gnu_cxx::__throw_concurrence_broadcast_error()
 .text.__cxa_guard_acquire
                0x0200e518      0x1ac C:/devkitPro/devkitARM/bin/../lib/gcc/arm-none-eabi/13.1.0/../../../../arm-none-eabi/lib\libstdc++.a(guard.o)
                0x0200e518                __cxa_guard_acquire
 .text.__cxa_guard_release
                0x0200e6c4       0xbc C:/devkitPro/devkitARM/bin/../lib/gcc/arm-none-eabi/13.1.0/../../../../arm-none-eabi/lib\libstdc++.a(guard.o)
                0x0200e6c4                __cxa_guard_release
 .text._ZN9__gnu_cxx20recursive_init_errorD2Ev
                0x0200e780       0x24 C:/devkitPro/devkitARM/bin/../lib/gcc/arm-none-eabi/13.1.0/../../../../arm-none-eabi/lib\libstdc++.a(guard_error.o)
                0x0200e780                __gnu_cxx::recursive_init_error::~recursive_init_error()
                0x0200e780                __gnu_cxx::recursive_init_error::~recursive_init_error()
 .text._ZN9__gnu_cxx20recursive_init_errorD0Ev
                0x0200e7a4       0x30 C:/devkitPro/devkitARM/bin/../lib/gcc/arm-none-eabi/13.1.0/../../../../arm-none-eabi/lib\libstdc++.a(guard_error.o)
                0x0200e7a4                __gnu_cxx::recursive_init_error::~recursive_init_error()
 .text._ZN9__gnu_cxx20recursive_init_errorC2Ev
                0x0200e7d4       0x10 C:/devkitPro/devkitARM/bin/../lib/gcc/arm-none-eabi/13.1.0/../../../../arm-none-eabi/lib\libstdc++.a(guard_error.o)
                0x0200e7d4                __gnu_cxx::recursive_init_error::recursive_init_error()
                0x0200e7d4                __gnu_cxx::recursive_init_error::recursive_init_error()
 .text.sinf     0x0200e7e4       0xcc C:/devkitPro/devkitARM/bin/../lib/gcc/arm-none-eabi/13.1.0/../../../../arm-none-eabi/lib\libm.a(libm_a-sf_sin.o)
                0x0200e7e4                sinf
 .text.atan2    0x0200e8b0       0x10 C:/devkitPro/devkitARM/bin/../lib/gcc/arm-none-eabi/13.1.0/../../../../arm-none-eabi/lib\libm.a(libm_a-w_atan2.o)
                0x0200e8b0                atan2
 .text.sqrt     0x0200e8c0       0x98 C:/devkitPro/devkitARM/bin/../lib/gcc/arm-none-eabi/13.1.0/../../../../arm-none-eabi/lib\libm.a(libm_a-w_sqrt.o)
                0x0200e8c0                sqrt
 .text.sin      0x0200e958      0x104 C:/devkitPro/devkitARM/bin/../lib/gcc/arm-none-eabi/13.1.0/../../../../arm-none-eabi/lib\libm.a(libm_a-s_sin.o)
                0x0200e958                sin
 .text.cos      0x0200ea5c       0xf8 C:/devkitPro/devkitARM/bin/../lib/gcc/arm-none-eabi/13.1.0/../../../../arm-none-eabi/lib\libm.a(libm_a-s_cos.o)
                0x0200ea5c                cos
 .text.__kernel_sinf
                0x0200eb54      0x148 C:/devkitPro/devkitARM/bin/../lib/gcc/arm-none-eabi/13.1.0/../../../../arm-none-eabi/lib\libm.a(libm_a-kf_sin.o)
                0x0200eb54                __kernel_sinf
 .text.__ieee754_sqrt
                0x0200ec9c      0x2a4 C:/devkitPro/devkitARM/bin/../lib/gcc/arm-none-eabi/13.1.0/../../../../arm-none-eabi/lib\libm.a(libm_a-e_sqrt.o)
                0x0200ec9c                __ieee754_sqrt
 .text.__kernel_cosf
                0x0200ef40      0x22c C:/devkitPro/devkitARM/bin/../lib/gcc/arm-none-eabi/13.1.0/../../../../arm-none-eabi/lib\libm.a(libm_a-kf_cos.o)
                0x0200ef40                __kernel_cosf
 .text.__ieee754_rem_pio2f
                0x0200f16c      0x434 C:/devkitPro/devkitARM/bin/../lib/gcc/arm-none-eabi/13.1.0/../../../../arm-none-eabi/lib\libm.a(libm_a-ef_rem_pio2.o)
                0x0200f16c                __ieee754_rem_pio2f
 .text.__kernel_cos
                0x0200f5a0      0x360 C:/devkitPro/devkitARM/bin/../lib/gcc/arm-none-eabi/13.1.0/../../../../arm-none-eabi/lib\libm.a(libm_a-k_cos.o)
                0x0200f5a0                __kernel_cos
 .text.__kernel_sin
                0x0200f900      0x214 C:/devkitPro/devkitARM/bin/../lib/gcc/arm-none-eabi/13.1.0/../../../../arm-none-eabi/lib\libm.a(libm_a-k_sin.o)
                0x0200f900                __kernel_sin
 *fill*         0x0200fb14        0x4 ff
 .text.__ieee754_atan2
                0x0200fb18      0x23c C:/devkitPro/devkitARM/bin/../lib/gcc/arm-none-eabi/13.1.0/../../../../arm-none-eabi/lib\libm.a(libm_a-e_atan2.o)
                0x0200fb18                __ieee754_atan2
 .text.fabsf    0x0200fd54        0x8 C:/devkitPro/devkitARM/bin/../lib/gcc/arm-none-eabi/13.1.0/../../../../arm-none-eabi/lib\libm.a(libm_a-sf_fabs.o)
                0x0200fd54                fabsf
 *fill*         0x0200fd5c        0x4 ff
 .text.__ieee754_rem_pio2
                0x0200fd60      0x61c C:/devkitPro/devkitARM/bin/../lib/gcc/arm-none-eabi/13.1.0/../../../../arm-none-eabi/lib\libm.a(libm_a-e_rem_pio2.o)
                0x0200fd60                __ieee754_rem_pio2
 *fill*         0x0201037c        0x4 ff
 .text.atan     0x02010380      0x490 C:/devkitPro/devkitARM/bin/../lib/gcc/arm-none-eabi/13.1.0/../../../../arm-none-eabi/lib\libm.a(libm_a-s_atan.o)
                0x02010380                atan
 .text.fabs     0x02010810        0xc C:/devkitPro/devkitARM/bin/../lib/gcc/arm-none-eabi/13.1.0/../../../../arm-none-eabi/lib\libm.a(libm_a-s_fabs.o)
                0x02010810                fabs
 .text.__kernel_rem_pio2f
                0x0201081c      0xa50 C:/devkitPro/devkitARM/bin/../lib/gcc/arm-none-eabi/13.1.0/../../../../arm-none-eabi/lib\libm.a(libm_a-kf_rem_pio2.o)
                0x0201081c                __kernel_rem_pio2f
 .text.floorf   0x0201126c       0xd4 C:/devkitPro/devkitARM/bin/../lib/gcc/arm-none-eabi/13.1.0/../../../../arm-none-eabi/lib\libm.a(libm_a-sf_floor.o)
                0x0201126c                floorf
 .text.__kernel_rem_pio2
                0x02011340      0xc00 C:/devkitPro/devkitARM/bin/../lib/gcc/arm-none-eabi/13.1.0/../../../../arm-none-eabi/lib\libm.a(libm_a-k_rem_pio2.o)
                0x02011340                __kernel_rem_pio2
 .text.scalbn   0x02011f40      0x180 C:/devkitPro/devkitARM/bin/../lib/gcc/arm-none-eabi/13.1.0/../../../../arm-none-eabi/lib\libm.a(libm_a-s_scalbn.o)
                0x02011f40                scalbn
 .text.scalbnf  0x020120c0      0x128 C:/devkitPro/devkitARM/bin/../lib/gcc/arm-none-eabi/13.1.0/../../../../arm-none-eabi/lib\libm.a(libm_a-sf_scalbn.o)
                0x020120c0                scalbnf
 .text.floor    0x020121e8      0x184 C:/devkitPro/devkitARM/bin/../lib/gcc/arm-none-eabi/13.1.0/../../../../arm-none-eabi/lib\libm.a(libm_a-s_floor.o)
                0x020121e8                floor
 .text.selfrel_offset31
                0x0201236c       0x18 C:/devkitPro/devkitARM/bin/../lib/gcc/arm-none-eabi/13.1.0\libgcc.a(unwind-arm.o)
 .text.search_EIT_table
                0x02012384       0x98 C:/devkitPro/devkitARM/bin/../lib/gcc/arm-none-eabi/13.1.0\libgcc.a(unwind-arm.o)
 .text.__gnu_unwind_get_pr_addr
                0x0201241c       0x40 C:/devkitPro/devkitARM/bin/../lib/gcc/arm-none-eabi/13.1.0\libgcc.a(unwind-arm.o)
 .text.get_eit_entry
                0x0201245c      0x118 C:/devkitPro/devkitARM/bin/../lib/gcc/arm-none-eabi/13.1.0\libgcc.a(unwind-arm.o)
 .text.restore_non_core_regs
                0x02012574       0x90 C:/devkitPro/devkitARM/bin/../lib/gcc/arm-none-eabi/13.1.0\libgcc.a(unwind-arm.o)
 .text._Unwind_decode_typeinfo_ptr.constprop.0
                0x02012604       0x14 C:/devkitPro/devkitARM/bin/../lib/gcc/arm-none-eabi/13.1.0\libgcc.a(unwind-arm.o)
 .text._Unwind_DebugHook
                0x02012618        0x4 C:/devkitPro/devkitARM/bin/../lib/gcc/arm-none-eabi/13.1.0\libgcc.a(unwind-arm.o)
 .text.unwind_phase2
                0x0201261c       0x68 C:/devkitPro/devkitARM/bin/../lib/gcc/arm-none-eabi/13.1.0\libgcc.a(unwind-arm.o)
 .text.unwind_phase2_forced
                0x02012684      0x154 C:/devkitPro/devkitARM/bin/../lib/gcc/arm-none-eabi/13.1.0\libgcc.a(unwind-arm.o)
 .text.__gnu_Unwind_RaiseException
                0x020127d8       0xac C:/devkitPro/devkitARM/bin/../lib/gcc/arm-none-eabi/13.1.0\libgcc.a(unwind-arm.o)
                0x020127d8                __gnu_Unwind_RaiseException
 .text.__gnu_Unwind_ForcedUnwind
                0x02012884       0x28 C:/devkitPro/devkitARM/bin/../lib/gcc/arm-none-eabi/13.1.0\libgcc.a(unwind-arm.o)
                0x02012884                __gnu_Unwind_ForcedUnwind
 .text.__gnu_Unwind_Resume
                0x020128ac       0x78 C:/devkitPro/devkitARM/bin/../lib/gcc/arm-none-eabi/13.1.0\libgcc.a(unwind-arm.o)
                0x020128ac                __gnu_Unwind_Resume
 .text.__gnu_Unwind_Resume_or_Rethrow
                0x02012924       0x1c C:/devkitPro/devkitARM/bin/../lib/gcc/arm-none-eabi/13.1.0\libgcc.a(unwind-arm.o)
                0x02012924                __gnu_Unwind_Resume_or_Rethrow
 .text._Unwind_Complete
                0x02012940        0x4 C:/devkitPro/devkitARM/bin/../lib/gcc/arm-none-eabi/13.1.0\libgcc.a(unwind-arm.o)
                0x02012940                _Unwind_Complete
 .text._Unwind_DeleteException
                0x02012944       0x18 C:/devkitPro/devkitARM/bin/../lib/gcc/arm-none-eabi/13.1.0\libgcc.a(unwind-arm.o)
                0x02012944                _Unwind_DeleteException
 .text._Unwind_VRS_Get
                0x0201295c       0x6c C:/devkitPro/devkitARM/bin/../lib/gcc/arm-none-eabi/13.1.0\libgcc.a(unwind-arm.o)
                0x0201295c                _Unwind_VRS_Get
 .text._Unwind_GetGR
                0x020129c8       0x30 C:/devkitPro/devkitARM/bin/../lib/gcc/arm-none-eabi/13.1.0\libgcc.a(unwind-arm.o)
 .text._Unwind_VRS_Set
                0x020129f8       0x6c C:/devkitPro/devkitARM/bin/../lib/gcc/arm-none-eabi/13.1.0\libgcc.a(unwind-arm.o)
                0x020129f8                _Unwind_VRS_Set
 .text._Unwind_SetGR
                0x02012a64       0x30 C:/devkitPro/devkitARM/bin/../lib/gcc/arm-none-eabi/13.1.0\libgcc.a(unwind-arm.o)
 .text.__gnu_Unwind_Backtrace
                0x02012a94       0xcc C:/devkitPro/devkitARM/bin/../lib/gcc/arm-none-eabi/13.1.0\libgcc.a(unwind-arm.o)
                0x02012a94                __gnu_Unwind_Backtrace
 .text.__gnu_unwind_pr_common
                0x02012b60      0x41c C:/devkitPro/devkitARM/bin/../lib/gcc/arm-none-eabi/13.1.0\libgcc.a(unwind-arm.o)
 .text.__aeabi_unwind_cpp_pr0
                0x02012f7c        0x8 C:/devkitPro/devkitARM/bin/../lib/gcc/arm-none-eabi/13.1.0\libgcc.a(unwind-arm.o)
                0x02012f7c                __aeabi_unwind_cpp_pr0
 .text.__aeabi_unwind_cpp_pr1
                0x02012f84        0x8 C:/devkitPro/devkitARM/bin/../lib/gcc/arm-none-eabi/13.1.0\libgcc.a(unwind-arm.o)
                0x02012f84                __aeabi_unwind_cpp_pr1
 .text.__aeabi_unwind_cpp_pr2
                0x02012f8c        0x8 C:/devkitPro/devkitARM/bin/../lib/gcc/arm-none-eabi/13.1.0\libgcc.a(unwind-arm.o)
                0x02012f8c                __aeabi_unwind_cpp_pr2
 .text._Unwind_VRS_Pop
                0x02012f94      0x42c C:/devkitPro/devkitARM/bin/../lib/gcc/arm-none-eabi/13.1.0\libgcc.a(unwind-arm.o)
                0x02012f94                _Unwind_VRS_Pop
 .text.next_unwind_byte
                0x020133c0       0x60 C:/devkitPro/devkitARM/bin/../lib/gcc/arm-none-eabi/13.1.0\libgcc.a(pr-support.o)
 .text._Unwind_GetGR.constprop.0
                0x02013420       0x30 C:/devkitPro/devkitARM/bin/../lib/gcc/arm-none-eabi/13.1.0\libgcc.a(pr-support.o)
 .text.unwind_UCB_from_context
                0x02013450        0x4 C:/devkitPro/devkitARM/bin/../lib/gcc/arm-none-eabi/13.1.0\libgcc.a(pr-support.o)
 .text.__gnu_unwind_execute
                0x02013454      0x470 C:/devkitPro/devkitARM/bin/../lib/gcc/arm-none-eabi/13.1.0\libgcc.a(pr-support.o)
                0x02013454                __gnu_unwind_execute
 .text.__gnu_unwind_frame
                0x020138c4       0x4c C:/devkitPro/devkitARM/bin/../lib/gcc/arm-none-eabi/13.1.0\libgcc.a(pr-support.o)
                0x020138c4                __gnu_unwind_frame
 .text._Unwind_GetRegionStart
                0x02013910       0x14 C:/devkitPro/devkitARM/bin/../lib/gcc/arm-none-eabi/13.1.0\libgcc.a(pr-support.o)
                0x02013910                _Unwind_GetRegionStart
 .text._Unwind_GetLanguageSpecificData
                0x02013924       0x20 C:/devkitPro/devkitARM/bin/../lib/gcc/arm-none-eabi/13.1.0\libgcc.a(pr-support.o)
                0x02013924                _Unwind_GetLanguageSpecificData
 .text.unlikely._Unwind_GetDataRelBase
                0x02013944        0x8 C:/devkitPro/devkitARM/bin/../lib/gcc/arm-none-eabi/13.1.0\libgcc.a(pr-support.o)
                0x02013944                _Unwind_GetDataRelBase
 .text.unlikely._Unwind_GetTextRelBase
                0x0201394c        0x8 C:/devkitPro/devkitARM/bin/../lib/gcc/arm-none-eabi/13.1.0\libgcc.a(pr-support.o)
                0x0201394c                _Unwind_GetTextRelBase
 .text.printf   0x02013954       0x34 C:/devkitPro/devkitARM/bin/../lib/gcc/arm-none-eabi/13.1.0/../../../../arm-none-eabi/lib\libg.a(libc_a-printf.o)
                0x02013954                printf
 .text._puts_r  0x02013988       0xe4 C:/devkitPro/devkitARM/bin/../lib/gcc/arm-none-eabi/13.1.0/../../../../arm-none-eabi/lib\libg.a(libc_a-puts.o)
                0x02013988                _puts_r
 .text.puts     0x02013a6c       0x18 C:/devkitPro/devkitARM/bin/../lib/gcc/arm-none-eabi/13.1.0/../../../../arm-none-eabi/lib\libg.a(libc_a-puts.o)
                0x02013a6c                puts
 .text.abort    0x02013a84       0x14 C:/devkitPro/devkitARM/bin/../lib/gcc/arm-none-eabi/13.1.0/../../../../arm-none-eabi/lib\libg.a(libc_a-abort.o)
                0x02013a84                abort
 .text.siscanf  0x02013a98       0x74 C:/devkitPro/devkitARM/bin/../lib/gcc/arm-none-eabi/13.1.0/../../../../arm-none-eabi/lib\libg.a(libc_a-siscanf.o)
                0x02013a98                siscanf
 .text.__assert_func
                0x02013b0c       0x5c C:/devkitPro/devkitARM/bin/../lib/gcc/arm-none-eabi/13.1.0/../../../../arm-none-eabi/lib\libg.a(libc_a-assert.o)
                0x02013b0c                __assert_func
 .text.setvbuf  0x02013b68      0x25c C:/devkitPro/devkitARM/bin/../lib/gcc/arm-none-eabi/13.1.0/../../../../arm-none-eabi/lib\libg.a(libc_a-setvbuf.o)
                0x02013b68                setvbuf
 .text.fiprintf
                0x02013dc4       0x3c C:/devkitPro/devkitARM/bin/../lib/gcc/arm-none-eabi/13.1.0/../../../../arm-none-eabi/lib\libg.a(libc_a-fiprintf.o)
                0x02013dc4                fiprintf
 .text.get_arg  0x02013e00       0x54 C:/devkitPro/devkitARM/bin/../lib/gcc/arm-none-eabi/13.1.0/../../../../arm-none-eabi/lib\libg.a(libc_a-svfiscanf.o)
 .text._sungetc_r
                0x02013e54       0xe4 C:/devkitPro/devkitARM/bin/../lib/gcc/arm-none-eabi/13.1.0/../../../../arm-none-eabi/lib\libg.a(libc_a-svfiscanf.o)
                0x02013e54                _sungetc_r
 .text.__ssrefill_r
                0x02013f38       0x68 C:/devkitPro/devkitARM/bin/../lib/gcc/arm-none-eabi/13.1.0/../../../../arm-none-eabi/lib\libg.a(libc_a-svfiscanf.o)
                0x02013f38                __ssrefill_r
 .text._sfread_r
                0x02013fa0       0xc8 C:/devkitPro/devkitARM/bin/../lib/gcc/arm-none-eabi/13.1.0/../../../../arm-none-eabi/lib\libg.a(libc_a-svfiscanf.o)
                0x02013fa0                _sfread_r
 .text.__ssvfiscanf_r
                0x02014068     0x22dc C:/devkitPro/devkitARM/bin/../lib/gcc/arm-none-eabi/13.1.0/../../../../arm-none-eabi/lib\libg.a(libc_a-svfiscanf.o)
                0x02014068                __ssvfiscanf_r
 .text._malloc_trim_r
                0x02016344      0x100 C:/devkitPro/devkitARM/bin/../lib/gcc/arm-none-eabi/13.1.0/../../../../arm-none-eabi/lib\libg.a(libc_a-freer.o)
                0x02016344                _malloc_trim_r
 .text._free_r  0x02016444      0x2e8 C:/devkitPro/devkitARM/bin/../lib/gcc/arm-none-eabi/13.1.0/../../../../arm-none-eabi/lib\libg.a(libc_a-freer.o)
                0x02016444                _free_r
 .text.iprintf  0x0201672c       0x34 C:/devkitPro/devkitARM/bin/../lib/gcc/arm-none-eabi/13.1.0/../../../../arm-none-eabi/lib\libg.a(libc_a-iprintf.o)
                0x0201672c                iprintf
 .text.strchr   0x02016760      0x13c C:/devkitPro/devkitARM/bin/../lib/gcc/arm-none-eabi/13.1.0/../../../../arm-none-eabi/lib\libg.a(libc_a-strchr.o)
                0x02016760                strchr
 .text.memcmp   0x0201689c       0xe0 C:/devkitPro/devkitARM/bin/../lib/gcc/arm-none-eabi/13.1.0/../../../../arm-none-eabi/lib\libg.a(libc_a-memcmp.o)
                0x0201689c                memcmp
 .text._fclose_r
                0x0201697c      0x150 C:/devkitPro/devkitARM/bin/../lib/gcc/arm-none-eabi/13.1.0/../../../../arm-none-eabi/lib\libg.a(libc_a-fclose.o)
                0x0201697c                _fclose_r
 .text.fclose   0x02016acc       0x18 C:/devkitPro/devkitARM/bin/../lib/gcc/arm-none-eabi/13.1.0/../../../../arm-none-eabi/lib\libg.a(libc_a-fclose.o)
                0x02016acc                fclose
 .text.malloc   0x02016ae4       0x1c C:/devkitPro/devkitARM/bin/../lib/gcc/arm-none-eabi/13.1.0/../../../../arm-none-eabi/lib\libg.a(libc_a-malloc.o)
                0x02016ae4                malloc
 .text.free     0x02016b00       0x1c C:/devkitPro/devkitARM/bin/../lib/gcc/arm-none-eabi/13.1.0/../../../../arm-none-eabi/lib\libg.a(libc_a-malloc.o)
                0x02016b00                free
 .text._malloc_r
                0x02016b1c      0x7a4 C:/devkitPro/devkitARM/bin/../lib/gcc/arm-none-eabi/13.1.0/../../../../arm-none-eabi/lib\libg.a(libc_a-mallocr.o)
                0x02016b1c                _malloc_r
 .text.getenv   0x020172c0       0x28 C:/devkitPro/devkitARM/bin/../lib/gcc/arm-none-eabi/13.1.0/../../../../arm-none-eabi/lib\libg.a(libc_a-getenv.o)
                0x020172c0                getenv
 .text.memmove  0x020172e8      0x154 C:/devkitPro/devkitARM/bin/../lib/gcc/arm-none-eabi/13.1.0/../../../../arm-none-eabi/lib\libg.a(libc_a-memmove.o)
                0x020172e8                memmove
 .text._findenv_r
                0x0201743c       0xd0 C:/devkitPro/devkitARM/bin/../lib/gcc/arm-none-eabi/13.1.0/../../../../arm-none-eabi/lib\libg.a(libc_a-getenv_r.o)
                0x0201743c                _findenv_r
 .text.memset   0x0201750c       0xfc C:/devkitPro/devkitARM/bin/../lib/gcc/arm-none-eabi/13.1.0/../../../../arm-none-eabi/lib\libg.a(libc_a-memset.o)
                0x0201750c                memset
 .text.__malloc_lock
                0x02017608       0x18 C:/devkitPro/devkitARM/bin/../lib/gcc/arm-none-eabi/13.1.0/../../../../arm-none-eabi/lib\libg.a(libc_a-mlock.o)
                0x02017608                __malloc_lock
 .text.__malloc_unlock
                0x02017620       0x18 C:/devkitPro/devkitARM/bin/../lib/gcc/arm-none-eabi/13.1.0/../../../../arm-none-eabi/lib\libg.a(libc_a-mlock.o)
                0x02017620                __malloc_unlock
 .text.get_arg  0x02017638      0x654 C:/devkitPro/devkitARM/bin/../lib/gcc/arm-none-eabi/13.1.0/../../../../arm-none-eabi/lib\libg.a(libc_a-vfprintf.o)
 .text._vfprintf_r
                0x02017c8c     0x35f8 C:/devkitPro/devkitARM/bin/../lib/gcc/arm-none-eabi/13.1.0/../../../../arm-none-eabi/lib\libg.a(libc_a-vfprintf.o)
                0x02017c8c                _vfprintf_r
 .text.__sbprintf
                0x0201b284       0xbc C:/devkitPro/devkitARM/bin/../lib/gcc/arm-none-eabi/13.1.0/../../../../arm-none-eabi/lib\libg.a(libc_a-vfprintf.o)
 .text._raise_r
                0x0201b340       0x94 C:/devkitPro/devkitARM/bin/../lib/gcc/arm-none-eabi/13.1.0/../../../../arm-none-eabi/lib\libg.a(libc_a-signal.o)
                0x0201b340                _raise_r
 .text.raise    0x0201b3d4       0x18 C:/devkitPro/devkitARM/bin/../lib/gcc/arm-none-eabi/13.1.0/../../../../arm-none-eabi/lib\libg.a(libc_a-signal.o)
                0x0201b3d4                raise
 .text.strlen   0x0201b3ec       0x94 C:/devkitPro/devkitARM/bin/../lib/gcc/arm-none-eabi/13.1.0/../../../../arm-none-eabi/lib\libg.a(libc_a-strlen.o)
                0x0201b3ec                strlen
 .text._fopen_r
                0x0201b480      0x138 C:/devkitPro/devkitARM/bin/../lib/gcc/arm-none-eabi/13.1.0/../../../../arm-none-eabi/lib\libg.a(libc_a-fopen.o)
                0x0201b480                _fopen_r
 .text.fopen    0x0201b5b8       0x20 C:/devkitPro/devkitARM/bin/../lib/gcc/arm-none-eabi/13.1.0/../../../../arm-none-eabi/lib\libg.a(libc_a-fopen.o)
                0x0201b5b8                fopen
 .text.__sflush_r
                0x0201b5d8      0x248 C:/devkitPro/devkitARM/bin/../lib/gcc/arm-none-eabi/13.1.0/../../../../arm-none-eabi/lib\libg.a(libc_a-fflush.o)
                0x0201b5d8                __sflush_r
 .text._fflush_r
                0x0201b820       0x9c C:/devkitPro/devkitARM/bin/../lib/gcc/arm-none-eabi/13.1.0/../../../../arm-none-eabi/lib\libg.a(libc_a-fflush.o)
                0x0201b820                _fflush_r
 .text.__sfvwrite_r
                0x0201b8bc      0x4c8 C:/devkitPro/devkitARM/bin/../lib/gcc/arm-none-eabi/13.1.0/../../../../arm-none-eabi/lib\libg.a(libc_a-fvwrite.o)
                0x0201b8bc                __sfvwrite_r
 .text.strncmp  0x0201bd84       0xec C:/devkitPro/devkitARM/bin/../lib/gcc/arm-none-eabi/13.1.0/../../../../arm-none-eabi/lib\libg.a(libc_a-strncmp.o)
                0x0201bd84                strncmp
 .text._fwalk_sglue
                0x0201be70       0x78 C:/devkitPro/devkitARM/bin/../lib/gcc/arm-none-eabi/13.1.0/../../../../arm-none-eabi/lib\libg.a(libc_a-fwalk.o)
                0x0201be70                _fwalk_sglue
 .text._fread_r
                0x0201bee8      0x33c C:/devkitPro/devkitARM/bin/../lib/gcc/arm-none-eabi/13.1.0/../../../../arm-none-eabi/lib\libg.a(libc_a-fread.o)
                0x0201bee8                _fread_r
 .text.fread    0x0201c224       0x3c C:/devkitPro/devkitARM/bin/../lib/gcc/arm-none-eabi/13.1.0/../../../../arm-none-eabi/lib\libg.a(libc_a-fread.o)
                0x0201c224                fread
 .text._realloc_r
                0x0201c260      0x4b8 C:/devkitPro/devkitARM/bin/../lib/gcc/arm-none-eabi/13.1.0/../../../../arm-none-eabi/lib\libg.a(libc_a-reallocr.o)
                0x0201c260                _realloc_r
 .text.strncpy  0x0201c718       0xd0 C:/devkitPro/devkitARM/bin/../lib/gcc/arm-none-eabi/13.1.0/../../../../arm-none-eabi/lib\libg.a(libc_a-strncpy.o)
                0x0201c718                strncpy
 .text.stdio_exit_handler
                0x0201c7e8       0x28 C:/devkitPro/devkitARM/bin/../lib/gcc/arm-none-eabi/13.1.0/../../../../arm-none-eabi/lib\libg.a(libc_a-findfp.o)
 .text.cleanup_stdio
                0x0201c810       0x54 C:/devkitPro/devkitARM/bin/../lib/gcc/arm-none-eabi/13.1.0/../../../../arm-none-eabi/lib\libg.a(libc_a-findfp.o)
 .text.global_stdio_init.part.0
                0x0201c864      0x158 C:/devkitPro/devkitARM/bin/../lib/gcc/arm-none-eabi/13.1.0/../../../../arm-none-eabi/lib\libg.a(libc_a-findfp.o)
 .text.__sfp    0x0201c9bc      0x138 C:/devkitPro/devkitARM/bin/../lib/gcc/arm-none-eabi/13.1.0/../../../../arm-none-eabi/lib\libg.a(libc_a-findfp.o)
                0x0201c9bc                __sfp
 .text.__sinit  0x0201caf4       0x64 C:/devkitPro/devkitARM/bin/../lib/gcc/arm-none-eabi/13.1.0/../../../../arm-none-eabi/lib\libg.a(libc_a-findfp.o)
                0x0201caf4                __sinit
 .text.__sfp_lock_acquire
                0x0201cb58       0x18 C:/devkitPro/devkitARM/bin/../lib/gcc/arm-none-eabi/13.1.0/../../../../arm-none-eabi/lib\libg.a(libc_a-findfp.o)
                0x0201cb58                __sfp_lock_acquire
 .text.__sfp_lock_release
                0x0201cb70       0x18 C:/devkitPro/devkitARM/bin/../lib/gcc/arm-none-eabi/13.1.0/../../../../arm-none-eabi/lib\libg.a(libc_a-findfp.o)
                0x0201cb70                __sfp_lock_release
 .text.srand    0x0201cb88       0x20 C:/devkitPro/devkitARM/bin/../lib/gcc/arm-none-eabi/13.1.0/../../../../arm-none-eabi/lib\libg.a(libc_a-rand.o)
                0x0201cb88                srand
 .text.rand     0x0201cba8       0x48 C:/devkitPro/devkitARM/bin/../lib/gcc/arm-none-eabi/13.1.0/../../../../arm-none-eabi/lib\libg.a(libc_a-rand.o)
                0x0201cba8                rand
 .text._fseek_r
                0x0201cbf0       0x20 C:/devkitPro/devkitARM/bin/../lib/gcc/arm-none-eabi/13.1.0/../../../../arm-none-eabi/lib\libg.a(libc_a-fseek.o)
                0x0201cbf0                _fseek_r
 .text.fseek    0x0201cc10       0x38 C:/devkitPro/devkitARM/bin/../lib/gcc/arm-none-eabi/13.1.0/../../../../arm-none-eabi/lib\libg.a(libc_a-fseek.o)
                0x0201cc10                fseek
 .text._strtol_l.part.0
                0x0201cc48      0x1b4 C:/devkitPro/devkitARM/bin/../lib/gcc/arm-none-eabi/13.1.0/../../../../arm-none-eabi/lib\libg.a(libc_a-strtol.o)
 .text._strtol_r
                0x0201cdfc       0x64 C:/devkitPro/devkitARM/bin/../lib/gcc/arm-none-eabi/13.1.0/../../../../arm-none-eabi/lib\libg.a(libc_a-strtol.o)
                0x0201cdfc                _strtol_r
 .text.realloc  0x0201ce60       0x24 C:/devkitPro/devkitARM/bin/../lib/gcc/arm-none-eabi/13.1.0/../../../../arm-none-eabi/lib\libg.a(libc_a-realloc.o)
                0x0201ce60                realloc
 .text._strtoul_l.isra.0
                0x0201ce84      0x1dc C:/devkitPro/devkitARM/bin/../lib/gcc/arm-none-eabi/13.1.0/../../../../arm-none-eabi/lib\libg.a(libc_a-strtoul.o)
 .text._strtoul_r
                0x0201d060       0x30 C:/devkitPro/devkitARM/bin/../lib/gcc/arm-none-eabi/13.1.0/../../../../arm-none-eabi/lib\libg.a(libc_a-strtoul.o)
                0x0201d060                _strtoul_r
 .text.strtoul  0x0201d090       0x34 C:/devkitPro/devkitARM/bin/../lib/gcc/arm-none-eabi/13.1.0/../../../../arm-none-eabi/lib\libg.a(libc_a-strtoul.o)
                0x0201d090                strtoul
 .text.__locale_mb_cur_max
                0x0201d0c4       0x28 C:/devkitPro/devkitARM/bin/../lib/gcc/arm-none-eabi/13.1.0/../../../../arm-none-eabi/lib\libg.a(libc_a-locale.o)
                0x0201d0c4                __locale_mb_cur_max
 .text.time     0x0201d0ec       0x50 C:/devkitPro/devkitARM/bin/../lib/gcc/arm-none-eabi/13.1.0/../../../../arm-none-eabi/lib\libg.a(libc_a-time.o)
                0x0201d0ec                time
 .text._localeconv_r
                0x0201d13c       0x28 C:/devkitPro/devkitARM/bin/../lib/gcc/arm-none-eabi/13.1.0/../../../../arm-none-eabi/lib\libg.a(libc_a-localeconv.o)
                0x0201d13c                _localeconv_r
 .text.memchr   0x0201d164       0xf0 C:/devkitPro/devkitARM/bin/../lib/gcc/arm-none-eabi/13.1.0/../../../../arm-none-eabi/lib\libg.a(libc_a-memchr-stub.o)
                0x0201d164                memchr
 .text.__utf8_wctomb
                0x0201d254       0xf4 C:/devkitPro/devkitARM/bin/../lib/gcc/arm-none-eabi/13.1.0/../../../../arm-none-eabi/lib\libg.a(libc_a-wctomb_r.o)
                0x0201d254                __utf8_wctomb
 .text.memcpy   0x0201d348      0x114 C:/devkitPro/devkitARM/bin/../lib/gcc/arm-none-eabi/13.1.0/../../../../arm-none-eabi/lib\libg.a(libc_a-memcpy-stub.o)
                0x0201d348                memcpy
 .text.__sync_synchronize
                0x0201d45c        0x4 C:/devkitPro/devkitARM/bin/../lib/gcc/arm-none-eabi/13.1.0/../../../../arm-none-eabi/lib\libg.a(libc_a-sync_synchronize.o)
                0x0201d45c                __sync_synchronize
 .text.__libc_init_array
                0x0201d460       0x90 C:/devkitPro/devkitARM/bin/../lib/gcc/arm-none-eabi/13.1.0/../../../../arm-none-eabi/lib\libg.a(libc_a-init.o)
                0x0201d460                __libc_init_array
 .text.__errno  0x0201d4f0       0x10 C:/devkitPro/devkitARM/bin/../lib/gcc/arm-none-eabi/13.1.0/../../../../arm-none-eabi/lib\libg.a(libc_a-errno.o)
                0x0201d4f0                __errno
 .text.frexp    0x0201d500       0xa4 C:/devkitPro/devkitARM/bin/../lib/gcc/arm-none-eabi/13.1.0/../../../../arm-none-eabi/lib\libg.a(libm_a-s_frexp.o)
                0x0201d500                frexp
 .text._strtoll_l.isra.0
                0x0201d5a4      0x23c C:/devkitPro/devkitARM/bin/../lib/gcc/arm-none-eabi/13.1.0/../../../../arm-none-eabi/lib\libg.a(libc_a-strtoll.o)
 .text._strtoll_r
                0x0201d7e0       0x30 C:/devkitPro/devkitARM/bin/../lib/gcc/arm-none-eabi/13.1.0/../../../../arm-none-eabi/lib\libg.a(libc_a-strtoll.o)
                0x0201d7e0                _strtoll_r
 .text._strtoull_l.isra.0
                0x0201d810      0x260 C:/devkitPro/devkitARM/bin/../lib/gcc/arm-none-eabi/13.1.0/../../../../arm-none-eabi/lib\libg.a(libc_a-strtoull.o)
 .text._strtoull_r
                0x0201da70       0x30 C:/devkitPro/devkitARM/bin/../lib/gcc/arm-none-eabi/13.1.0/../../../../arm-none-eabi/lib\libg.a(libc_a-strtoull.o)
                0x0201da70                _strtoull_r
 .text.iswspace
                0x0201daa0       0x14 C:/devkitPro/devkitARM/bin/../lib/gcc/arm-none-eabi/13.1.0/../../../../arm-none-eabi/lib\libg.a(libc_a-iswspace.o)
                0x0201daa0                iswspace
 .text._mbrtowc_r
                0x0201dab4       0xc0 C:/devkitPro/devkitARM/bin/../lib/gcc/arm-none-eabi/13.1.0/../../../../arm-none-eabi/lib\libg.a(libc_a-mbrtowc.o)
                0x0201dab4                _mbrtowc_r
 .text.__smakebuf_r