Archive member included to satisfy reference by file (symbol)

C:/devkitPro/libnds/lib\libmm9.a(mm_comms.o)
                              SoundManager.o (mmStart)
C:/devkitPro/libnds/lib\libmm9.a(mm_memory.o)
                              SoundManager.o (mmLoad)
C:/devkitPro/libnds/lib\libmm9.a(mm_main9.o)
                              C:/devkitPro/libnds/lib\libmm9.a(mm_memory.o) (mmcbMemory)
C:/devkitPro/libnds/lib\libmm9.a(mm_soundbank.o)
                              C:/devkitPro/libnds/lib\libmm9.a(mm_main9.o) (mmSoundBankInMemory)
C:/devkitPro/libnds/lib\libmm9.a(mm_flusher.o)
                              C:/devkitPro/libnds/lib\libmm9.a(mm_memory.o) (mmFlushBank)
C:/devkitPro/libnds/lib\libnds9.a(background.o)
                              HardwareManagerInitialization.o (bgInit_call)
C:/devkitPro/libnds/lib\libnds9.a(trig.o)
                              C:/devkitPro/libnds/lib\libnds9.a(background.o) (sinLerp)
C:/devkitPro/libnds/lib\libnds9.a(touch.o)
                              GameplayScene.o (touchRead)
C:/devkitPro/libnds/lib\libnds9.a(sprite_alloc.o)
                              GraphicsHandler.o (oamAllocateGfx)
C:/devkitPro/libnds/lib\libnds9.a(system.o)
                              HardwareManagerInitialization.o (powerOn)
C:/devkitPro/libnds/lib\libnds9.a(console.o)
                              GraphicsHandler.o (consoleSetFont)
C:/devkitPro/libnds/lib\libnds9.a(sprite.o)
                              HardwareManagerInitialization.o (oamInit)
C:/devkitPro/libnds/lib\libnds9.a(keys.o)
                              Scene.o (scanKeys)
C:/devkitPro/libnds/lib\libnds9.a(initSystem.o)
                              C:/devkitPro/devkitARM/bin/../lib/gcc/arm-none-eabi/13.1.0/../../../../arm-none-eabi/lib/ds_arm9_crt0.o (initSystem)
C:/devkitPro/libnds/lib\libnds9.a(securearea.o)
                              C:/devkitPro/devkitARM/bin/../lib/gcc/arm-none-eabi/13.1.0/../../../../arm-none-eabi/lib/ds_arm9_crt0.o (__secure_area__)
C:/devkitPro/libnds/lib\libnds9.a(timers.o)
                              HardwareManagerInitialization.o (cpuStartTiming)
C:/devkitPro/libnds/lib\libnds9.a(interrupts.o)
                              C:/devkitPro/libnds/lib\libnds9.a(timers.o) (irqSet)
C:/devkitPro/libnds/lib\libnds9.a(libnds_exit.arm.o)
                              C:/devkitPro/devkitARM/bin/../lib/gcc/arm-none-eabi/13.1.0/../../../../arm-none-eabi/lib/ds_arm9_crt0.o (__libnds_exit)
C:/devkitPro/libnds/lib\libnds9.a(fifosystem.o)
                              C:/devkitPro/libnds/lib\libmm9.a(mm_comms.o) (fifoSetValue32Handler)
C:/devkitPro/libnds/lib\libnds9.a(dcache.o)
                              C:/devkitPro/libnds/lib\libnds9.a(sprite.o) (DC_FlushRange)
C:/devkitPro/libnds/lib\libnds9.a(mpu_setup.o)
                              C:/devkitPro/devkitARM/bin/../lib/gcc/arm-none-eabi/13.1.0/../../../../arm-none-eabi/lib/ds_arm9_crt0.o (__libnds_mpu_setup)
C:/devkitPro/libnds/lib\libnds9.a(IntrWait.o)
                              HardwareManagerUtilities.o (swiWaitForVBlank)
C:/devkitPro/libnds/lib\libnds9.a(cpu_clock.o)
                              C:/devkitPro/libnds/lib\libnds9.a(initSystem.o) (setCpuClock)
C:/devkitPro/libnds/lib\libnds9.a(interruptDispatcher.o)
                              C:/devkitPro/libnds/lib\libnds9.a(interrupts.o) (IntrMain)
C:/devkitPro/libnds/lib\libnds9.a(biosCalls.o)
                              C:/devkitPro/libnds/lib\libnds9.a(system.o) (swiDelay)
C:/devkitPro/libnds/lib\libnds9.a(debugprint.o)
                              C:/devkitPro/libnds/lib\libnds9.a(console.o) (nocashWrite)
C:/devkitPro/libnds/lib\libnds9.a(swiSoftReset.o)
                              C:/devkitPro/libnds/lib\libnds9.a(fifosystem.o) (swiSoftReset)
C:/devkitPro/libnds/lib\libnds9.a(default_font.bin.o)
                              C:/devkitPro/libnds/lib\libnds9.a(console.o) (default_font_bin)
C:/devkitPro/libnds/lib\libnds9.a(video.o)
                              C:/devkitPro/libnds/lib\libnds9.a(initSystem.o) (vramDefault)
C:/devkitPro/devkitARM/bin/../lib/gcc/arm-none-eabi/13.1.0/../../../../arm-none-eabi/lib\libstdc++.a(del_ops.o)
                              Balloon.o (operator delete(void*, unsigned int))
C:/devkitPro/devkitARM/bin/../lib/gcc/arm-none-eabi/13.1.0/../../../../arm-none-eabi/lib\libstdc++.a(new_op.o)
                              Balloon.o (operator new(unsigned int))
C:/devkitPro/devkitARM/bin/../lib/gcc/arm-none-eabi/13.1.0/../../../../arm-none-eabi/lib\libstdc++.a(tree.o)
                              AnimatedEntity.o (std::_Rb_tree_increment(std::_Rb_tree_node_base*))
C:/devkitPro/devkitARM/bin/../lib/gcc/arm-none-eabi/13.1.0/../../../../arm-none-eabi/lib\libstdc++.a(functexcept.o)
                              GameplayScene.o (std::__throw_bad_alloc())
C:/devkitPro/devkitARM/bin/../lib/gcc/arm-none-eabi/13.1.0/../../../../arm-none-eabi/lib\libstdc++.a(functional.o)
                              Animation.o (std::__throw_bad_function_call())
[...]
Memory Configuration

Name             Origin             Length             Attributes
ewram            0x02000000         0x00380000
dtcm             0x02ff0000         0x00004000
vectors          0x01000000         0x00000100
itcm             0x01000100         0x00007f00
*default*        0x00000000         0xffffffff

Linker script and memory map

                0x02380000                        __ewram_end = (ORIGIN (ewram) + LENGTH (ewram))
                0x02380000                        __eheap_end = (ORIGIN (ewram) + LENGTH (ewram))
                0x02ff4000                        __dtcm_top = (ORIGIN (dtcm) + LENGTH (dtcm))
                0x02ff3ff8                        __irq_flags = (__dtcm_top - 0x8)
                0x02ff3ffc                        __irq_vector = (__dtcm_top - 0x4)
                0x02ff3f00                        __sp_svc = (__dtcm_top - 0x100)
                0x02ff3e00                        __sp_irq = (__sp_svc - 0x100)
                0x02ff3d00                        __sp_usr = (__sp_irq - 0x100)

.secure         0x02000000      0x800
 *(.secure)
 .secure        0x02000000      0x800 C:/devkitPro/libnds/lib\libnds9.a(securearea.o)
                0x02000000                __secure_area__

.crt0           0x02000800      0x300
                0x02000800                        __text_start = .
 *(.crt0)
 .crt0          0x02000800      0x300 C:/devkitPro/devkitARM/bin/../lib/gcc/arm-none-eabi/13.1.0/../../../../arm-none-eabi/lib/ds_arm9_crt0.o
                0x02000800                _start
                0x02000b00                        . = ALIGN (0x4)

.plt
 *(.plt)

.init           0x02000b00       0x18
 *(SORT_NONE(.init))
 .init          0x02000b00        0xc C:/devkitPro/devkitARM/bin/../lib/gcc/arm-none-eabi/13.1.0/crti.o
                0x02000b00                _init
 .init          0x02000b0c        0xc C:/devkitPro/devkitARM/bin/../lib/gcc/arm-none-eabi/13.1.0/crtn.o

.text           0x02000b18    0x25d38
 *(EXCLUDE_FILE(*.twl* *.vectors* *.itcm*) .text)
 .text          0x02000b18      0x914 Balloon.o
                0x02000ba8                Balloon::IsCollidingWith(Vector2*)
                0x02000bb0                Balloon::Burst()
                0x02000c40                Balloon::MoveUpwards()
                0x02000c70                Balloon::ApplyPhysics()
                0x02000cb0                Balloon::SetPositionToRandomPoint()
                0x02000d70                Balloon::Respawn()
                0x02000de0                Balloon::OnGetAboveScreen()
                0x02000dfc                Balloon::BalloonIdleUpdate()
                0x02000e5c                Balloon::BalloonBurstedUpdate()
                0x02000e8c                Balloon::Update()
                0x02000f6c                Balloon::Balloon(GameManager*, std::vector<void*, std::allocator<void*> >, std::vector<void*, std::allocator<void*> >)
                0x02000f6c                Balloon::Balloon(GameManager*, std::vector<void*, std::allocator<void*> >, std::vector<void*, std::allocator<void*> >)
 .text          0x0200142c      0x134 GameManager.o
                0x0200142c                GameManager::GameManager(SceneManager*)
                0x0200142c                GameManager::GameManager(SceneManager*)
                0x02001448                GameManager::AddToScore(int)
                0x02001458                GameManager::GetScore()
                0x02001460                GameManager::GetHighScore()
                0x02001468                GameManager::GetCurrentLife()
                0x02001470                GameManager::RemoveLife()
                0x020014b4                GameManager::OnRunOutOfLives()
                0x020014dc                GameManager::GetDifficultFactor()
                0x0200153c                GameManager::ResetGameplayData()
 .text          0x02001560      0x308 main.o
                0x0200160c                InitPressAnyKeyText(GraphicsHandler*)
 .text          0x02001868       0xb0 BurstBalloonsTextData.o
                0x02001868                BurstBalloonsTextData::GetTile(int)
                0x02001878                BurstBalloonsTextData::GetName[abi:cxx11]()
                0x020018d8                BurstBalloonsTextData::GetCenteredPositionForTile(int)
 .text          0x02001918       0x78 PressAnyKeyTextData.o
                0x02001918                PressAnyKeyTextData::GetName[abi:cxx11]()
                0x02001950                PressAnyKeyTextData::GetCenteredPositionForTile(int)
 .text          0x02001990      0x6cc AnimatedEntity.o
                0x02001990                AnimatedEntity::AnimatedEntity()
                0x02001990                AnimatedEntity::AnimatedEntity()
                0x020019d0                AnimatedEntity::AnimatedEntity(Vector2*, int, int, Vector2*, SpriteSize, std::__cxx11::basic_string<char, std::char_traits<char>, std::allocator<char> >)
                0x020019d0                AnimatedEntity::AnimatedEntity(Vector2*, int, int, Vector2*, SpriteSize, std::__cxx11::basic_string<char, std::char_traits<char>, std::allocator<char> >)
                0x02001a34                AnimatedEntity::AnimatedEntity(SpriteSize, std::__cxx11::basic_string<char, std::char_traits<char>, std::allocator<char> >)
                0x02001a34                AnimatedEntity::AnimatedEntity(SpriteSize, std::__cxx11::basic_string<char, std::char_traits<char>, std::allocator<char> >)
                0x02001a84                AnimatedEntity::GetCurrentAnimation[abi:cxx11]()
                0x02001b18                AnimatedEntity::AddAnimation(std::__cxx11::basic_string<char, std::char_traits<char>, std::allocator<char> >, Animation*)
                0x02001e44                AnimatedEntity::ChangeAnimationTo(std::__cxx11::basic_string<char, std::char_traits<char>, std::allocator<char> >)
                0x02001f54                AnimatedEntity::UpdateAnimation()
 .text          0x0200205c      0x2f0 Animation.o
                0x0200205c                Animation::Animation(float, int, bool, std::vector<void*, std::allocator<void*> >, std::function<void (void*)>)
                0x0200205c                Animation::Animation(float, int, bool, std::vector<void*, std::allocator<void*> >, std::function<void (void*)>)
                0x020021c0                Animation::Start()
                0x020021d0                Animation::Update()
                0x02002294                Animation::IsTimeToChangeFrame()
                0x020022bc                Animation::ChangeCurrentFrame()
                0x02002308                Animation::ResetCurrentFrame()
                0x0200232c                Animation::FinishAnimation()
                0x02002344                Animation::HaveFinishedExecution()
 .text          0x0200234c       0x20 CodedAnimation.o
                0x0200234c                CodedAnimation::Start()
                0x02002358                CodedAnimation::Update()
                0x0200235c                CodedAnimation::HaveFinished()
                0x02002364                CodedAnimation::IsPlaying()
 .text          0x0200236c      0x180 Entity.o
                0x0200236c                Entity::Entity()
                0x0200236c                Entity::Entity()
                0x02002370                Entity::Entity(Vector2*, int, int, Vector2*, SpriteSize)
                0x02002370                Entity::Entity(Vector2*, int, int, Vector2*, SpriteSize)
                0x020023dc                Entity::Entity(SpriteSize)
                0x020023dc                Entity::Entity(SpriteSize)
                0x0200241c                Entity::Init(int, OamState*)
                0x02002428                Entity::Render(bool, bool)
                0x020024bc                Entity::GetSprite()
                0x020024c4                Entity::SetSpriteTo(void*)
                0x020024cc                Entity::GetCurrentPalette()
                0x020024d4                Entity::SetPaletteTo(int)
                0x020024dc                Entity::GetOamID()
                0x020024e4                Entity::GetSpriteSize()
 .text          0x020024ec      0xab8 GraphicsHandler.o
                0x02002534                GraphicsHandler::GraphicsHandler(Screen)
                0x02002534                GraphicsHandler::GraphicsHandler(Screen)
                0x02002624                GraphicsHandler::Update()
                0x0200262c                GraphicsHandler::SetBackgroundTo(void const*, unsigned long, int)
                0x0200265c                GraphicsHandler::SetTextFontTo(void*, void*, unsigned short)
                0x020026b0                GraphicsHandler::InitEntity(Entity*)
                0x020026dc                GraphicsHandler::GetAvailableOamIndex()
                0x02002700                GraphicsHandler::GetAvailablePaletteIndex()
                0x02002724                GraphicsHandler::GetScreen()
                0x0200272c                GraphicsHandler::AddSprite(std::__cxx11::basic_string<char, std::char_traits<char>, std::allocator<char> >, void const*, SpriteSize)
                0x02002914                GraphicsHandler::GetSprite(std::__cxx11::basic_string<char, std::char_traits<char>, std::allocator<char> >)
                0x02002b6c                GraphicsHandler::AddPalette(void const*, std::__cxx11::basic_string<char, std::char_traits<char>, std::allocator<char> >)
                0x02002d4c                GraphicsHandler::GetPalette(std::__cxx11::basic_string<char, std::char_traits<char>, std::allocator<char> >)
 .text          0x02002fa4       0xb8 Math.o
                0x02002fa4                Math::RandomInRange(int, int)
                0x02002fc4                Math::InRange(float, float, float)
                0x0200300c                Math::GetMovementAmountFromWaveWith(float, float, float)
 .text          0x0200305c       0xac SoundManager.o
                0x0200305c                SoundManager::LoadAllSoundsFromSoundbank()
                0x02003084                SoundManager::PlaySFX(int)
                0x02003088                SoundManager::StopSFX(int)
                0x02003094                SoundManager::StopAllSFXs()
                0x02003098                SoundManager::PlaySong(int)
                0x020030b8                SoundManager::StopCurrentSong()
                0x020030d4                SoundManager::IsPlayingSong(int)
                0x020030f0                SoundManager::IsPlayingAnySong()
 .text          0x02003108      0x254 Vector2Methods.o
                0x02003108                Vector2::Vector2()
                0x02003108                Vector2::Vector2()
                0x0200310c                Vector2::Vector2(float, float)
                0x0200310c                Vector2::Vector2(float, float)
                0x02003118                Vector2::Lerp(Vector2*, Vector2*, float)
                0x0200317c                Vector2::DistanceTo(Vector2*)
                0x02003210                Vector2::GetMagnitude()
                0x0200328c                Vector2::SetMagnitudeTo(float)
                0x020032f0                Vector2::Normalize()
                0x02003330                Vector2::GetAngleRadians()
                0x0200333c                Vector2::GetAngleDegrees()
 .text          0x0200335c      0x360 Vector2Operators.o
                0x0200335c                Vector2::operator+(Vector2 const&)
                0x020033a4                Vector2::operator-(Vector2 const&)
                0x020033ec                Vector2::operator*(float const&)
                0x02003434                Vector2::operator/(float const&)
                0x0200347c                Vector2::operator+=(Vector2 const&)
                0x020034ec                Vector2::operator-=(Vector2 const&)
                0x0200355c                Vector2::operator*=(float const&)
                0x020035cc                Vector2::operator/=(float const&)
                0x0200363c                Vector2::operator==(Vector2 const&)
                0x0200367c                Vector2::operator!=(Vector2 const&)
 .text          0x020036bc       0xc8 RectEdges.o
                0x020036bc                Rect::GetLeftEdge()
                0x020036d4                Rect::GetUnpositionedLeftEdge()
                0x020036e0                Rect::GetRightEdge()
                0x02003708                Rect::GetUnpositionedRightEdge()
                0x02003720                Rect::GetTopEdge()
                0x02003738                Rect::GetUnpositionedTopEdge()
                0x02003744                Rect::GetBottomEdge()
                0x0200376c                Rect::GetUnpositionedBottomEdge()
 .text          0x02003784      0x2c4 RectFunctions.o
                0x02003784                Rect::Rect(Vector2*, Vector2*, float, float)
                0x02003784                Rect::Rect(Vector2*, Vector2*, float, float)
                0x0200379c                Rect::IsBelow(Rect*)
                0x020037cc                Rect::IsAbove(Rect*)
                0x020037fc                Rect::IsOnTheRight(Rect*)
                0x0200382c                Rect::IsOnTheLeft(Rect*)
                0x0200385c                Rect::IsOutOfScreen()
                0x02003928                Rect::IsCollidingWith(Vector2*)
                0x0200398c                Rect::IsCollidingWith(Rect*)
 .text          0x02003a48      0x2bc HardwareManagerInitialization.o
                0x02003a48                HardwareManager::PowerConsoleOn()
                0x02003a54                HardwareManager::InitAudio()
                0x02003a74                HardwareManager::InitVideo()
                0x02003af4                HardwareManager::SetVRAM()
                0x02003b24                HardwareManager::SetBackgrounds()
                0x02003ba8                HardwareManager::InitAndSetEverything()
                0x02003ca8                HardwareManager::SetPrintConsole()
                0x02003cfc                HardwareManager::StartMillisecondsTimer()
 .text          0x02003d04      0x168 HardwareManagerUtilities.o
                0x02003d04                HardwareManager::GetCurrentSeconds()
                0x02003d88                HardwareManager::GetCurrentMilliseconds()
                0x02003e04                HardwareManager::WaitForNextFrame()
                0x02003e08                HardwareManager::ClearScreens()
                0x02003e3c                HardwareManager::GetSubBackground3ID()
                0x02003e4c                HardwareManager::GetMainBackground3ID()
                0x02003e5c                HardwareManager::GetMainBackground2ID()
 .text          0x02003e6c      0x890 EndOfLevelScene.o
                0x02003e6c                EndOfLevelScene::GameLoop()
                0x02003e7c                EndOfLevelScene::EndOfLevelScene(GraphicsHandler*, GraphicsHandler*, SceneManager*, int, std::__cxx11::basic_string<char, std::char_traits<char>, std::allocator<char> >, void const*, unsigned long, int, Vector2*)
                0x02003e7c                EndOfLevelScene::EndOfLevelScene(GraphicsHandler*, GraphicsHandler*, SceneManager*, int, std::__cxx11::basic_string<char, std::char_traits<char>, std::allocator<char> >, void const*, unsigned long, int, Vector2*)
                0x020046a4                EndOfLevelScene::Load()
                0x020046d0                EndOfLevelScene::InputLoop()
 .text          0x020046fc     0x11a0 GameplayScene.o
                0x020046fc                GameplayScene::UpdateTouchPosition()
                0x02004734                GameplayScene::BurstTouchedBalloons()
                0x02004778                GameplayScene::UpdateBalloons()
                0x02004798                GameplayScene::UpdateHUD()
                0x02004c08                GameplayScene::GameLoop()
                0x02004c34                GameplayScene::GameplayScene(GraphicsHandler*, GraphicsHandler*, GameManager*)
                0x02004c34                GameplayScene::GameplayScene(GraphicsHandler*, GraphicsHandler*, GameManager*)
                0x020057d0                GameplayScene::Load()
                0x0200581c                GameplayScene::InputLoop()
 .text          0x0200589c       0xa0 Scene.o
                0x0200589c                Scene::GameLoop()
                0x020058a0                Scene::InputLoop()
                0x020058a4                Scene::Load()
                0x020058dc                Scene::Scene(GraphicsHandler*, GraphicsHandler*)
                0x020058dc                Scene::Scene(GraphicsHandler*, GraphicsHandler*)
                0x020058f0                Scene::SetMainBackgroundTo(void const*, unsigned long)
                0x020058fc                Scene::SetSubBackgroundTo(void const*, unsigned long)
                0x02005908                Scene::PlotBackgroundsOnScreen()
 .text          0x0200593c      0x708 SceneManager.o
                0x02005bf0                SceneManager::GetCurrentScene()
                0x02005c68                SceneManager::GetScene(char const*)
                0x02005cec                SceneManager::AddScene(char const*, Scene*)
                0x02005fb0                SceneManager::ChangeSceneTo(char const*)
 .text          0x02006044      0x8d4 TitleScreenScene.o
                0x02006044                TitleScreenScene::GameLoop()
                0x020060b4                TitleScreenScene::TitleScreenScene(GraphicsHandler*, GraphicsHandler*, SceneManager*)
                0x020060b4                TitleScreenScene::TitleScreenScene(GraphicsHandler*, GraphicsHandler*, SceneManager*)
                0x020068a8                TitleScreenScene::Load()
                0x020068d0                TitleScreenScene::InputLoop()
 .text          0x02006918      0x4c8 MenuIdleCodedAnimation.o
                0x02006918                MenuIdleCodedAnimation::Start()
                0x02006958                MenuIdleCodedAnimation::Update()
                0x02006b5c                MenuIdleCodedAnimation::MenuIdleCodedAnimation(std::vector<Entity*, std::allocator<Entity*> >, std::vector<Entity*, std::allocator<Entity*> >)
                0x02006b5c                MenuIdleCodedAnimation::MenuIdleCodedAnimation(std::vector<Entity*, std::allocator<Entity*> >, std::vector<Entity*, std::allocator<Entity*> >)
                0x02006d48                MenuIdleCodedAnimation::UpdateText(std::vector<Entity*, std::allocator<Entity*> >, float)
 .text          0x02006de0      0x4c0 SplashScreenCodedAnimation.o
                0x02006df8                SplashScreenCodedAnimation::Start()
                0x02006e4c                SplashScreenCodedAnimation::SetBackgroundTo(void*)
                0x02006e5c                SplashScreenCodedAnimation::StartFadeOut()
                0x02006e84                SplashScreenCodedAnimation::LerpPressAnyKeyText()
                0x02006f48                SplashScreenCodedAnimation::UpdateFadeOut()
                0x02006f64                SplashScreenCodedAnimation::Update()
                0x02007000                SplashScreenCodedAnimation::FinishSplashScreenAnimation()
                0x02007020                SplashScreenCodedAnimation::SplashScreenCodedAnimation(std::vector<Entity*, std::allocator<Entity*> >, GraphicsHandler*, GraphicsHandler*)
                0x02007020                SplashScreenCodedAnimation::SplashScreenCodedAnimation(std::vector<Entity*, std::allocator<Entity*> >, GraphicsHandler*, GraphicsHandler*)
 .text          0x020072a0      0x24c C:/devkitPro/libnds/lib\libmm9.a(mm_comms.o)
                0x020072a0                mmSetupComms
                0x020072f2                mmSendBank
                0x020072fc                mmLockChannels
                0x02007302                mmUnlockChannels
                0x02007308                mmStart
                0x02007312                mmPause
                0x02007316                mmResume
                0x0200731a                mmStop
                0x0200731e                mmPosition
                0x02007322                mmJingle
                0x02007326                mmSetModuleVolume
                0x0200732a                mmSetJingleVolume
                0x0200732e                mmSetModuleTempo
                0x02007332                mmSetModulePitch
                0x02007336                mmSetEffectsVolume
                0x0200733a                mmSelectMode
                0x0200733e                mmStreamBegin
                0x02007352                mmStreamEnd
                0x020073a8                mmEffect
                0x020073cc                mmEffectVolume
                0x020073d0                mmEffectPanning
                0x020073d4                mmEffectRate
                0x020073de                mmEffectScaleRate
                0x020073e8                mmEffectRelease
                0x020073ee                mmEffectCancel
                0x020073f4                mmEffectEx
                0x02007432                mmEffectCancelAll
                0x02007436                mmReverbEnable
                0x0200743a                mmReverbDisable
                0x0200743e                mmReverbConfigure
                0x0200749a                mmReverbStart
                0x0200749e                mmReverbStop
 .text          0x020074ec      0x120 C:/devkitPro/libnds/lib\libmm9.a(mm_memory.o)
                0x020074ec                mmLoad
                0x0200753c                mmUnload
                0x02007594                mmLoadEffect
                0x020075cc                mmUnloadEffect
 .text          0x0200760c      0x108 C:/devkitPro/libnds/lib\libmm9.a(mm_main9.o)
                0x0200760c                mmActive
                0x02007612                mmSetEventHandler
                0x02007618                mmInit
                0x02007642                mmInitDefault
                0x0200768c                mmInitDefaultMem
                0x020076ae                mmSuspendIRQ_t
                0x020076cc                mmRestoreIRQ_t
 .text          0x02007714      0x100 C:/devkitPro/libnds/lib\libmm9.a(mm_soundbank.o)
                0x02007714                mmSoundBankInMemory
                0x0200771c                mmSoundBankInFiles
                0x0200772e                mmSetCustomSoundBankHandler
                0x0200775a                mmsHandleFileOp
 .text          0x02007814       0x3c C:/devkitPro/libnds/lib\libmm9.a(mm_flusher.o)
                0x02007814                mmFlushBank
 .text          0x02007850      0x148 C:/devkitPro/devkitARM/bin/../lib/gcc/arm-none-eabi/13.1.0\libgcc.a(_divsi3.o)
                0x02007850                __divsi3
                0x02007850                __aeabi_idiv
                0x02007978                __aeabi_idivmod
 .text          0x02007998        0x4 C:/devkitPro/devkitARM/bin/../lib/gcc/arm-none-eabi/13.1.0\libgcc.a(_dvmd_tls.o)
                0x02007998                __aeabi_idiv0
                0x02007998                __aeabi_ldiv0
 .text          0x0200799c      0x424 C:/devkitPro/devkitARM/bin/../lib/gcc/arm-none-eabi/13.1.0\libgcc.a(_arm_addsubdf3.o)
                0x0200799c                __aeabi_drsub
                0x020079a4                __aeabi_dsub
                0x020079a4                __subdf3
                0x020079a8                __aeabi_dadd
                0x020079a8                __adddf3
                0x02007cb8                __floatunsidf
                0x02007cb8                __aeabi_ui2d
                0x02007cdc                __floatsidf
                0x02007cdc                __aeabi_i2d
                0x02007d04                __aeabi_f2d
                0x02007d04                __extendsfdf2
                0x02007d4c                __floatundidf
                0x02007d4c                __aeabi_ul2d
                0x02007d60                __floatdidf
                0x02007d60                __aeabi_l2d
 .text          0x02007dc0      0x49c C:/devkitPro/devkitARM/bin/../lib/gcc/arm-none-eabi/13.1.0\libgcc.a(_arm_muldivdf3.o)
                0x02007dc0                __aeabi_dmul
                0x02007dc0                __muldf3
                0x02008050                __divdf3
                0x02008050                __aeabi_ddiv
 .text          0x0200825c      0x144 C:/devkitPro/devkitARM/bin/../lib/gcc/arm-none-eabi/13.1.0\libgcc.a(_arm_cmpdf2.o)
                0x0200825c                __gtdf2
                0x0200825c                __gedf2
                0x02008264                __ltdf2
                0x02008264                __ledf2
                0x0200826c                __nedf2
                0x0200826c                __eqdf2
                0x0200826c                __cmpdf2
                0x020082f4                __aeabi_cdrcmple
                0x02008310                __aeabi_cdcmpeq
                0x02008310                __aeabi_cdcmple
                0x02008328                __aeabi_dcmpeq
                0x02008340                __aeabi_dcmplt
                0x02008358                __aeabi_dcmple
                0x02008370                __aeabi_dcmpge
                0x02008388                __aeabi_dcmpgt
 .text          0x020083a0       0x38 C:/devkitPro/devkitARM/bin/../lib/gcc/arm-none-eabi/13.1.0\libgcc.a(_arm_unorddf2.o)
                0x020083a0                __unorddf2
                0x020083a0                __aeabi_dcmpun
 .text          0x020083d8       0x5c C:/devkitPro/devkitARM/bin/../lib/gcc/arm-none-eabi/13.1.0\libgcc.a(_arm_fixdfsi.o)
                0x020083d8                __aeabi_d2iz
                0x020083d8                __fixdfsi
 .text          0x02008434       0xa0 C:/devkitPro/devkitARM/bin/../lib/gcc/arm-none-eabi/13.1.0\libgcc.a(_arm_truncdfsf2.o)
                0x02008434                __truncdfsf2
                0x02008434                __aeabi_d2f
 .text          0x020084d4      0x2ac C:/devkitPro/devkitARM/bin/../lib/gcc/arm-none-eabi/13.1.0\libgcc.a(_arm_addsubsf3.o)
                0x020084d4                __aeabi_frsub
                0x020084dc                __subsf3
                0x020084dc                __aeabi_fsub
                0x020084e0                __aeabi_fadd
                0x020084e0                __addsf3
                0x0200869c                __aeabi_ui2f
                0x0200869c                __floatunsisf
                0x020086a4                __aeabi_i2f
                0x020086a4                __floatsisf
                0x020086c4                __aeabi_ul2f
                0x020086c4                __floatundisf
                0x020086d4                __aeabi_l2f
                0x020086d4                __floatdisf
 .text          0x02008780      0x2f8 C:/devkitPro/devkitARM/bin/../lib/gcc/arm-none-eabi/13.1.0\libgcc.a(_arm_muldivsf3.o)
                0x02008780                __mulsf3
                0x02008780                __aeabi_fmul
                0x02008918                __aeabi_fdiv
                0x02008918                __divsf3
 .text          0x02008a78      0x114 C:/devkitPro/devkitARM/bin/../lib/gcc/arm-none-eabi/13.1.0\libgcc.a(_arm_cmpsf2.o)
                0x02008a78                __gesf2
                0x02008a78                __gtsf2
                0x02008a80                __lesf2
                0x02008a80                __ltsf2
                0x02008a88                __nesf2
                0x02008a88                __eqsf2
                0x02008a88                __cmpsf2
                0x02008aec                __aeabi_cfrcmple
                0x02008afc                __aeabi_cfcmpeq
                0x02008afc                __aeabi_cfcmple
                0x02008b14                __aeabi_fcmpeq
                0x02008b2c                __aeabi_fcmplt
                0x02008b44                __aeabi_fcmple
                0x02008b5c                __aeabi_fcmpge
                0x02008b74                __aeabi_fcmpgt
 .text          0x02008b8c       0x5c C:/devkitPro/devkitARM/bin/../lib/gcc/arm-none-eabi/13.1.0\libgcc.a(_arm_fixsfsi.o)
                0x02008b8c                __aeabi_f2iz
                0x02008b8c                __fixsfsi
 .text          0x02008be8      0x1b0 C:/devkitPro/devkitARM/bin/../lib/gcc/arm-none-eabi/13.1.0\libgcc.a(libunwind.o)
                0x02008be8                __restore_core_regs
                0x02008be8                restore_core_regs
                0x02008c04                __gnu_Unwind_Restore_VFP
                0x02008c0c                __gnu_Unwind_Save_VFP
                0x02008c14                __gnu_Unwind_Restore_VFP_D
                0x02008c1c                __gnu_Unwind_Save_VFP_D
                0x02008c24                __gnu_Unwind_Restore_VFP_D_16_to_31
                0x02008c2c                __gnu_Unwind_Save_VFP_D_16_to_31
                0x02008c34                __gnu_Unwind_Restore_WMMXD
                0x02008c78                __gnu_Unwind_Save_WMMXD
                0x02008cbc                __gnu_Unwind_Restore_WMMXC
                0x02008cd0                __gnu_Unwind_Save_WMMXC
                0x02008ce4                ___Unwind_RaiseException
                0x02008ce4                _Unwind_RaiseException
                0x02008d08                _Unwind_Resume
                0x02008d08                ___Unwind_Resume
                0x02008d2c                _Unwind_Resume_or_Rethrow
                0x02008d2c                ___Unwind_Resume_or_Rethrow
                0x02008d50                _Unwind_ForcedUnwind
                0x02008d50                ___Unwind_ForcedUnwind
                0x02008d74                ___Unwind_Backtrace
                0x02008d74                _Unwind_Backtrace
 .text          0x02008d98      0x224 C:/devkitPro/devkitARM/bin/../lib/gcc/arm-none-eabi/13.1.0/../../../../arm-none-eabi/lib\libg.a(libc_a-strcmp.o)
                0x02008d98                strcmp
 .text          0x02008fbc      0x114 C:/devkitPro/devkitARM/bin/../lib/gcc/arm-none-eabi/13.1.0\libgcc.a(_udivsi3.o)
                0x02008fbc                __aeabi_uidiv
                0x02008fbc                __udivsi3
                0x020090b0                __aeabi_uidivmod
 .text          0x020090d0       0x3c C:/devkitPro/devkitARM/bin/../lib/gcc/arm-none-eabi/13.1.0\libgcc.a(_aeabi_uldivmod.o)
                0x020090d0                __aeabi_uldivmod
 .text          0x0200910c       0x28 C:/devkitPro/devkitARM/bin/../lib/gcc/arm-none-eabi/13.1.0\libgcc.a(_clzdi2.o)
                0x0200910c                __clzdi2
 .text          0x02009134       0x48 C:/devkitPro/devkitARM/bin/../lib/gcc/arm-none-eabi/13.1.0\libgcc.a(_clzsi2.o)
                0x02009134                __clzsi2
 *(EXCLUDE_FILE(*.twl* *.vectors* *.itcm*) .stub)
 *(EXCLUDE_FILE(*.twl* *.vectors* *.itcm*) .text.*)
 .text.__do_global_dtors_aux
                0x0200917c       0x40 C:/devkitPro/devkitARM/bin/../lib/gcc/arm-none-eabi/13.1.0/crtbegin.o
 .text.frame_dummy
                0x020091bc       0x30 C:/devkitPro/devkitARM/bin/../lib/gcc/arm-none-eabi/13.1.0/crtbegin.o
 .text.startup  0x020091ec      0x454 main.o
                0x020091ec                main
 .text.startup  0x02009640       0x80 HardwareData.o
 .text.startup  0x020096c0       0x58 SplashScreenData.o
 .text._ZNSt8_Rb_treeINSt7__cxx1112basic_stringIcSt11char_traitsIcESaIcEEESt4pairIKS5_P9AnimationESt10_Select1stISA_ESt4lessIS5_ESaISA_EE24_M_get_insert_unique_posERS7_
                0x02009718      0x124 AnimatedEntity.o
                0x02009718                std::_Rb_tree<std::__cxx11::basic_string<char, std::char_traits<char>, std::allocator<char> >, std::pair<std::__cxx11::basic_string<char, std::char_traits<char>, std::allocator<char> > const, Animation*>, std::_Select1st<std::pair<std::__cxx11::basic_string<char, std::char_traits<char>, std::allocator<char> > const, Animation*> >, std::less<std::__cxx11::basic_string<char, std::char_traits<char>, std::allocator<char> > >, std::allocator<std::pair<std::__cxx11::basic_string<char, std::char_traits<char>, std::allocator<char> > const, Animation*> > >::_M_get_insert_unique_pos(std::__cxx11::basic_string<char, std::char_traits<char>, std::allocator<char> > const&)
 .text._ZNSt8_Rb_treeINSt7__cxx1112basic_stringIcSt11char_traitsIcESaIcEEESt4pairIKS5_P9AnimationESt10_Select1stISA_ESt4lessIS5_ESaISA_EE29_M_get_insert_hint_unique_posESt23_Rb_tree_const_iteratorISA_ERS7_
                0x0200983c      0x210 AnimatedEntity.o
                0x0200983c                std::_Rb_tree<std::__cxx11::basic_string<char, std::char_traits<char>, std::allocator<char> >, std::pair<std::__cxx11::basic_string<char, std::char_traits<char>, std::allocator<char> > const, Animation*>, std::_Select1st<std::pair<std::__cxx11::basic_string<char, std::char_traits<char>, std::allocator<char> > const, Animation*> >, std::less<std::__cxx11::basic_string<char, std::char_traits<char>, std::allocator<char> > >, std::allocator<std::pair<std::__cxx11::basic_string<char, std::char_traits<char>, std::allocator<char> > const, Animation*> > >::_M_get_insert_hint_unique_pos(std::_Rb_tree_const_iterator<std::pair<std::__cxx11::basic_string<char, std::char_traits<char>, std::allocator<char> > const, Animation*> >, std::__cxx11::basic_string<char, std::char_traits<char>, std::allocator<char> > const&)
 .text._ZNSt8_Rb_treeINSt7__cxx1112basic_stringIcSt11char_traitsIcESaIcEEESt4pairIKS5_P9AnimationESt10_Select1stISA_ESt4lessIS5_ESaISA_EE22_M_emplace_hint_uniqueIJS6_IS5_S9_EEEESt17_Rb_tree_iteratorISA_ESt23_Rb_tree_const_iteratorISA_EDpOT_
                0x02009a4c      0x1a0 AnimatedEntity.o
                0x02009a4c                std::_Rb_tree_iterator<std::pair<std::__cxx11::basic_string<char, std::char_traits<char>, std::allocator<char> > const, Animation*> > std::_Rb_tree<std::__cxx11::basic_string<char, std::char_traits<char>, std::allocator<char> >, std::pair<std::__cxx11::basic_string<char, std::char_traits<char>, std::allocator<char> > const, Animation*>, std::_Select1st<std::pair<std::__cxx11::basic_string<char, std::char_traits<char>, std::allocator<char> > const, Animation*> >, std::less<std::__cxx11::basic_string<char, std::char_traits<char>, std::allocator<char> > >, std::allocator<std::pair<std::__cxx11::basic_string<char, std::char_traits<char>, std::allocator<char> > const, Animation*> > >::_M_emplace_hint_unique<std::pair<std::__cxx11::basic_string<char, std::char_traits<char>, std::allocator<char> >, Animation*> >(std::_Rb_tree_const_iterator<std::pair<std::__cxx11::basic_string<char, std::char_traits<char>, std::allocator<char> > const, Animation*> >, std::pair<std::__cxx11::basic_string<char, std::char_traits<char>, std::allocator<char> >, Animation*>&&)
 .text._ZNSt8_Rb_treeINSt7__cxx1112basic_stringIcSt11char_traitsIcESaIcEEESt4pairIKS5_PvESt10_Select1stIS9_ESt4lessIS5_ESaIS9_EE24_M_get_insert_unique_posERS7_
                0x02009bec      0x124 GraphicsHandler.o
                0x02009bec                std::_Rb_tree<std::__cxx11::basic_string<char, std::char_traits<char>, std::allocator<char> >, std::pair<std::__cxx11::basic_string<char, std::char_traits<char>, std::allocator<char> > const, void*>, std::_Select1st<std::pair<std::__cxx11::basic_string<char, std::char_traits<char>, std::allocator<char> > const, void*> >, std::less<std::__cxx11::basic_string<char, std::char_traits<char>, std::allocator<char> > >, std::allocator<std::pair<std::__cxx11::basic_string<char, std::char_traits<char>, std::allocator<char> > const, void*> > >::_M_get_insert_unique_pos(std::__cxx11::basic_string<char, std::char_traits<char>, std::allocator<char> > const&)
 .text._ZNSt8_Rb_treeINSt7__cxx1112basic_stringIcSt11char_traitsIcESaIcEEESt4pairIKS5_PvESt10_Select1stIS9_ESt4lessIS5_ESaIS9_EE22_M_emplace_hint_uniqueIJS6_IS5_S8_EEEESt17_Rb_tree_iteratorIS9_ESt23_Rb_tree_const_iteratorIS9_EDpOT_
                0x02009d10      0x348 GraphicsHandler.o
                0x02009d10                std::_Rb_tree_iterator<std::pair<std::__cxx11::basic_string<char, std::char_traits<char>, std::allocator<char> > const, void*> > std::_Rb_tree<std::__cxx11::basic_string<char, std::char_traits<char>, std::allocator<char> >, std::pair<std::__cxx11::basic_string<char, std::char_traits<char>, std::allocator<char> > const, void*>, std::_Select1st<std::pair<std::__cxx11::basic_string<char, std::char_traits<char>, std::allocator<char> > const, void*> >, std::less<std::__cxx11::basic_string<char, std::char_traits<char>, std::allocator<char> > >, std::allocator<std::pair<std::__cxx11::basic_string<char, std::char_traits<char>, std::allocator<char> > const, void*> > >::_M_emplace_hint_unique<std::pair<std::__cxx11::basic_string<char, std::char_traits<char>, std::allocator<char> >, void*> >(std::_Rb_tree_const_iterator<std::pair<std::__cxx11::basic_string<char, std::char_traits<char>, std::allocator<char> > const, void*> >, std::pair<std::__cxx11::basic_string<char, std::char_traits<char>, std::allocator<char> >, void*>&&)
 .text._ZNSt8_Rb_treeINSt7__cxx1112basic_stringIcSt11char_traitsIcESaIcEEESt4pairIKS5_PvESt10_Select1stIS9_ESt4lessIS5_ESaIS9_EE29_M_get_insert_hint_unique_posESt23_Rb_tree_const_iteratorIS9_ERS7_
                0x0200a058      0x210 GraphicsHandler.o
                0x0200a058                std::_Rb_tree<std::__cxx11::basic_string<char, std::char_traits<char>, std::allocator<char> >, std::pair<std::__cxx11::basic_string<char, std::char_traits<char>, std::allocator<char> > const, void*>, std::_Select1st<std::pair<std::__cxx11::basic_string<char, std::char_traits<char>, std::allocator<char> > const, void*> >, std::less<std::__cxx11::basic_string<char, std::char_traits<char>, std::allocator<char> > >, std::allocator<std::pair<std::__cxx11::basic_string<char, std::char_traits<char>, std::allocator<char> > const, void*> > >::_M_get_insert_hint_unique_pos(std::_Rb_tree_const_iterator<std::pair<std::__cxx11::basic_string<char, std::char_traits<char>, std::allocator<char> > const, void*> >, std::__cxx11::basic_string<char, std::char_traits<char>, std::allocator<char> > const&)
 .text._ZNSt8_Rb_treeINSt7__cxx1112basic_stringIcSt11char_traitsIcESaIcEEESt4pairIKS5_iESt10_Select1stIS8_ESt4lessIS5_ESaIS8_EE24_M_get_insert_unique_posERS7_
                0x0200a268      0x124 GraphicsHandler.o
                0x0200a268                std::_Rb_tree<std::__cxx11::basic_string<char, std::char_traits<char>, std::allocator<char> >, std::pair<std::__cxx11::basic_string<char, std::char_traits<char>, std::allocator<char> > const, int>, std::_Select1st<std::pair<std::__cxx11::basic_string<char, std::char_traits<char>, std::allocator<char> > const, int> >, std::less<std::__cxx11::basic_string<char, std::char_traits<char>, std::allocator<char> > >, std::allocator<std::pair<std::__cxx11::basic_string<char, std::char_traits<char>, std::allocator<char> > const, int> > >::_M_get_insert_unique_pos(std::__cxx11::basic_string<char, std::char_traits<char>, std::allocator<char> > const&)
 .text._ZNSt8_Rb_treeINSt7__cxx1112basic_stringIcSt11char_traitsIcESaIcEEESt4pairIKS5_iESt10_Select1stIS8_ESt4lessIS5_ESaIS8_EE22_M_emplace_hint_uniqueIJS6_IS5_iEEEESt17_Rb_tree_iteratorIS8_ESt23_Rb_tree_const_iteratorIS8_EDpOT_
                0x0200a38c      0x348 GraphicsHandler.o
                0x0200a38c                std::_Rb_tree_iterator<std::pair<std::__cxx11::basic_string<char, std::char_traits<char>, std::allocator<char> > const, int> > std::_Rb_tree<std::__cxx11::basic_string<char, std::char_traits<char>, std::allocator<char> >, std::pair<std::__cxx11::basic_string<char, std::char_traits<char>, std::allocator<char> > const, int>, std::_Select1st<std::pair<std::__cxx11::basic_string<char, std::char_traits<char>, std::allocator<char> > const, int> >, std::less<std::__cxx11::basic_string<char, std::char_traits<char>, std::allocator<char> > >, std::allocator<std::pair<std::__cxx11::basic_string<char, std::char_traits<char>, std::allocator<char> > const, int> > >::_M_emplace_hint_unique<std::pair<std::__cxx11::basic_string<char, std::char_traits<char>, std::allocator<char> >, int> >(std::_Rb_tree_const_iterator<std::pair<std::__cxx11::basic_string<char, std::char_traits<char>, std::allocator<char> > const, int> >, std::pair<std::__cxx11::basic_string<char, std::char_traits<char>, std::allocator<char> >, int>&&)
 .text._ZNSt8_Rb_treeINSt7__cxx1112basic_stringIcSt11char_traitsIcESaIcEEESt4pairIKS5_iESt10_Select1stIS8_ESt4lessIS5_ESaIS8_EE29_M_get_insert_hint_unique_posESt23_Rb_tree_const_iteratorIS8_ERS7_
                0x0200a6d4      0x210 GraphicsHandler.o
                0x0200a6d4                std::_Rb_tree<std::__cxx11::basic_string<char, std::char_traits<char>, std::allocator<char> >, std::pair<std::__cxx11::basic_string<char, std::char_traits<char>, std::allocator<char> > const, int>, std::_Select1st<std::pair<std::__cxx11::basic_string<char, std::char_traits<char>, std::allocator<char> > const, int> >, std::less<std::__cxx11::basic_string<char, std::char_traits<char>, std::allocator<char> > >, std::allocator<std::pair<std::__cxx11::basic_string<char, std::char_traits<char>, std::allocator<char> > const, int> > >::_M_get_insert_hint_unique_pos(std::_Rb_tree_const_iterator<std::pair<std::__cxx11::basic_string<char, std::char_traits<char>, std::allocator<char> > const, int> >, std::__cxx11::basic_string<char, std::char_traits<char>, std::allocator<char> > const&)
 .text._ZNSt6vectorIP6EntitySaIS1_EE17_M_realloc_insertIJRKS1_EEEvN9__gnu_cxx17__normal_iteratorIPS1_S3_EEDpOT_
                0x0200a8e4      0x150 EndOfLevelScene.o
                0x0200a8e4                void std::vector<Entity*, std::allocator<Entity*> >::_M_realloc_insert<Entity* const&>(__gnu_cxx::__normal_iterator<Entity**, std::vector<Entity*, std::allocator<Entity*> > >, Entity* const&)
 .text._ZNSt6vectorIP6EntitySaIS1_EE6insertEN9__gnu_cxx17__normal_iteratorIPKS1_S3_EERS6_
                0x0200aa34       0x94 EndOfLevelScene.o
                0x0200aa34                std::vector<Entity*, std::allocator<Entity*> >::insert(__gnu_cxx::__normal_iterator<Entity* const*, std::vector<Entity*, std::allocator<Entity*> > >, Entity* const&)
 .text._ZNSt6vectorIPvSaIS0_EE17_M_realloc_insertIJS0_EEEvN9__gnu_cxx17__normal_iteratorIPS0_S2_EEDpOT_
                0x0200aac8      0x150 GameplayScene.o
                0x0200aac8                void std::vector<void*, std::allocator<void*> >::_M_realloc_insert<void*>(__gnu_cxx::__normal_iterator<void**, std::vector<void*, std::allocator<void*> > >, void*&&)
 .text._ZNSt6vectorIPvSaIS0_EE14_M_insert_rvalEN9__gnu_cxx17__normal_iteratorIPKS0_S2_EEOS0_
                0x0200ac18       0x98 GameplayScene.o
                0x0200ac18                std::vector<void*, std::allocator<void*> >::_M_insert_rval(__gnu_cxx::__normal_iterator<void* const*, std::vector<void*, std::allocator<void*> > >, void*&&)
 .text.checkIfText
                0x0200acb0       0x5c C:/devkitPro/libnds/lib\libnds9.a(background.o)
                0x0200acb0                checkIfText
 .text.bgUpdate
                0x0200ad0c       0xf4 C:/devkitPro/libnds/lib\libnds9.a(background.o)
                0x0200ad0c                bgUpdate
 .text.bgInit_call
                0x0200ae00       0xc4 C:/devkitPro/libnds/lib\libnds9.a(background.o)
                0x0200ae00                bgInit_call
 .text.bgInitSub_call
                0x0200aec4       0xcc C:/devkitPro/libnds/lib\libnds9.a(background.o)
                0x0200aec4                bgInitSub_call
 .text.sinLutLookup
                0x0200af90       0x4c C:/devkitPro/libnds/lib\libnds9.a(trig.o)
                0x0200af90                sinLutLookup
 .text.sinLerp  0x0200afdc       0x40 C:/devkitPro/libnds/lib\libnds9.a(trig.o)
                0x0200afdc                sinLerp
 .text.cosLerp  0x0200b01c       0x4c C:/devkitPro/libnds/lib\libnds9.a(trig.o)
                0x0200b01c                cosLerp
 .text.touchRead
                0x0200b068       0x24 C:/devkitPro/libnds/lib\libnds9.a(touch.o)
                0x0200b068                touchRead
 .text.oamAllocReset
                0x0200b08c       0x1c C:/devkitPro/libnds/lib\libnds9.a(sprite_alloc.o)
                0x0200b08c                oamAllocReset
 .text.oamAllocateGfx
                0x0200b0a8      0x50c C:/devkitPro/libnds/lib\libnds9.a(sprite_alloc.o)
                0x0200b0a8                oamAllocateGfx
 .text.systemValueHandler
                0x0200b5b4       0x48 C:/devkitPro/libnds/lib\libnds9.a(system.o)
                0x0200b5b4                systemValueHandler
 .text.systemMsgHandler
                0x0200b5fc       0x60 C:/devkitPro/libnds/lib\libnds9.a(system.o)
                0x0200b5fc                systemMsgHandler
 .text.powerOn  0x0200b65c       0x2c C:/devkitPro/libnds/lib\libnds9.a(system.o)
                0x0200b65c                powerOn
 .text.newRow   0x0200b688       0xa8 C:/devkitPro/libnds/lib\libnds9.a(console.o)
 .text.consolePrintChar
                0x0200b730       0xe0 C:/devkitPro/libnds/lib\libnds9.a(console.o)
                0x0200b730                consolePrintChar
 .text.con_write
                0x0200b810      0x36c C:/devkitPro/libnds/lib\libnds9.a(console.o)
                0x0200b810                con_write
 .text.consoleLoadFont
                0x0200bb7c      0x2a0 C:/devkitPro/libnds/lib\libnds9.a(console.o)
                0x0200bb7c                consoleLoadFont
 .text.consoleSetFont
                0x0200be1c       0x20 C:/devkitPro/libnds/lib\libnds9.a(console.o)
                0x0200be1c                consoleSetFont
 .text.consoleInit
                0x0200be3c      0x18c C:/devkitPro/libnds/lib\libnds9.a(console.o)
                0x0200be3c                consoleInit
 .text.consoleClear
                0x0200bfc8       0x10 C:/devkitPro/libnds/lib\libnds9.a(console.o)
                0x0200bfc8                consoleClear
 .text.oamInit  0x0200bfd8      0x114 C:/devkitPro/libnds/lib\libnds9.a(sprite.o)
                0x0200bfd8                oamInit
 .text.oamGetGfxPtr
                0x0200c0ec       0x38 C:/devkitPro/libnds/lib\libnds9.a(sprite.o)
                0x0200c0ec                oamGetGfxPtr
 .text.oamClear
                0x0200c124       0x24 C:/devkitPro/libnds/lib\libnds9.a(sprite.o)
                0x0200c124                oamClear
 .text.oamGfxPtrToOffset
                0x0200c148       0x34 C:/devkitPro/libnds/lib\libnds9.a(sprite.o)
                0x0200c148                oamGfxPtrToOffset
 .text.oamSet   0x0200c17c      0x104 C:/devkitPro/libnds/lib\libnds9.a(sprite.o)
                0x0200c17c                oamSet
 .text.oamUpdate
                0x0200c280       0x60 C:/devkitPro/libnds/lib\libnds9.a(sprite.o)
                0x0200c280                oamUpdate
 .text.scanKeys
                0x0200c2e0       0x8c C:/devkitPro/libnds/lib\libnds9.a(keys.o)
                0x0200c2e0                scanKeys
 .text.keysDown
                0x0200c36c       0x14 C:/devkitPro/libnds/lib\libnds9.a(keys.o)
                0x0200c36c                keysDown
 .text.__syscall_exit
                0x0200c380        0x8 C:/devkitPro/libnds/lib\libnds9.a(initSystem.o)
                0x0200c380                __syscall_exit
 .text.initSystem
                0x0200c388      0x180 C:/devkitPro/libnds/lib\libnds9.a(initSystem.o)
                0x0200c388                initSystem
 .text.cpuStartTiming
                0x0200c508       0x3c C:/devkitPro/libnds/lib\libnds9.a(timers.o)
                0x0200c508                cpuStartTiming
 .text.cpuGetTiming
                0x0200c544       0x38 C:/devkitPro/libnds/lib\libnds9.a(timers.o)
                0x0200c544                cpuGetTiming
 .text.irqDummy
                0x0200c57c        0x4 C:/devkitPro/libnds/lib\libnds9.a(interrupts.o)
                0x0200c57c                irqDummy
 .text.irqSet   0x0200c580       0x6c C:/devkitPro/libnds/lib\libnds9.a(interrupts.o)
                0x0200c580                irqSet
 .text.irqInit  0x0200c5ec       0x50 C:/devkitPro/libnds/lib\libnds9.a(interrupts.o)
                0x0200c5ec                irqInit
 .text.irqEnable
                0x0200c63c       0x64 C:/devkitPro/libnds/lib\libnds9.a(interrupts.o)
                0x0200c63c                irqEnable
 .text.systemErrorExit
                0x0200c6a0        0x4 C:/devkitPro/libnds/lib\libnds9.a(libnds_exit.arm.o)
                0x0200c6a0                systemErrorExit
 .text.__libnds_exit
                0x0200c6a4       0x5c C:/devkitPro/libnds/lib\libnds9.a(libnds_exit.arm.o)
                0x0200c6a4                __libnds_exit
 .text.fifo_queueBlock
                0x0200c700       0x44 C:/devkitPro/libnds/lib\libnds9.a(fifosystem.o)
 .text.fifo_waitBlock
                0x0200c744       0x80 C:/devkitPro/libnds/lib\libnds9.a(fifosystem.o)
 .text.fifoInternalSend.part.0
                0x0200c7c4       0xd4 C:/devkitPro/libnds/lib\libnds9.a(fifosystem.o)
 .text.fifoInternalSendInterrupt
                0x0200c898       0xb0 C:/devkitPro/libnds/lib\libnds9.a(fifosystem.o)
 .text.fifoSetValue32Handler
                0x0200c948       0xd4 C:/devkitPro/libnds/lib\libnds9.a(fifosystem.o)
                0x0200c948                fifoSetValue32Handler
 .text.fifoSendValue32
                0x0200ca1c       0x4c C:/devkitPro/libnds/lib\libnds9.a(fifosystem.o)
                0x0200ca1c                fifoSendValue32
 .text.fifoSendDatamsg
                0x0200ca68       0x90 C:/devkitPro/libnds/lib\libnds9.a(fifosystem.o)
                0x0200ca68                fifoSendDatamsg
 .text.fifoGetDatamsg
                0x0200caf8       0xf4 C:/devkitPro/libnds/lib\libnds9.a(fifosystem.o)
                0x0200caf8                fifoGetDatamsg
 .text.fifoInternalRecvInterrupt
                0x0200cbec      0x37c C:/devkitPro/libnds/lib\libnds9.a(fifosystem.o)
 .text.fifoSetDatamsgHandler
                0x0200cf68       0x9c C:/devkitPro/libnds/lib\libnds9.a(fifosystem.o)
                0x0200cf68                fifoSetDatamsgHandler
 .text.fifoInit
                0x0200d004      0x108 C:/devkitPro/libnds/lib\libnds9.a(fifosystem.o)
                0x0200d004                fifoInit
 .text.DC_FlushRange
                0x0200d10c       0x24 C:/devkitPro/libnds/lib\libnds9.a(dcache.o)
                0x0200d10c                DC_FlushRange
 .text.__libnds_mpu_setup
                0x0200d130      0x174 C:/devkitPro/libnds/lib\libnds9.a(mpu_setup.o)
                0x0200d130                __libnds_mpu_setup
 .text.memUncached
                0x0200d2a4       0x20 C:/devkitPro/libnds/lib\libnds9.a(mpu_setup.o)
                0x0200d2a4                memUncached
 .text.swiWaitForVBlank
                0x0200d2c4        0x8 C:/devkitPro/libnds/lib\libnds9.a(IntrWait.o)
                0x0200d2c4                swiWaitForVBlank
 .text.swiIntrWait
                0x0200d2cc       0x70 C:/devkitPro/libnds/lib\libnds9.a(IntrWait.o)
                0x0200d2cc                swiIntrWait
 .text.setCpuClock
                0x0200d33c       0x50 C:/devkitPro/libnds/lib\libnds9.a(cpu_clock.o)
                0x0200d33c                setCpuClock
 .text.swiDelay
                0x0200d38c        0x4 C:/devkitPro/libnds/lib\libnds9.a(biosCalls.o)
                0x0200d38c                swiDelay
 .text.swiSoftReset
                0x0200d390       0x2c C:/devkitPro/libnds/lib\libnds9.a(swiSoftReset.o)
                0x0200d390                swiSoftReset
 .text.vramDefault
                0x0200d3bc       0xd0 C:/devkitPro/libnds/lib\libnds9.a(video.o)
                0x0200d3bc                vramDefault
 .text._ZdlPvj  0x0200d48c       0x10 C:/devkitPro/devkitARM/bin/../lib/gcc/arm-none-eabi/13.1.0/../../../../arm-none-eabi/lib\libstdc++.a(del_ops.o)
                0x0200d48c                operator delete(void*, unsigned int)
 .text._Znwj    0x0200d49c       0x68 C:/devkitPro/devkitARM/bin/../lib/gcc/arm-none-eabi/13.1.0/../../../../arm-none-eabi/lib\libstdc++.a(new_op.o)
                0x0200d49c                operator new(unsigned int)
 .text._ZSt18_Rb_tree_incrementPSt18_Rb_tree_node_base
                0x0200d504       0x58 C:/devkitPro/devkitARM/bin/../lib/gcc/arm-none-eabi/13.1.0/../../../../arm-none-eabi/lib\libstdc++.a(tree.o)
                0x0200d504                std::_Rb_tree_increment(std::_Rb_tree_node_base*)
 .text._ZSt18_Rb_tree_decrementPSt18_Rb_tree_node_base
                0x0200d55c       0x70 C:/devkitPro/devkitARM/bin/../lib/gcc/arm-none-eabi/13.1.0/../../../../arm-none-eabi/lib\libstdc++.a(tree.o)
                0x0200d55c                std::_Rb_tree_decrement(std::_Rb_tree_node_base*)
 .text._ZSt29_Rb_tree_insert_and_rebalancebPSt18_Rb_tree_node_baseS0_RS_
                0x0200d5cc      0x288 C:/devkitPro/devkitARM/bin/../lib/gcc/arm-none-eabi/13.1.0/../../../../arm-none-eabi/lib\libstdc++.a(tree.o)
                0x0200d5cc                std::_Rb_tree_insert_and_rebalance(bool, std::_Rb_tree_node_base*, std::_Rb_tree_node_base*, std::_Rb_tree_node_base&)
 .text.unlikely._ZSt17__throw_bad_allocv
                0x0200d854       0x2c C:/devkitPro/devkitARM/bin/../lib/gcc/arm-none-eabi/13.1.0/../../../../arm-none-eabi/lib\libstdc++.a(functexcept.o)
                0x0200d854                std::__throw_bad_alloc()
 .text.unlikely._ZSt28__throw_bad_array_new_lengthv
                0x0200d880       0x2c C:/devkitPro/devkitARM/bin/../lib/gcc/arm-none-eabi/13.1.0/../../../../arm-none-eabi/lib\libstdc++.a(functexcept.o)
                0x0200d880                std::__throw_bad_array_new_length()
 .text.unlikely._ZSt19__throw_logic_errorPKc
                0x0200d8ac       0x40 C:/devkitPro/devkitARM/bin/../lib/gcc/arm-none-eabi/13.1.0/../../../../arm-none-eabi/lib\libstdc++.a(functexcept.o)
                0x0200d8ac                std::__throw_logic_error(char const*)
 .text.unlikely._ZSt20__throw_length_errorPKc
                0x0200d8ec       0x40 C:/devkitPro/devkitARM/bin/../lib/gcc/arm-none-eabi/13.1.0/../../../../arm-none-eabi/lib\libstdc++.a(functexcept.o)
                0x0200d8ec                std::__throw_length_error(char const*)
 .text._ZNKSt17bad_function_call4whatEv
                0x0200d92c        0xc C:/devkitPro/devkitARM/bin/../lib/gcc/arm-none-eabi/13.1.0/../../../../arm-none-eabi/lib\libstdc++.a(functional.o)
                0x0200d92c                std::bad_function_call::what() const
 .text._ZNSt17bad_function_callD2Ev
                0x0200d938       0x24 C:/devkitPro/devkitARM/bin/../lib/gcc/arm-none-eabi/13.1.0/../../../../arm-none-eabi/lib\libstdc++.a(functional.o)
                0x0200d938                std::bad_function_call::~bad_function_call()
                0x0200d938                std::bad_function_call::~bad_function_call()
 .text._ZNSt17bad_function_callD0Ev
                0x0200d95c       0x2c C:/devkitPro/devkitARM/bin/../lib/gcc/arm-none-eabi/13.1.0/../../../../arm-none-eabi/lib\libstdc++.a(functional.o)
                0x0200d95c                std::bad_function_call::~bad_function_call()
 .text.unlikely._ZSt25__throw_bad_function_callv
                0x0200d988       0x2c C:/devkitPro/devkitARM/bin/../lib/gcc/arm-none-eabi/13.1.0/../../../../arm-none-eabi/lib\libstdc++.a(functional.o)
                0x0200d988                std::__throw_bad_function_call()
 .text._ZNSt7__cxx1112basic_stringIcSt11char_traitsIcESaIcEE9_M_createERjj
                0x0200d9b4       0x64 C:/devkitPro/devkitARM/bin/../lib/gcc/arm-none-eabi/13.1.0/../../../../arm-none-eabi/lib\libstdc++.a(string-inst.o)
                0x0200d9b4                std::__cxx11::basic_string<char, std::char_traits<char>, std::allocator<char> >::_M_create(unsigned int&, unsigned int)
 .text._ZNSt7__cxx1112basic_stringIcSt11char_traitsIcESaIcEE10_M_disposeEv
                0x0200da18       0x20 C:/devkitPro/devkitARM/bin/../lib/gcc/arm-none-eabi/13.1.0/../../../../arm-none-eabi/lib\libstdc++.a(string-inst.o)
                0x0200da18                std::__cxx11::basic_string<char, std::char_traits<char>, std::allocator<char> >::_M_dispose()
 .text._ZNSt7__cxx1112basic_stringIcSt11char_traitsIcESaIcEE12_M_constructEjc
                0x0200da38       0x88 C:/devkitPro/devkitARM/bin/../lib/gcc/arm-none-eabi/13.1.0/../../../../arm-none-eabi/lib\libstdc++.a(string-inst.o)
                0x0200da38                std::__cxx11::basic_string<char, std::char_traits<char>, std::allocator<char> >::_M_construct(unsigned int, char)
 .text._ZNSt7__cxx1112basic_stringIcSt11char_traitsIcESaIcEE9_M_assignERKS4_
                0x0200dac0       0xb0 C:/devkitPro/devkitARM/bin/../lib/gcc/arm-none-eabi/13.1.0/../../../../arm-none-eabi/lib\libstdc++.a(string-inst.o)
                0x0200dac0                std::__cxx11::basic_string<char, std::char_traits<char>, std::allocator<char> >::_M_assign(std::__cxx11::basic_string<char, std::char_traits<char>, std::allocator<char> > const&)
 .text._ZNSt7__cxx1112basic_stringIcSt11char_traitsIcESaIcEE9_M_mutateEjjPKcj
                0x0200db70      0x100 C:/devkitPro/devkitARM/bin/../lib/gcc/arm-none-eabi/13.1.0/../../../../arm-none-eabi/lib\libstdc++.a(string-inst.o)
                0x0200db70                std::__cxx11::basic_string<char, std::char_traits<char>, std::allocator<char> >::_M_mutate(unsigned int, unsigned int, char const*, unsigned int)
 .text.unlikely._ZNSt7__cxx1112basic_stringIcSt11char_traitsIcESaIcEE15_M_replace_coldEPcjPKcjj
                0x0200dc70      0x128 C:/devkitPro/devkitARM/bin/../lib/gcc/arm-none-eabi/13.1.0/../../../../arm-none-eabi/lib\libstdc++.a(string-inst.o)
                0x0200dc70                std::__cxx11::basic_string<char, std::char_traits<char>, std::allocator<char> >::_M_replace_cold(char*, unsigned int, char const*, unsigned int, unsigned int)
 .text._ZNSt7__cxx1112basic_stringIcSt11char_traitsIcESaIcEE10_M_replaceEjjPKcj
                0x0200dd98      0x130 C:/devkitPro/devkitARM/bin/../lib/gcc/arm-none-eabi/13.1.0/../../../../arm-none-eabi/lib\libstdc++.a(string-inst.o)
                0x0200dd98                std::__cxx11::basic_string<char, std::char_traits<char>, std::allocator<char> >::_M_replace(unsigned int, unsigned int, char const*, unsigned int)
 .text._ZNKSt9bad_alloc4whatEv
                0x0200dec8        0xc C:/devkitPro/devkitARM/bin/../lib/gcc/arm-none-eabi/13.1.0/../../../../arm-none-eabi/lib\libstdc++.a(bad_alloc.o)
                0x0200dec8                std::bad_alloc::what() const
 .text._ZNSt9bad_allocD2Ev
                0x0200ded4       0x24 C:/devkitPro/devkitARM/bin/../lib/gcc/arm-none-eabi/13.1.0/../../../../arm-none-eabi/lib\libstdc++.a(bad_alloc.o)
                0x0200ded4                std::bad_alloc::~bad_alloc()
                0x0200ded4                std::bad_alloc::~bad_alloc()
 .text._ZNSt9bad_allocD0Ev
                0x0200def8       0x30 C:/devkitPro/devkitARM/bin/../lib/gcc/arm-none-eabi/13.1.0/../../../../arm-none-eabi/lib\libstdc++.a(bad_alloc.o)
                0x0200def8                std::bad_alloc::~bad_alloc()
 .text._ZNKSt20bad_array_new_length4whatEv
                0x0200df28        0xc C:/devkitPro/devkitARM/bin/../lib/gcc/arm-none-eabi/13.1.0/../../../../arm-none-eabi/lib\libstdc++.a(bad_array_new.o)
                0x0200df28                std::bad_array_new_length::what() const
 .text._ZNSt20bad_array_new_lengthD2Ev
                0x0200df34       0x24 C:/devkitPro/devkitARM/bin/../lib/gcc/arm-none-eabi/13.1.0/../../../../arm-none-eabi/lib\libstdc++.a(bad_array_new.o)
                0x0200df34                std::bad_array_new_length::~bad_array_new_length()
                0x0200df34                std::bad_array_new_length::~bad_array_new_length()
 .text._ZNSt20bad_array_new_lengthD0Ev
                0x0200df58       0x30 C:/devkitPro/devkitARM/bin/../lib/gcc/arm-none-eabi/13.1.0/../../../../arm-none-eabi/lib\libstdc++.a(bad_array_new.o)
                0x0200df58                std::bad_array_new_length::~bad_array_new_length()
 .text._ZdlPv   0x0200df88       0x10 C:/devkitPro/devkitARM/bin/../lib/gcc/arm-none-eabi/13.1.0/../../../../arm-none-eabi/lib\libstdc++.a(del_op.o)
                0x0200df88                operator delete(void*)
 .text._ZNK9__gnu_cxx24__concurrence_lock_error4whatEv
                0x0200df98        0xc C:/devkitPro/devkitARM/bin/../lib/gcc/arm-none-eabi/13.1.0/../../../../arm-none-eabi/lib\libstdc++.a(eh_alloc.o)
                0x0200df98                __gnu_cxx::__concurrence_lock_error::what() const
 .text._ZNK9__gnu_cxx26__concurrence_unlock_error4whatEv
                0x0200dfa4        0xc C:/devkitPro/devkitARM/bin/../lib/gcc/arm-none-eabi/13.1.0/../../../../arm-none-eabi/lib\libstdc++.a(eh_alloc.o)
                0x0200dfa4                __gnu_cxx::__concurrence_unlock_error::what() const
 .text._ZN9__gnu_cxx24__concurrence_lock_errorD2Ev
                0x0200dfb0       0x24 C:/devkitPro/devkitARM/bin/../lib/gcc/arm-none-eabi/13.1.0/../../../../arm-none-eabi/lib\libstdc++.a(eh_alloc.o)
                0x0200dfb0                __gnu_cxx::__concurrence_lock_error::~__concurrence_lock_error()
                0x0200dfb0                __gnu_cxx::__concurrence_lock_error::~__concurrence_lock_error()
 .text._ZN9__gnu_cxx24__concurrence_lock_errorD0Ev
                0x0200dfd4       0x30 C:/devkitPro/devkitARM/bin/../lib/gcc/arm-none-eabi/13.1.0/../../../../arm-none-eabi/lib\libstdc++.a(eh_alloc.o)
                0x0200dfd4                __gnu_cxx::__concurrence_lock_error::~__concurrence_lock_error()
 .text._ZN9__gnu_cxx26__concurrence_unlock_errorD2Ev
                0x0200e004       0x24 C:/devkitPro/devkitARM/bin/../lib/gcc/arm-none-eabi/13.1.0/../../../../arm-none-eabi/lib\libstdc++.a(eh_alloc.o)
                0x0200e004                __gnu_cxx::__concurrence_unlock_error::~__concurrence_unlock_error()
                0x0200e004                __gnu_cxx::__concurrence_unlock_error::~__concurrence_unlock_error()
 .text._ZN9__gnu_cxx26__concurrence_unlock_errorD0Ev
                0x0200e028       0x30 C:/devkitPro/devkitARM/bin/../lib/gcc/arm-none-eabi/13.1.0/../../../../arm-none-eabi/lib\libstdc++.a(eh_alloc.o)
                0x0200e028                __gnu_cxx::__concurrence_unlock_error::~__concurrence_unlock_error()
 .text.unlikely._ZN9__gnu_cxx30__throw_concurrence_lock_errorEv
                0x0200e058       0x2c C:/devkitPro/devkitARM/bin/../lib/gcc/arm-none-eabi/13.1.0/../../../../arm-none-eabi/lib\libstdc++.a(eh_alloc.o)
                0x0200e058                __gnu_cxx::__throw_concurrence_lock_error()
 .text.unlikely._ZN9__gnu_cxx32__throw_concurrence_unlock_errorEv
                0x0200e084       0x2c C:/devkitPro/devkitARM/bin/../lib/gcc/arm-none-eabi/13.1.0/../../../../arm-none-eabi/lib\libstdc++.a(eh_alloc.o)
                0x0200e084                __gnu_cxx::__throw_concurrence_unlock_error()
 .text._ZN12_GLOBAL__N_14pool4freeEPv.constprop.0
                0x0200e0b0      0x114 C:/devkitPro/devkitARM/bin/../lib/gcc/arm-none-eabi/13.1.0/../../../../arm-none-eabi/lib\libstdc++.a(eh_alloc.o)
 .text._ZN12_GLOBAL__N_14pool8allocateEj.constprop.0
                0x0200e1c4       0xd8 C:/devkitPro/devkitARM/bin/../lib/gcc/arm-none-eabi/13.1.0/../../../../arm-none-eabi/lib\libstdc++.a(eh_alloc.o)
 .text.__cxa_allocate_exception
                0x0200e29c       0x48 C:/devkitPro/devkitARM/bin/../lib/gcc/arm-none-eabi/13.1.0/../../../../arm-none-eabi/lib\libstdc++.a(eh_alloc.o)
                0x0200e29c                __cxa_allocate_exception
 .text.__cxa_free_exception
                0x0200e2e4       0x38 C:/devkitPro/devkitARM/bin/../lib/gcc/arm-none-eabi/13.1.0/../../../../arm-none-eabi/lib\libstdc++.a(eh_alloc.o)
                0x0200e2e4                __cxa_free_exception
 .text.startup._GLOBAL__sub_I__ZN9__gnu_cxx9__freeresEv
                0x0200e31c      0x1bc C:/devkitPro/devkitARM/bin/../lib/gcc/arm-none-eabi/13.1.0/../../../../arm-none-eabi/lib\libstdc++.a(eh_alloc.o)
 .text.__cxa_end_cleanup
                0x0200e4d8       0x10 C:/devkitPro/devkitARM/bin/../lib/gcc/arm-none-eabi/13.1.0/../../../../arm-none-eabi/lib\libstdc++.a(eh_arm.o)
                0x0200e4d8                __cxa_end_cleanup
 .text.__cxa_type_match
                0x0200e4e8      0x140 C:/devkitPro/devkitARM/bin/../lib/gcc/arm-none-eabi/13.1.0/../../../../arm-none-eabi/lib\libstdc++.a(eh_arm.o)
                0x0200e4e8                __cxa_type_match
 .text.__cxa_begin_cleanup
                0x0200e628       0xbc C:/devkitPro/devkitARM/bin/../lib/gcc/arm-none-eabi/13.1.0/../../../../arm-none-eabi/lib\libstdc++.a(eh_arm.o)
                0x0200e628                __cxa_begin_cleanup
 .text.__gnu_end_cleanup
                0x0200e6e4       0xbc C:/devkitPro/devkitARM/bin/../lib/gcc/arm-none-eabi/13.1.0/../../../../arm-none-eabi/lib\libstdc++.a(eh_arm.o)
                0x0200e6e4                __gnu_end_cleanup
 .text.__cxa_begin_catch
                0x0200e7a0       0xd4 C:/devkitPro/devkitARM/bin/../lib/gcc/arm-none-eabi/13.1.0/../../../../arm-none-eabi/lib\libstdc++.a(eh_catch.o)
                0x0200e7a0                __cxa_begin_catch
 .text.__cxa_end_catch
                0x0200e874       0xe0 C:/devkitPro/devkitARM/bin/../lib/gcc/arm-none-eabi/13.1.0/../../../../arm-none-eabi/lib\libstdc++.a(eh_catch.o)
                0x0200e874                __cxa_end_catch
 .text._ZNSt9exceptionD2Ev
                0x0200e954        0x4 C:/devkitPro/devkitARM/bin/../lib/gcc/arm-none-eabi/13.1.0/../../../../arm-none-eabi/lib\libstdc++.a(eh_exception.o)
                0x0200e954                std::exception::~exception()
                0x0200e954                std::exception::~exception()
 .text._ZNSt13bad_exceptionD2Ev
                0x0200e958        0x4 C:/devkitPro/devkitARM/bin/../lib/gcc/arm-none-eabi/13.1.0/../../../../arm-none-eabi/lib\libstdc++.a(eh_exception.o)
                0x0200e958                std::bad_exception::~bad_exception()
                0x0200e958                std::bad_exception::~bad_exception()
 .text._ZNKSt9exception4whatEv
                0x0200e95c        0xc C:/devkitPro/devkitARM/bin/../lib/gcc/arm-none-eabi/13.1.0/../../../../arm-none-eabi/lib\libstdc++.a(eh_exception.o)
                0x0200e95c                std::exception::what() const
                0x0200e95c                transaction clone for std::exception::what() const
 .text._ZNKSt13bad_exception4whatEv
                0x0200e968        0xc C:/devkitPro/devkitARM/bin/../lib/gcc/arm-none-eabi/13.1.0/../../../../arm-none-eabi/lib\libstdc++.a(eh_exception.o)
                0x0200e968                std::bad_exception::what() const
                0x0200e968                transaction clone for std::bad_exception::what() const
 .text._ZNSt13bad_exceptionD0Ev
                0x0200e974       0x1c C:/devkitPro/devkitARM/bin/../lib/gcc/arm-none-eabi/13.1.0/../../../../arm-none-eabi/lib\libstdc++.a(eh_exception.o)
                0x0200e974                std::bad_exception::~bad_exception()
 .text._ZL15eh_globals_dtorPv
                0x0200e990       0x40 C:/devkitPro/devkitARM/bin/../lib/gcc/arm-none-eabi/13.1.0/../../../../arm-none-eabi/lib\libstdc++.a(eh_globals.o)
 .text.__cxa_get_globals_fast
                0x0200e9d0       0x3c C:/devkitPro/devkitARM/bin/../lib/gcc/arm-none-eabi/13.1.0/../../../../arm-none-eabi/lib\libstdc++.a(eh_globals.o)
                0x0200e9d0                __cxa_get_globals_fast
 .text.__cxa_get_globals
                0x0200ea0c       0x78 C:/devkitPro/devkitARM/bin/../lib/gcc/arm-none-eabi/13.1.0/../../../../arm-none-eabi/lib\libstdc++.a(eh_globals.o)
                0x0200ea0c                __cxa_get_globals
 .text.startup._GLOBAL__sub_I__ZN17__eh_globals_init7_S_initE
                0x0200ea84       0x44 C:/devkitPro/devkitARM/bin/../lib/gcc/arm-none-eabi/13.1.0/../../../../arm-none-eabi/lib\libstdc++.a(eh_globals.o)
 .text.exit._GLOBAL__sub_D__ZN17__eh_globals_init7_S_initE
                0x0200eac8       0x38 C:/devkitPro/devkitARM/bin/../lib/gcc/arm-none-eabi/13.1.0/../../../../arm-none-eabi/lib\libstdc++.a(eh_globals.o)
 .text._ZL28read_encoded_value_with_basehjPKhPj
                0x0200eb00      0x174 C:/devkitPro/devkitARM/bin/../lib/gcc/arm-none-eabi/13.1.0/../../../../arm-none-eabi/lib\libstdc++.a(eh_personality.o)
 .text._ZL21base_of_encoded_valuehP15_Unwind_Context
                0x0200ec74       0x7c C:/devkitPro/devkitARM/bin/../lib/gcc/arm-none-eabi/13.1.0/../../../../arm-none-eabi/lib\libstdc++.a(eh_personality.o)
 .text._ZL17parse_lsda_headerP15_Unwind_ContextPKhP16lsda_header_info
                0x0200ecf0       0xd8 C:/devkitPro/devkitARM/bin/../lib/gcc/arm-none-eabi/13.1.0/../../../../arm-none-eabi/lib\libstdc++.a(eh_personality.o)
 .text.__gxx_personality_v0
                0x0200edc8      0x6d0 C:/devkitPro/devkitARM/bin/../lib/gcc/arm-none-eabi/13.1.0/../../../../arm-none-eabi/lib\libstdc++.a(eh_personality.o)
                0x0200edc8                __gxx_personality_v0
 .text._ZN10__cxxabiv111__terminateEPFvvE
                0x0200f498       0x18 C:/devkitPro/devkitARM/bin/../lib/gcc/arm-none-eabi/13.1.0/../../../../arm-none-eabi/lib\libstdc++.a(eh_terminate.o)
                0x0200f498                __cxxabiv1::__terminate(void (*)())
 .text._ZSt13get_terminatev
                0x0200f4b0       0x60 C:/devkitPro/devkitARM/bin/../lib/gcc/arm-none-eabi/13.1.0/../../../../arm-none-eabi/lib\libstdc++.a(eh_terminate.o)
                0x0200f4b0                std::get_terminate()
 .text._ZSt9terminatev
                0x0200f510        0xc C:/devkitPro/devkitARM/bin/../lib/gcc/arm-none-eabi/13.1.0/../../../../arm-none-eabi/lib\libstdc++.a(eh_terminate.o)
                0x0200f510                std::terminate()
 .text._ZN10__cxxabiv112__unexpectedEPFvvE
                0x0200f51c       0x10 C:/devkitPro/devkitARM/bin/../lib/gcc/arm-none-eabi/13.1.0/../../../../arm-none-eabi/lib\libstdc++.a(eh_terminate.o)
                0x0200f51c                __cxxabiv1::__unexpected(void (*)())
 .text._ZSt14get_unexpectedv
                0x0200f52c       0x60 C:/devkitPro/devkitARM/bin/../lib/gcc/arm-none-eabi/13.1.0/../../../../arm-none-eabi/lib\libstdc++.a(eh_terminate.o)
                0x0200f52c                std::get_unexpected()
 .text._ZSt10unexpectedv
                0x0200f58c        0xc C:/devkitPro/devkitARM/bin/../lib/gcc/arm-none-eabi/13.1.0/../../../../arm-none-eabi/lib\libstdc++.a(eh_terminate.o)
                0x0200f58c                std::unexpected()
 .text.startup._GLOBAL__sub_I__ZN10__cxxabiv111__terminateEPFvvE
                0x0200f598       0x20 C:/devkitPro/devkitARM/bin/../lib/gcc/arm-none-eabi/13.1.0/../../../../arm-none-eabi/lib\libstdc++.a(eh_terminate.o)
 .text._ZL23__gxx_exception_cleanup19_Unwind_Reason_CodeP21_Unwind_Control_Block
                0x0200f5b8       0x80 C:/devkitPro/devkitARM/bin/../lib/gcc/arm-none-eabi/13.1.0/../../../../arm-none-eabi/lib\libstdc++.a(eh_throw.o)
 .text.__cxa_init_primary_exception
                0x0200f638       0x74 C:/devkitPro/devkitARM/bin/../lib/gcc/arm-none-eabi/13.1.0/../../../../arm-none-eabi/lib\libstdc++.a(eh_throw.o)
                0x0200f638                __cxa_init_primary_exception
 .text.__cxa_throw
                0x0200f6ac       0x54 C:/devkitPro/devkitARM/bin/../lib/gcc/arm-none-eabi/13.1.0/../../../../arm-none-eabi/lib\libstdc++.a(eh_throw.o)
                0x0200f6ac                __cxa_throw
 .text.__cxa_rethrow
                0x0200f700       0xb0 C:/devkitPro/devkitARM/bin/../lib/gcc/arm-none-eabi/13.1.0/../../../../arm-none-eabi/lib\libstdc++.a(eh_throw.o)
                0x0200f700                __cxa_rethrow
 .text._ZSt15get_new_handlerv
                0x0200f7b0       0x60 C:/devkitPro/devkitARM/bin/../lib/gcc/arm-none-eabi/13.1.0/../../../../arm-none-eabi/lib\libstdc++.a(new_handler.o)
                0x0200f7b0                std::get_new_handler()
 .text.startup._GLOBAL__sub_I__ZSt7nothrow
                0x0200f810       0x20 C:/devkitPro/devkitARM/bin/../lib/gcc/arm-none-eabi/13.1.0/../../../../arm-none-eabi/lib\libstdc++.a(new_handler.o)
 .text._ZN10__cxxabiv120__si_class_type_infoD2Ev
                0x0200f830       0x24 C:/devkitPro/devkitARM/bin/../lib/gcc/arm-none-eabi/13.1.0/../../../../arm-none-eabi/lib\libstdc++.a(si_class_type_info.o)
                0x0200f830                __cxxabiv1::__si_class_type_info::~__si_class_type_info()
                0x0200f830                __cxxabiv1::__si_class_type_info::~__si_class_type_info()
 .text._ZN10__cxxabiv120__si_class_type_infoD0Ev
                0x0200f854       0x30 C:/devkitPro/devkitARM/bin/../lib/gcc/arm-none-eabi/13.1.0/../../../../arm-none-eabi/lib\libstdc++.a(si_class_type_info.o)
                0x0200f854                __cxxabiv1::__si_class_type_info::~__si_class_type_info()
 .text._ZNK10__cxxabiv120__si_class_type_info12__do_dyncastEiNS_17__class_type_info10__sub_kindEPKS1_PKvS4_S6_RNS1_16__dyncast_resultE
                0x0200f884      0x140 C:/devkitPro/devkitARM/bin/../lib/gcc/arm-none-eabi/13.1.0/../../../../arm-none-eabi/lib\libstdc++.a(si_class_type_info.o)
                0x0200f884                __cxxabiv1::__si_class_type_info::__do_dyncast(int, __cxxabiv1::__class_type_info::__sub_kind, __cxxabiv1::__class_type_info const*, void const*, __cxxabiv1::__class_type_info const*, void const*, __cxxabiv1::__class_type_info::__dyncast_result&) const
 .text._ZNK10__cxxabiv120__si_class_type_info20__do_find_public_srcEiPKvPKNS_17__class_type_infoES2_
                0x0200f9c4       0x8c C:/devkitPro/devkitARM/bin/../lib/gcc/arm-none-eabi/13.1.0/../../../../arm-none-eabi/lib\libstdc++.a(si_class_type_info.o)
                0x0200f9c4                __cxxabiv1::__si_class_type_info::__do_find_public_src(int, void const*, __cxxabiv1::__class_type_info const*, void const*) const
 .text._ZNK10__cxxabiv120__si_class_type_info11__do_upcastEPKNS_17__class_type_infoEPKvRNS1_15__upcast_resultE
                0x0200fa50       0x4c C:/devkitPro/devkitARM/bin/../lib/gcc/arm-none-eabi/13.1.0/../../../../arm-none-eabi/lib\libstdc++.a(si_class_type_info.o)
                0x0200fa50                __cxxabiv1::__si_class_type_info::__do_upcast(__cxxabiv1::__class_type_info const*, void const*, __cxxabiv1::__class_type_info::__upcast_result&) const
 .text._ZNSt9type_infoD2Ev
                0x0200fa9c        0x4 C:/devkitPro/devkitARM/bin/../lib/gcc/arm-none-eabi/13.1.0/../../../../arm-none-eabi/lib\libstdc++.a(tinfo.o)
                0x0200fa9c                std::type_info::~type_info()
                0x0200fa9c                std::type_info::~type_info()
 .text._ZNKSt9type_info14__is_pointer_pEv
                0x0200faa0        0x8 C:/devkitPro/devkitARM/bin/../lib/gcc/arm-none-eabi/13.1.0/../../../../arm-none-eabi/lib\libstdc++.a(tinfo.o)
                0x0200faa0                std::type_info::__is_pointer_p() const
                0x0200faa0                std::type_info::__is_function_p() const
 .text._ZNKSt11logic_error4whatEv
                0x0200faa8        0x8 C:/devkitPro/devkitARM/bin/../lib/gcc/arm-none-eabi/13.1.0/../../../../arm-none-eabi/lib\libstdc++.a(stdexcept.o)
                0x0200faa8                std::logic_error::what() const
                0x0200faa8                std::runtime_error::what() const
 .text._ZNSt11logic_errorD2Ev
                0x0200fab0       0x8c C:/devkitPro/devkitARM/bin/../lib/gcc/arm-none-eabi/13.1.0/../../../../arm-none-eabi/lib\libstdc++.a(stdexcept.o)
                0x0200fab0                std::logic_error::~logic_error()
                0x0200fab0                std::logic_error::~logic_error()
 .text._ZNSt12length_errorD2Ev
                0x0200fb3c       0x8c C:/devkitPro/devkitARM/bin/../lib/gcc/arm-none-eabi/13.1.0/../../../../arm-none-eabi/lib\libstdc++.a(stdexcept.o)
                0x0200fb3c                std::length_error::~length_error()
                0x0200fb3c                std::length_error::~length_error()
 .text._ZNSt11logic_errorD0Ev
                0x0200fbc8       0x94 C:/devkitPro/devkitARM/bin/../lib/gcc/arm-none-eabi/13.1.0/../../../../arm-none-eabi/lib\libstdc++.a(stdexcept.o)
                0x0200fbc8                std::logic_error::~logic_error()
 .text._ZNSt12length_errorD0Ev
                0x0200fc5c       0x94 C:/devkitPro/devkitARM/bin/../lib/gcc/arm-none-eabi/13.1.0/../../../../arm-none-eabi/lib\libstdc++.a(stdexcept.o)
                0x0200fc5c                std::length_error::~length_error()
 .text._ZNSt11logic_errorC2EPKc
                0x0200fcf0       0xc8 C:/devkitPro/devkitARM/bin/../lib/gcc/arm-none-eabi/13.1.0/../../../../arm-none-eabi/lib\libstdc++.a(cow-stdexcept.o)
                0x0200fcf0                std::logic_error::logic_error(char const*)
                0x0200fcf0                std::logic_error::logic_error(char const*)
 .text._ZNSt12length_errorC2EPKc
                0x0200fdb8       0x24 C:/devkitPro/devkitARM/bin/../lib/gcc/arm-none-eabi/13.1.0/../../../../arm-none-eabi/lib\libstdc++.a(cow-stdexcept.o)
                0x0200fdb8                std::length_error::length_error(char const*)
                0x0200fdb8                std::length_error::length_error(char const*)
 .text._ZNSs4_Rep9_S_createEjjRKSaIcE
                0x0200fddc       0x88 C:/devkitPro/devkitARM/bin/../lib/gcc/arm-none-eabi/13.1.0/../../../../arm-none-eabi/lib\libstdc++.a(cow-string-inst.o)
                0x0200fddc                std::string::_Rep::_S_create(unsigned int, unsigned int, std::allocator<char> const&)
 .text._ZNSs4_Rep10_M_destroyERKSaIcE
                0x0200fe64       0x10 C:/devkitPro/devkitARM/bin/../lib/gcc/arm-none-eabi/13.1.0/../../../../arm-none-eabi/lib\libstdc++.a(cow-string-inst.o)
                0x0200fe64                std::string::_Rep::_M_destroy(std::allocator<char> const&)
 .text._ZN9__gnu_cxx18__exchange_and_addEPVii
                0x0200fe74       0xec C:/devkitPro/devkitARM/bin/../lib/gcc/arm-none-eabi/13.1.0/../../../../arm-none-eabi/lib\libstdc++.a(atomicity.o)
                0x0200fe74                __gnu_cxx::__exchange_and_add(int volatile*, int)
 .text._ZNK10__cxxabiv117__class_type_info11__do_upcastEPKS0_PPv
                0x0200ff60       0x64 C:/devkitPro/devkitARM/bin/../lib/gcc/arm-none-eabi/13.1.0/../../../../arm-none-eabi/lib\libstdc++.a(class_type_info.o)
                0x0200ff60                __cxxabiv1::__class_type_info::__do_upcast(__cxxabiv1::__class_type_info const*, void**) const
 .text._ZNK10__cxxabiv117__class_type_info20__do_find_public_srcEiPKvPKS0_S2_
                0x0200ffc4       0x14 C:/devkitPro/devkitARM/bin/../lib/gcc/arm-none-eabi/13.1.0/../../../../arm-none-eabi/lib\libstdc++.a(class_type_info.o)
                0x0200ffc4                __cxxabiv1::__class_type_info::__do_find_public_src(int, void const*, __cxxabiv1::__class_type_info const*, void const*) const
 .text._ZN10__cxxabiv117__class_type_infoD2Ev
                0x0200ffd8       0x24 C:/devkitPro/devkitARM/bin/../lib/gcc/arm-none-eabi/13.1.0/../../../../arm-none-eabi/lib\libstdc++.a(class_type_info.o)
                0x0200ffd8                __cxxabiv1::__class_type_info::~__class_type_info()
                0x0200ffd8                __cxxabiv1::__class_type_info::~__class_type_info()
 .text._ZN10__cxxabiv117__class_type_infoD0Ev
                0x0200fffc       0x30 C:/devkitPro/devkitARM/bin/../lib/gcc/arm-none-eabi/13.1.0/../../../../arm-none-eabi/lib\libstdc++.a(class_type_info.o)
                0x0200fffc                __cxxabiv1::__class_type_info::~__class_type_info()
 .text._ZNK10__cxxabiv117__class_type_info11__do_upcastEPKS0_PKvRNS0_15__upcast_resultE
                0x0201002c       0x6c C:/devkitPro/devkitARM/bin/../lib/gcc/arm-none-eabi/13.1.0/../../../../arm-none-eabi/lib\libstdc++.a(class_type_info.o)
                0x0201002c                __cxxabiv1::__class_type_info::__do_upcast(__cxxabiv1::__class_type_info const*, void const*, __cxxabiv1::__class_type_info::__upcast_result&) const
 .text._ZNK10__cxxabiv117__class_type_info10__do_catchEPKSt9type_infoPPvj
                0x02010098       0x84 C:/devkitPro/devkitARM/bin/../lib/gcc/arm-none-eabi/13.1.0/../../../../arm-none-eabi/lib\libstdc++.a(class_type_info.o)
                0x02010098                __cxxabiv1::__class_type_info::__do_catch(std::type_info const*, void**, unsigned int) const
 .text._ZNK10__cxxabiv117__class_type_info12__do_dyncastEiNS0_10__sub_kindEPKS0_PKvS3_S5_RNS0_16__dyncast_resultE
                0x0201011c       0xdc C:/devkitPro/devkitARM/bin/../lib/gcc/arm-none-eabi/13.1.0/../../../../arm-none-eabi/lib\libstdc++.a(class_type_info.o)
                0x0201011c                __cxxabiv1::__class_type_info::__do_dyncast(int, __cxxabiv1::__class_type_info::__sub_kind, __cxxabiv1::__class_type_info const*, void const*, __cxxabiv1::__class_type_info const*, void const*, __cxxabiv1::__class_type_info::__dyncast_result&) const
 .text._ZN10__cxxabiv1L24__is_gxx_exception_classEPc
                0x020101f8       0x70 C:/devkitPro/devkitARM/bin/../lib/gcc/arm-none-eabi/13.1.0/../../../../arm-none-eabi/lib\libstdc++.a(eh_call.o)
 .text.__cxa_call_terminate
                0x02010268       0x2c C:/devkitPro/devkitARM/bin/../lib/gcc/arm-none-eabi/13.1.0/../../../../arm-none-eabi/lib\libstdc++.a(eh_call.o)
                0x02010268                __cxa_call_terminate
 .text.unlikely.__cxa_call_unexpected
                0x02010294      0x148 C:/devkitPro/devkitARM/bin/../lib/gcc/arm-none-eabi/13.1.0/../../../../arm-none-eabi/lib\libstdc++.a(eh_call.o)
                0x02010294                __cxa_call_unexpected
 .text._ZNK9__gnu_cxx29__concurrence_broadcast_error4whatEv
                0x020103dc        0xc C:/devkitPro/devkitARM/bin/../lib/gcc/arm-none-eabi/13.1.0/../../../../arm-none-eabi/lib\libstdc++.a(guard.o)
                0x020103dc                __gnu_cxx::__concurrence_broadcast_error::what() const
 .text._ZNK9__gnu_cxx24__concurrence_wait_error4whatEv
                0x020103e8        0xc C:/devkitPro/devkitARM/bin/../lib/gcc/arm-none-eabi/13.1.0/../../../../arm-none-eabi/lib\libstdc++.a(guard.o)
                0x020103e8                __gnu_cxx::__concurrence_wait_error::what() const
 .text._ZN12_GLOBAL__N_1L4initEv
                0x020103f4       0x3c C:/devkitPro/devkitARM/bin/../lib/gcc/arm-none-eabi/13.1.0/../../../../arm-none-eabi/lib\libstdc++.a(guard.o)
 .text._ZN12_GLOBAL__N_1L16init_static_condEv
                0x02010430       0x24 C:/devkitPro/devkitARM/bin/../lib/gcc/arm-none-eabi/13.1.0/../../../../arm-none-eabi/lib\libstdc++.a(guard.o)
 .text._ZN9__gnu_cxx24__concurrence_wait_errorD2Ev
                0x02010454       0x24 C:/devkitPro/devkitARM/bin/../lib/gcc/arm-none-eabi/13.1.0/../../../../arm-none-eabi/lib\libstdc++.a(guard.o)
                0x02010454                __gnu_cxx::__concurrence_wait_error::~__concurrence_wait_error()
                0x02010454                __gnu_cxx::__concurrence_wait_error::~__concurrence_wait_error()
 .text._ZN9__gnu_cxx24__concurrence_wait_errorD0Ev
                0x02010478       0x30 C:/devkitPro/devkitARM/bin/../lib/gcc/arm-none-eabi/13.1.0/../../../../arm-none-eabi/lib\libstdc++.a(guard.o)
                0x02010478                __gnu_cxx::__concurrence_wait_error::~__concurrence_wait_error()
 .text._ZN9__gnu_cxx29__concurrence_broadcast_errorD2Ev
                0x020104a8       0x24 C:/devkitPro/devkitARM/bin/../lib/gcc/arm-none-eabi/13.1.0/../../../../arm-none-eabi/lib\libstdc++.a(guard.o)
                0x020104a8                __gnu_cxx::__concurrence_broadcast_error::~__concurrence_broadcast_error()
                0x020104a8                __gnu_cxx::__concurrence_broadcast_error::~__concurrence_broadcast_error()
 .text._ZN9__gnu_cxx29__concurrence_broadcast_errorD0Ev
                0x020104cc       0x30 C:/devkitPro/devkitARM/bin/../lib/gcc/arm-none-eabi/13.1.0/../../../../arm-none-eabi/lib\libstdc++.a(guard.o)
                0x020104cc                __gnu_cxx::__concurrence_broadcast_error::~__concurrence_broadcast_error()
 .text.unlikely._ZN9__gnu_cxx35__throw_concurrence_broadcast_errorEv
                0x020104fc       0x2c C:/devkitPro/devkitARM/bin/../lib/gcc/arm-none-eabi/13.1.0/../../../../arm-none-eabi/lib\libstdc++.a(guard.o)
                0x020104fc                __gnu_cxx::__throw_concurrence_broadcast_error()
 .text.__cxa_guard_acquire
                0x02010528      0x1ac C:/devkitPro/devkitARM/bin/../lib/gcc/arm-none-eabi/13.1.0/../../../../arm-none-eabi/lib\libstdc++.a(guard.o)
                0x02010528                __cxa_guard_acquire
 .text.__cxa_guard_release
                0x020106d4       0xbc C:/devkitPro/devkitARM/bin/../lib/gcc/arm-none-eabi/13.1.0/../../../../arm-none-eabi/lib\libstdc++.a(guard.o)
                0x020106d4                __cxa_guard_release
 .text._ZN9__gnu_cxx20recursive_init_errorD2Ev
                0x02010790       0x24 C:/devkitPro/devkitARM/bin/../lib/gcc/arm-none-eabi/13.1.0/../../../../arm-none-eabi/lib\libstdc++.a(guard_error.o)
                0x02010790                __gnu_cxx::recursive_init_error::~recursive_init_error()
                0x02010790                __gnu_cxx::recursive_init_error::~recursive_init_error()
 .text._ZN9__gnu_cxx20recursive_init_errorD0Ev
                0x020107b4       0x30 C:/devkitPro/devkitARM/bin/../lib/gcc/arm-none-eabi/13.1.0/../../../../arm-none-eabi/lib\libstdc++.a(guard_error.o)
                0x020107b4                __gnu_cxx::recursive_init_error::~recursive_init_error()
 .text._ZN9__gnu_cxx20recursive_init_errorC2Ev
                0x020107e4       0x10 C:/devkitPro/devkitARM/bin/../lib/gcc/arm-none-eabi/13.1.0/../../../../arm-none-eabi/lib\libstdc++.a(guard_error.o)
                0x020107e4                __gnu_cxx::recursive_init_error::recursive_init_error()
                0x020107e4                __gnu_cxx::recursive_init_error::recursive_init_error()
 .text.cosf     0x020107f4       0xc4 C:/devkitPro/devkitARM/bin/../lib/gcc/arm-none-eabi/13.1.0/../../../../arm-none-eabi/lib\libm.a(libm_a-sf_cos.o)
                0x020107f4                cosf
 .text.sinf     0x020108b8       0xcc C:/devkitPro/devkitARM/bin/../lib/gcc/arm-none-eabi/13.1.0/../../../../arm-none-eabi/lib\libm.a(libm_a-sf_sin.o)
                0x020108b8                sinf
 .text.sqrt     0x02010984       0x98 C:/devkitPro/devkitARM/bin/../lib/gcc/arm-none-eabi/13.1.0/../../../../arm-none-eabi/lib\libm.a(libm_a-w_sqrt.o)
                0x02010984                sqrt
 .text.sin      0x02010a1c      0x104 C:/devkitPro/devkitARM/bin/../lib/gcc/arm-none-eabi/13.1.0/../../../../arm-none-eabi/lib\libm.a(libm_a-s_sin.o)
                0x02010a1c                sin
 .text.__kernel_sinf
                0x02010b20      0x148 C:/devkitPro/devkitARM/bin/../lib/gcc/arm-none-eabi/13.1.0/../../../../arm-none-eabi/lib\libm.a(libm_a-kf_sin.o)
                0x02010b20                __kernel_sinf
 .text.__ieee754_sqrt
                0x02010c68      0x2a4 C:/devkitPro/devkitARM/bin/../lib/gcc/arm-none-eabi/13.1.0/../../../../arm-none-eabi/lib\libm.a(libm_a-e_sqrt.o)
                0x02010c68                __ieee754_sqrt
 .text.__kernel_cosf
                0x02010f0c      0x22c C:/devkitPro/devkitARM/bin/../lib/gcc/arm-none-eabi/13.1.0/../../../../arm-none-eabi/lib\libm.a(libm_a-kf_cos.o)
                0x02010f0c                __kernel_cosf
 .text.__ieee754_rem_pio2f
                0x02011138      0x434 C:/devkitPro/devkitARM/bin/../lib/gcc/arm-none-eabi/13.1.0/../../../../arm-none-eabi/lib\libm.a(libm_a-ef_rem_pio2.o)
                0x02011138                __ieee754_rem_pio2f
 .text.atan2f   0x0201156c       0x10 C:/devkitPro/devkitARM/bin/../lib/gcc/arm-none-eabi/13.1.0/../../../../arm-none-eabi/lib\libm.a(libm_a-wf_atan2.o)
                0x0201156c                atan2f
 *fill*         0x0201157c        0x4 ff
 .text.__kernel_cos
                0x02011580      0x360 C:/devkitPro/devkitARM/bin/../lib/gcc/arm-none-eabi/13.1.0/../../../../arm-none-eabi/lib\libm.a(libm_a-k_cos.o)
                0x02011580                __kernel_cos
 .text.__kernel_sin
                0x020118e0      0x214 C:/devkitPro/devkitARM/bin/../lib/gcc/arm-none-eabi/13.1.0/../../../../arm-none-eabi/lib\libm.a(libm_a-k_sin.o)
                0x020118e0                __kernel_sin
 .text.fabsf    0x02011af4        0x8 C:/devkitPro/devkitARM/bin/../lib/gcc/arm-none-eabi/13.1.0/../../../../arm-none-eabi/lib\libm.a(libm_a-sf_fabs.o)
                0x02011af4                fabsf
 *fill*         0x02011afc        0x4 ff
 .text.__ieee754_rem_pio2
                0x02011b00      0x61c C:/devkitPro/devkitARM/bin/../lib/gcc/arm-none-eabi/13.1.0/../../../../arm-none-eabi/lib\libm.a(libm_a-e_rem_pio2.o)
                0x02011b00                __ieee754_rem_pio2
 .text.fabs     0x0201211c        0xc C:/devkitPro/devkitARM/bin/../lib/gcc/arm-none-eabi/13.1.0/../../../../arm-none-eabi/lib\libm.a(libm_a-s_fabs.o)
                0x0201211c                fabs
 .text.__ieee754_atan2f
                0x02012128      0x190 C:/devkitPro/devkitARM/bin/../lib/gcc/arm-none-eabi/13.1.0/../../../../arm-none-eabi/lib\libm.a(libm_a-ef_atan2.o)
                0x02012128                __ieee754_atan2f
 .text.__kernel_rem_pio2f
                0x020122b8      0xa50 C:/devkitPro/devkitARM/bin/../lib/gcc/arm-none-eabi/13.1.0/../../../../arm-none-eabi/lib\libm.a(libm_a-kf_rem_pio2.o)
                0x020122b8                __kernel_rem_pio2f
 .text.floorf   0x02012d08       0xd4 C:/devkitPro/devkitARM/bin/../lib/gcc/arm-none-eabi/13.1.0/../../../../arm-none-eabi/lib\libm.a(libm_a-sf_floor.o)
                0x02012d08                floorf
 .text.__kernel_rem_pio2
                0x02012ddc      0xc00 C:/devkitPro/devkitARM/bin/../lib/gcc/arm-none-eabi/13.1.0/../../../../arm-none-eabi/lib\libm.a(libm_a-k_rem_pio2.o)
                0x02012ddc                __kernel_rem_pio2
 .text.atanf    0x020139dc      0x300 C:/devkitPro/devkitARM/bin/../lib/gcc/arm-none-eabi/13.1.0/../../../../arm-none-eabi/lib\libm.a(libm_a-sf_atan.o)
                0x020139dc                atanf
 *fill*         0x02013cdc        0x4 ff
 .text.scalbn   0x02013ce0      0x180 C:/devkitPro/devkitARM/bin/../lib/gcc/arm-none-eabi/13.1.0/../../../../arm-none-eabi/lib\libm.a(libm_a-s_scalbn.o)
                0x02013ce0                scalbn
 .text.scalbnf  0x02013e60      0x128 C:/devkitPro/devkitARM/bin/../lib/gcc/arm-none-eabi/13.1.0/../../../../arm-none-eabi/lib\libm.a(libm_a-sf_scalbn.o)
                0x02013e60                scalbnf
 .text.floor    0x02013f88      0x184 C:/devkitPro/devkitARM/bin/../lib/gcc/arm-none-eabi/13.1.0/../../../../arm-none-eabi/lib\libm.a(libm_a-s_floor.o)
                0x02013f88                floor
 .text.selfrel_offset31
                0x0201410c       0x18 C:/devkitPro/devkitARM/bin/../lib/gcc/arm-none-eabi/13.1.0\libgcc.a(unwind-arm.o)
 .text.search_EIT_table
                0x02014124       0x98 C:/devkitPro/devkitARM/bin/../lib/gcc/arm-none-eabi/13.1.0\libgcc.a(unwind-arm.o)
 .text.__gnu_unwind_get_pr_addr
                0x020141bc       0x40 C:/devkitPro/devkitARM/bin/../lib/gcc/arm-none-eabi/13.1.0\libgcc.a(unwind-arm.o)
 .text.get_eit_entry
                0x020141fc      0x118 C:/devkitPro/devkitARM/bin/../lib/gcc/arm-none-eabi/13.1.0\libgcc.a(unwind-arm.o)
 .text.restore_non_core_regs
                0x02014314       0x90 C:/devkitPro/devkitARM/bin/../lib/gcc/arm-none-eabi/13.1.0\libgcc.a(unwind-arm.o)
 .text._Unwind_decode_typeinfo_ptr.constprop.0
                0x020143a4       0x14 C:/devkitPro/devkitARM/bin/../lib/gcc/arm-none-eabi/13.1.0\libgcc.a(unwind-arm.o)
 .text._Unwind_DebugHook
                0x020143b8        0x4 C:/devkitPro/devkitARM/bin/../lib/gcc/arm-none-eabi/13.1.0\libgcc.a(unwind-arm.o)
 .text.unwind_phase2
                0x020143bc       0x68 C:/devkitPro/devkitARM/bin/../lib/gcc/arm-none-eabi/13.1.0\libgcc.a(unwind-arm.o)
 .text.unwind_phase2_forced
                0x02014424      0x154 C:/devkitPro/devkitARM/bin/../lib/gcc/arm-none-eabi/13.1.0\libgcc.a(unwind-arm.o)
 .text.__gnu_Unwind_RaiseException
                0x02014578       0xac C:/devkitPro/devkitARM/bin/../lib/gcc/arm-none-eabi/13.1.0\libgcc.a(unwind-arm.o)
                0x02014578                __gnu_Unwind_RaiseException
 .text.__gnu_Unwind_ForcedUnwind
                0x02014624       0x28 C:/devkitPro/devkitARM/bin/../lib/gcc/arm-none-eabi/13.1.0\libgcc.a(unwind-arm.o)
                0x02014624                __gnu_Unwind_ForcedUnwind
 .text.__gnu_Unwind_Resume
                0x0201464c       0x78 C:/devkitPro/devkitARM/bin/../lib/gcc/arm-none-eabi/13.1.0\libgcc.a(unwind-arm.o)
                0x0201464c                __gnu_Unwind_Resume
 .text.__gnu_Unwind_Resume_or_Rethrow
                0x020146c4       0x1c C:/devkitPro/devkitARM/bin/../lib/gcc/arm-none-eabi/13.1.0\libgcc.a(unwind-arm.o)
                0x020146c4                __gnu_Unwind_Resume_or_Rethrow
 .text._Unwind_Complete
                0x020146e0        0x4 C:/devkitPro/devkitARM/bin/../lib/gcc/arm-none-eabi/13.1.0\libgcc.a(unwind-arm.o)
                0x020146e0                _Unwind_Complete
 .text._Unwind_DeleteException
                0x020146e4       0x18 C:/devkitPro/devkitARM/bin/../lib/gcc/arm-none-eabi/13.1.0\libgcc.a(unwind-arm.o)
                0x020146e4                _Unwind_DeleteException
 .text._Unwind_VRS_Get
                0x020146fc       0x6c C:/devkitPro/devkitARM/bin/../lib/gcc/arm-none-eabi/13.1.0\libgcc.a(unwind-arm.o)
                0x020146fc                _Unwind_VRS_Get
 .text._Unwind_GetGR
                0x02014768       0x30 C:/devkitPro/devkitARM/bin/../lib/gcc/arm-none-eabi/13.1.0\libgcc.a(unwind-arm.o)
 .text._Unwind_VRS_Set
                0x02014798       0x6c C:/devkitPro/devkitARM/bin/../lib/gcc/arm-none-eabi/13.1.0\libgcc.a(unwind-arm.o)
                0x02014798                _Unwind_VRS_Set
 .text._Unwind_SetGR
                0x02014804       0x30 C:/devkitPro/devkitARM/bin/../lib/gcc/arm-none-eabi/13.1.0\libgcc.a(unwind-arm.o)
 .text.__gnu_Unwind_Backtrace
                0x02014834       0xcc C:/devkitPro/devkitARM/bin/../lib/gcc/arm-none-eabi/13.1.0\libgcc.a(unwind-arm.o)
                0x02014834                __gnu_Unwind_Backtrace
 .text.__gnu_unwind_pr_common